[33mThe CJS build of Vite's Node API is deprecated. See https://vite.dev/guide/troubleshooting.html#vite-cjs-node-api-deprecated for more details.[39m
 Vitest  "deps.inline" is deprecated. If you rely on vite-node directly, use "server.deps.inline" instead. Otherwise, consider using "deps.optimizer.web.include"

 RUN  v3.2.4 /Users/aphidwang/Documents/SelfLearning/SelfLearningPlatform

stdout | apps/server/tests/health.test.ts
✅ 已載入測試認證 token

stdout | tests/test-image-processor.test.ts
✅ 已載入測試認證 token

stdout | tests/test-topic-store.test.ts
✅ 已載入測試認證 token

stdout | tests/test-basic-topic-store.test.ts
✅ 已載入測試認證 token

stdout | tests/test-task-action-transactions.test.ts
✅ 已載入測試認證 token

stdout | tests/test-retro-store.test.ts
✅ 已載入測試認證 token

stdout | tests/test-topic-template-store.test.ts
✅ 已載入測試認證 token

stdout | tests/test-topic-store-rpc.test.ts
✅ 已載入測試認證 token

stdout | tests/test-topic-store-performance.test.ts
✅ 已載入測試認證 token

stdout | tests/test-retro-store.test.ts
📅 時區配置已載入: Asia/Taipei (UTC+8)

stdout | tests/test-retro-store.test.ts
🔧 [TokenManager] 初始化...

stdout | tests/test-basic-topic-store.test.ts
🔧 [TokenManager] 初始化...

stdout | tests/test-topic-store-performance.test.ts
🔧 [TokenManager] 初始化...

stdout | tests/test-topic-store.test.ts
🔧 [TokenManager] 初始化...

stdout | tests/test-retro-store.test.ts
🔄 [TokenManager] Auth 狀態變化: INITIAL_SESSION { hasSession: [33mfalse[39m, hasToken: [33mfalse[39m, expiresAt: [90mundefined[39m }

stdout | tests/test-topic-store-rpc.test.ts
🔧 [TokenManager] 初始化...

stdout | tests/test-basic-topic-store.test.ts
🔄 [TokenManager] Auth 狀態變化: INITIAL_SESSION { hasSession: [33mfalse[39m, hasToken: [33mfalse[39m, expiresAt: [90mundefined[39m }

stdout | tests/test-topic-store-performance.test.ts
🔄 [TokenManager] Auth 狀態變化: INITIAL_SESSION { hasSession: [33mfalse[39m, hasToken: [33mfalse[39m, expiresAt: [90mundefined[39m }

stdout | tests/test-task-action-transactions.test.ts
🔧 [TokenManager] 初始化...

stdout | tests/test-basic-topic-store.test.ts
📅 時區配置已載入: Asia/Taipei (UTC+8)

stdout | tests/test-topic-store-rpc.test.ts
🔄 [TokenManager] Auth 狀態變化: INITIAL_SESSION { hasSession: [33mfalse[39m, hasToken: [33mfalse[39m, expiresAt: [90mundefined[39m }

stdout | tests/test-topic-store.test.ts
🔄 [TokenManager] Auth 狀態變化: INITIAL_SESSION { hasSession: [33mfalse[39m, hasToken: [33mfalse[39m, expiresAt: [90mundefined[39m }

stdout | tests/test-topic-store-performance.test.ts
📅 時區配置已載入: Asia/Taipei (UTC+8)

stdout | tests/test-task-action-transactions.test.ts
🔄 [TokenManager] Auth 狀態變化: INITIAL_SESSION { hasSession: [33mfalse[39m, hasToken: [33mfalse[39m, expiresAt: [90mundefined[39m }

stdout | tests/test-topic-store-rpc.test.ts
📅 時區配置已載入: Asia/Taipei (UTC+8)

stdout | tests/test-topic-store.test.ts
📅 時區配置已載入: Asia/Taipei (UTC+8)

stdout | tests/test-task-action-transactions.test.ts
📅 時區配置已載入: Asia/Taipei (UTC+8)

stdout | tests/test-retro-store.test.ts > Retro Store - Basic Tests > 應該有正確的初始狀態
🔄 [TokenManager] Auth 狀態變化: SIGNED_OUT { hasSession: [33mfalse[39m, hasToken: [33mfalse[39m, expiresAt: [90mundefined[39m }
🚪 [TokenManager] 用戶已登出
📢 [TokenManager] 通知監聽器: TOKEN_EXPIRED { listenerCount: [33m0[39m, hasToken: [33mfalse[39m, hasError: [33mfalse[39m }
🧹 [TokenManager] 本地存儲已清除
用戶已登出，可能是 token 過期

stderr | tests/test-retro-store.test.ts > Retro Store - Basic Tests > 應該有正確的初始狀態
⚠️ [TokenManager] 處理 token 過期

stdout | tests/test-basic-topic-store.test.ts > Topic Store - Basic Tests
🔄 [TokenManager] Auth 狀態變化: SIGNED_OUT { hasSession: [33mfalse[39m, hasToken: [33mfalse[39m, expiresAt: [90mundefined[39m }
🚪 [TokenManager] 用戶已登出
📢 [TokenManager] 通知監聽器: TOKEN_EXPIRED { listenerCount: [33m0[39m, hasToken: [33mfalse[39m, hasError: [33mfalse[39m }
🧹 [TokenManager] 本地存儲已清除
用戶已登出，可能是 token 過期

stderr | tests/test-basic-topic-store.test.ts > Topic Store - Basic Tests
⚠️ [TokenManager] 處理 token 過期

stdout | tests/test-task-action-transactions.test.ts > Task Action Transactions
🔄 [TokenManager] Auth 狀態變化: SIGNED_OUT { hasSession: [33mfalse[39m, hasToken: [33mfalse[39m, expiresAt: [90mundefined[39m }
🚪 [TokenManager] 用戶已登出
📢 [TokenManager] 通知監聽器: TOKEN_EXPIRED { listenerCount: [33m0[39m, hasToken: [33mfalse[39m, hasError: [33mfalse[39m }
🧹 [TokenManager] 本地存儲已清除
用戶已登出，可能是 token 過期

stderr | tests/test-task-action-transactions.test.ts > Task Action Transactions
⚠️ [TokenManager] 處理 token 過期

stdout | tests/test-topic-store.test.ts > TopicStore
🔄 [TokenManager] Auth 狀態變化: SIGNED_OUT { hasSession: [33mfalse[39m, hasToken: [33mfalse[39m, expiresAt: [90mundefined[39m }
🚪 [TokenManager] 用戶已登出
📢 [TokenManager] 通知監聽器: TOKEN_EXPIRED { listenerCount: [33m0[39m, hasToken: [33mfalse[39m, hasError: [33mfalse[39m }
🧹 [TokenManager] 本地存儲已清除
用戶已登出，可能是 token 過期

stderr | tests/test-topic-store.test.ts > TopicStore
⚠️ [TokenManager] 處理 token 過期

stdout | tests/test-topic-store-rpc.test.ts > TopicStore RPC helpers
🔄 [TokenManager] Auth 狀態變化: SIGNED_OUT { hasSession: [33mfalse[39m, hasToken: [33mfalse[39m, expiresAt: [90mundefined[39m }
🚪 [TokenManager] 用戶已登出
📢 [TokenManager] 通知監聽器: TOKEN_EXPIRED { listenerCount: [33m0[39m, hasToken: [33mfalse[39m, hasError: [33mfalse[39m }
🧹 [TokenManager] 本地存儲已清除
用戶已登出，可能是 token 過期

stderr | tests/test-topic-store-rpc.test.ts > TopicStore RPC helpers
⚠️ [TokenManager] 處理 token 過期

stderr | tests/test-topic-store-performance.test.ts > TopicStore - 效能優化測試
⚠️ [TokenManager] 處理 token 過期

stdout | apps/server/tests/health.test.ts
Supabase URL: Found
Service Key: Missing

stdout | tests/test-retro-store.test.ts > Retro Store - Basic Tests > 應該有正確的初始狀態
🔄 [TokenManager] Auth 狀態變化: SIGNED_IN { hasSession: [33mtrue[39m, hasToken: [33mtrue[39m, expiresAt: [33m1752548692[39m }

stdout | tests/test-topic-store.test.ts > TopicStore
🔄 [TokenManager] Auth 狀態變化: SIGNED_IN { hasSession: [33mtrue[39m, hasToken: [33mtrue[39m, expiresAt: [33m1752548692[39m }

stdout | tests/test-basic-topic-store.test.ts > Topic Store - Basic Tests
🔄 [TokenManager] Auth 狀態變化: SIGNED_IN { hasSession: [33mtrue[39m, hasToken: [33mtrue[39m, expiresAt: [33m1752548692[39m }

stdout | tests/test-task-action-transactions.test.ts > Task Action Transactions
🔄 [TokenManager] Auth 狀態變化: SIGNED_IN { hasSession: [33mtrue[39m, hasToken: [33mtrue[39m, expiresAt: [33m1752548692[39m }

stdout | tests/test-topic-store-rpc.test.ts > TopicStore RPC helpers
🔄 [TokenManager] Auth 狀態變化: SIGNED_IN { hasSession: [33mtrue[39m, hasToken: [33mtrue[39m, expiresAt: [33m1752548692[39m }

stdout | tests/test-retro-store.test.ts > Retro Store - Basic Tests > 應該有正確的初始狀態
✅ 測試認證設置成功: admin@example.com

stdout | tests/test-retro-store.test.ts > Retro Store - Basic Tests > 應該有正確的初始狀態
🔄 測試環境已重置

stdout | tests/test-retro-store.test.ts > Retro Store - Basic Tests > 應該定義所有核心方法
🔄 測試環境已重置

stdout | tests/test-retro-store.test.ts > Retro Store - Basic Tests > 應該定義所有 session 相關的方法
🔄 測試環境已重置

stdout | tests/test-retro-store.test.ts > Retro Store - Basic Tests > 應該能正確設置和重置狀態
🔄 測試環境已重置

stdout | tests/test-retro-store.test.ts > Retro Store - Basic Tests > drawQuestion 應該回傳有效問題
🔄 測試環境已重置

stdout | tests/test-retro-store.test.ts > Retro Store - Basic Tests > getWeekId 應該正確格式化日期
🔄 測試環境已重置

stdout | tests/test-basic-topic-store.test.ts > Topic Store - Basic Tests
✅ 測試認證設置成功: admin@example.com

stdout | tests/test-basic-topic-store.test.ts > Topic Store - Basic Tests
🔐 基本測試認證已初始化: admin@example.com

stdout | tests/test-basic-topic-store.test.ts > Topic Store - Basic Tests > 應該有正確的初始狀態
🔄 測試環境已重置

stdout | tests/test-basic-topic-store.test.ts > Topic Store - Basic Tests > 應該有所有必要的方法
🔄 測試環境已重置

stdout | tests/test-basic-topic-store.test.ts > Topic Store - Basic Tests > 應該有版本控制相關的方法
🔄 測試環境已重置

stdout | tests/test-basic-topic-store.test.ts > Topic Store - Basic Tests > 應該有快速查詢方法
🔄 測試環境已重置

stdout | tests/test-basic-topic-store.test.ts > Topic Store - Basic Tests > 應該有任務動作相關的方法
🔄 測試環境已重置

stdout | tests/test-basic-topic-store.test.ts > Topic Store - Basic Tests > 應該能正確設置和重置狀態
🔄 測試環境已重置

 ✓ tests/test-basic-topic-store.test.ts (6 tests) 661ms
 ❯ tests/test-retro-store.test.ts (6 tests | 1 failed) 665ms
   ✓ Retro Store - Basic Tests > 應該有正確的初始狀態  648ms
   ✓ Retro Store - Basic Tests > 應該定義所有核心方法 0ms
   ✓ Retro Store - Basic Tests > 應該定義所有 session 相關的方法 0ms
   ✓ Retro Store - Basic Tests > 應該能正確設置和重置狀態 0ms
   ✓ Retro Store - Basic Tests > drawQuestion 應該回傳有效問題 0ms
   × Retro Store - Basic Tests > getWeekId 應該正確格式化日期 15ms
     → expected 'NaNWNaN' to match /\d{4}-W\d{2}/
stdout | tests/test-topic-store.test.ts > TopicStore
✅ 測試認證設置成功: admin@example.com

stdout | tests/test-topic-store.test.ts > TopicStore
🔐 測試認證已初始化

stdout | tests/test-topic-store.test.ts > TopicStore > 基本 CRUD 操作 > 應該能創建新主題
🔄 測試環境已重置

stdout | tests/test-topic-template-store.test.ts > TopicTemplateStore > 基本 CRUD 操作 > 應該能創建新模板
✅ 測試認證設置成功: admin@example.com

stdout | tests/test-topic-template-store.test.ts > TopicTemplateStore > 基本 CRUD 操作 > 應該能創建新模板
🔄 測試環境已重置

stdout | tests/test-topic-store-rpc.test.ts > TopicStore RPC helpers
✅ 測試認證設置成功: admin@example.com

stdout | tests/test-topic-store-rpc.test.ts > TopicStore RPC helpers > getUserTaskActivitiesForDate should return activity data
🔄 測試環境已重置

stdout | tests/test-task-action-transactions.test.ts > Task Action Transactions
✅ 測試認證設置成功: admin@example.com

stdout | tests/test-task-action-transactions.test.ts > Task Action Transactions
🔐 任務動作測試認證已初始化: admin@example.com

stdout | tests/test-task-action-transactions.test.ts > Task Action Transactions > 應該能成功執行打卡操作
🔄 測試環境已重置

stdout | tests/test-task-action-transactions.test.ts > Task Action Transactions > 應該能成功執行打卡操作
🏗️ 創建測試用的 topic、goal 和 task...

stdout | tests/test-task-action-transactions.test.ts > Task Action Transactions > 應該能成功執行打卡操作
✅ 創建測試 topic: d126e7c7-11c7-4dae-8d18-189d15d09ed1

stdout | tests/test-task-action-transactions.test.ts > Task Action Transactions > 應該能成功執行打卡操作
✅ 創建測試 goal: f23512a2-73ac-4a5a-8065-bd1ed3162092

stdout | tests/test-topic-template-store.test.ts > TopicTemplateStore > 基本 CRUD 操作 > 應該能更新模板
🔄 測試環境已重置

stdout | tests/test-topic-store.test.ts > TopicStore > 基本 CRUD 操作 > 應該能創建新主題
🎫 [Auth] 獲取 token...
💾 [Auth] localStorage token 存在: false

stdout | tests/test-topic-store.test.ts > TopicStore > 基本 CRUD 操作 > 應該能創建新主題
✅ [Auth] 從 session 獲取到 token

stdout | tests/test-topic-store.test.ts > TopicStore > 基本 CRUD 操作 > 應該能創建新主題
📍 getTopic - 主題 ed669220-ea19-4025-98c0-d9fffb913aa4 協作者: [33m0[39m

stdout | tests/test-task-action-transactions.test.ts > Task Action Transactions > 應該能成功執行打卡操作
✅ 創建測試 task: 52f9b1a2-2e88-49b9-8ae3-9f5169065c32

stdout | tests/test-topic-store.test.ts > TopicStore > 基本 CRUD 操作 > 應該能創建新主題
📍 deleteTopic - 成功歸檔主題 ed669220-ea19-4025-98c0-d9fffb913aa4

stdout | tests/test-topic-store.test.ts > TopicStore > 基本 CRUD 操作 > 應該能更新主題
🔄 測試環境已重置

stdout | tests/test-topic-store-rpc.test.ts > TopicStore RPC helpers > getUserTaskActivitiesForDate should return activity data
🔄 performTaskAction - 使用新版事務函數: {
  taskId: [32m'10399b5b-e9cc-4329-b76b-db5fb8a2af86'[39m,
  actionType: [32m'check_in'[39m,
  today: [32m'07/15/2025'[39m
}

stdout | tests/test-task-action-transactions.test.ts > Task Action Transactions > 應該能成功執行打卡操作
🔄 performTaskAction - 使用新版事務函數: {
  taskId: [32m'52f9b1a2-2e88-49b9-8ae3-9f5169065c32'[39m,
  actionType: [32m'check_in'[39m,
  today: [32m'07/15/2025'[39m
}

stdout | tests/test-topic-store-rpc.test.ts > TopicStore RPC helpers > getUserTaskActivitiesForDate should return activity data
✅ 任務動作事務成功: {
  task: {
    id: [32m'10399b5b-e9cc-4329-b76b-db5fb8a2af86'[39m,
    title: [32m'rpc task'[39m,
    status: [32m'todo'[39m,
    goal_id: [32m'25426aae-7382-432e-822f-fb6282d5fe15'[39m,
    version: [33m1[39m,
    owner_id: [32m'2e06295e-45fe-4f4c-b0f2-afe3f7c458fd'[39m,
    priority: [32m'medium'[39m,
    reply_at: [1mnull[22m,
    need_help: [33mfalse[39m,
    task_type: [32m'single'[39m,
    created_at: [32m'2025-07-15T02:13:50.307687+00:00'[39m,
    replied_by: [1mnull[22m,
    updated_at: [32m'2025-07-15T02:13:50.307687+00:00'[39m,
    description: [32m'task'[39m,
    order_index: [33m0[39m,
    task_config: { type: [32m'single'[39m },
    completed_at: [1mnull[22m,
    completed_by: [1mnull[22m,
    cycle_config: { auto_reset: [33mfalse[39m, cycle_type: [32m'none'[39m },
    help_message: [1mnull[22m,
    is_recurring: [33mfalse[39m,
    progress_data: {
      last_updated: [32m'2025-07-15T02:13:50.180Z'[39m,
      completion_percentage: [33m0[39m
    },
    reply_message: [1mnull[22m,
    special_flags: [],
    actual_minutes: [1mnull[22m,
    reference_info: { links: [], attachments: [] },
    collaborator_ids: [],
    recurring_config: {},
    estimated_minutes: [1mnull[22m
  },
  success: [33mtrue[39m,
  event_id: [32m'3340e46d-35c8-4c0a-ada7-5fd48a916c4e'[39m,
  action_id: [32m'778283b8-8fe9-4eb0-b8ac-0731023f93ff'[39m
}
📊 任務動作完成，事件已記錄: {
  actionId: [32m'778283b8-8fe9-4eb0-b8ac-0731023f93ff'[39m,
  eventId: [32m'3340e46d-35c8-4c0a-ada7-5fd48a916c4e'[39m,
  taskId: [32m'10399b5b-e9cc-4329-b76b-db5fb8a2af86'[39m
}

stdout | tests/test-task-action-transactions.test.ts > Task Action Transactions > 應該能成功執行打卡操作
✅ 任務動作事務成功: {
  task: {
    id: [32m'52f9b1a2-2e88-49b9-8ae3-9f5169065c32'[39m,
    title: [32m'Test Count Task'[39m,
    status: [32m'todo'[39m,
    goal_id: [32m'f23512a2-73ac-4a5a-8065-bd1ed3162092'[39m,
    version: [33m1[39m,
    owner_id: [32m'2e06295e-45fe-4f4c-b0f2-afe3f7c458fd'[39m,
    priority: [32m'medium'[39m,
    reply_at: [1mnull[22m,
    need_help: [33mfalse[39m,
    task_type: [32m'count'[39m,
    created_at: [32m'2025-07-15T02:13:50.319255+00:00'[39m,
    replied_by: [1mnull[22m,
    updated_at: [32m'2025-07-15T02:13:50.319255+00:00'[39m,
    description: [32m'Test count task for actions'[39m,
    order_index: [33m0[39m,
    task_config: {
      type: [32m'count'[39m,
      target_count: [33m7[39m,
      current_count: [33m0[39m,
      reset_frequency: [32m'weekly'[39m
    },
    completed_at: [1mnull[22m,
    completed_by: [1mnull[22m,
    cycle_config: {
      auto_reset: [33mfalse[39m,
      cycle_type: [32m'weekly'[39m,
      cycle_start_date: [32m'2025-07-15'[39m
    },
    help_message: [1mnull[22m,
    is_recurring: [33mfalse[39m,
    progress_data: {
      last_updated: [32m'2025-07-15T02:13:49.985Z'[39m,
      target_count: [33m7[39m,
      current_count: [33m0[39m,
      check_in_dates: [],
      completion_percentage: [33m0[39m
    },
    reply_message: [1mnull[22m,
    special_flags: [],
    actual_minutes: [1mnull[22m,
    reference_info: { links: [], attachments: [] },
    collaborator_ids: [],
    recurring_config: {},
    estimated_minutes: [1mnull[22m
  },
  success: [33mtrue[39m,
  event_id: [32m'0c4ce48d-5a84-4388-b89a-107f2690a40d'[39m,
  action_id: [32m'ae71d56f-3a7d-4eb6-914b-0f5972a8415e'[39m
}
📊 任務動作完成，事件已記錄: {
  actionId: [32m'ae71d56f-3a7d-4eb6-914b-0f5972a8415e'[39m,
  eventId: [32m'0c4ce48d-5a84-4388-b89a-107f2690a40d'[39m,
  taskId: [32m'52f9b1a2-2e88-49b9-8ae3-9f5169065c32'[39m
}

stdout | tests/test-task-action-transactions.test.ts > Task Action Transactions > 應該能成功執行打卡操作
📍 deleteTopic - 成功歸檔主題 d126e7c7-11c7-4dae-8d18-189d15d09ed1

stdout | tests/test-task-action-transactions.test.ts > Task Action Transactions > 應該能成功執行打卡操作
🧹 清理測試 topic: d126e7c7-11c7-4dae-8d18-189d15d09ed1

stdout | tests/test-task-action-transactions.test.ts > Task Action Transactions > 應該能防止同一天重複打卡
🔄 測試環境已重置

stdout | tests/test-task-action-transactions.test.ts > Task Action Transactions > 應該能防止同一天重複打卡
🏗️ 創建測試用的 topic、goal 和 task...

stdout | tests/test-topic-template-store.test.ts > TopicTemplateStore > 基本 CRUD 操作 > 應該能刪除模板
🔄 測試環境已重置

stdout | tests/test-topic-store-rpc.test.ts > TopicStore RPC helpers > getUserTaskActivitiesForDate should return activity data
📍 deleteTopic - 成功歸檔主題 bdb8a2d2-6af9-442f-ae67-07f6f3a3480f

stdout | tests/test-topic-store-rpc.test.ts > TopicStore RPC helpers > getTopicsProgressForWeek should return progress data
🔄 測試環境已重置

stdout | tests/test-topic-store.test.ts > TopicStore > 基本 CRUD 操作 > 應該能更新主題
📍 getTopic - 主題 0c2d1e68-145a-4b21-ab2e-3dbe6d8aed1b 協作者: [33m0[39m

stdout | tests/test-task-action-transactions.test.ts > Task Action Transactions > 應該能防止同一天重複打卡
✅ 創建測試 topic: 7d01aca1-d2b4-4ab3-b345-adb0c7c71531

stdout | tests/test-task-action-transactions.test.ts > Task Action Transactions > 應該能防止同一天重複打卡
✅ 創建測試 goal: 347c1203-2c38-4a71-87c3-30a5a1d3af21

stderr | tests/test-topic-template-store.test.ts > TopicTemplateStore > 基本 CRUD 操作 > 應該能刪除模板
Failed to get template: {
  code: [32m'PGRST116'[39m,
  details: [32m'The result contains 0 rows'[39m,
  hint: [1mnull[22m,
  message: [32m'JSON object requested, multiple (or no) rows returned'[39m
}

stdout | tests/test-task-action-transactions.test.ts > Task Action Transactions > 應該能防止同一天重複打卡
✅ 創建測試 task: 779d8707-3467-4ad6-bfba-390379689c4f

stdout | tests/test-topic-template-store.test.ts > TopicTemplateStore > 基本 CRUD 操作 > 應該能歸檔模板
🔄 測試環境已重置

stdout | tests/test-topic-store.test.ts > TopicStore > 基本 CRUD 操作 > 應該能更新主題
📍 getTopic - 主題 0c2d1e68-145a-4b21-ab2e-3dbe6d8aed1b 協作者: [33m0[39m

stdout | tests/test-task-action-transactions.test.ts > Task Action Transactions > 應該能防止同一天重複打卡
🔄 performTaskAction - 使用新版事務函數: {
  taskId: [32m'779d8707-3467-4ad6-bfba-390379689c4f'[39m,
  actionType: [32m'check_in'[39m,
  today: [32m'07/15/2025'[39m
}

stdout | tests/test-task-action-transactions.test.ts > Task Action Transactions > 應該能防止同一天重複打卡
✅ 任務動作事務成功: {
  task: {
    id: [32m'779d8707-3467-4ad6-bfba-390379689c4f'[39m,
    title: [32m'Test Count Task'[39m,
    status: [32m'todo'[39m,
    goal_id: [32m'347c1203-2c38-4a71-87c3-30a5a1d3af21'[39m,
    version: [33m1[39m,
    owner_id: [32m'2e06295e-45fe-4f4c-b0f2-afe3f7c458fd'[39m,
    priority: [32m'medium'[39m,
    reply_at: [1mnull[22m,
    need_help: [33mfalse[39m,
    task_type: [32m'count'[39m,
    created_at: [32m'2025-07-15T02:13:51.972274+00:00'[39m,
    replied_by: [1mnull[22m,
    updated_at: [32m'2025-07-15T02:13:51.972274+00:00'[39m,
    description: [32m'Test count task for actions'[39m,
    order_index: [33m0[39m,
    task_config: {
      type: [32m'count'[39m,
      target_count: [33m7[39m,
      current_count: [33m0[39m,
      reset_frequency: [32m'weekly'[39m
    },
    completed_at: [1mnull[22m,
    completed_by: [1mnull[22m,
    cycle_config: {
      auto_reset: [33mfalse[39m,
      cycle_type: [32m'weekly'[39m,
      cycle_start_date: [32m'2025-07-15'[39m
    },
    help_message: [1mnull[22m,
    is_recurring: [33mfalse[39m,
    progress_data: {
      last_updated: [32m'2025-07-15T02:13:51.654Z'[39m,
      target_count: [33m7[39m,
      current_count: [33m0[39m,
      check_in_dates: [],
      completion_percentage: [33m0[39m
    },
    reply_message: [1mnull[22m,
    special_flags: [],
    actual_minutes: [1mnull[22m,
    reference_info: { links: [], attachments: [] },
    collaborator_ids: [],
    recurring_config: {},
    estimated_minutes: [1mnull[22m
  },
  success: [33mtrue[39m,
  event_id: [32m'dcf9c5a7-5909-4100-b13d-9d07b0a869dc'[39m,
  action_id: [32m'b002b828-a91a-4fa2-bb83-86939b36f987'[39m
}
📊 任務動作完成，事件已記錄: {
  actionId: [32m'b002b828-a91a-4fa2-bb83-86939b36f987'[39m,
  eventId: [32m'dcf9c5a7-5909-4100-b13d-9d07b0a869dc'[39m,
  taskId: [32m'779d8707-3467-4ad6-bfba-390379689c4f'[39m
}

stdout | tests/test-task-action-transactions.test.ts > Task Action Transactions > 應該能防止同一天重複打卡
🔄 performTaskAction - 使用新版事務函數: {
  taskId: [32m'779d8707-3467-4ad6-bfba-390379689c4f'[39m,
  actionType: [32m'check_in'[39m,
  today: [32m'07/15/2025'[39m
}

stdout | tests/test-topic-store-rpc.test.ts > TopicStore RPC helpers > getTopicsProgressForWeek should return progress data
📍 deleteTopic - 成功歸檔主題 f8d17c62-05ac-44a2-89c3-50b3d921aee7

stdout | tests/test-topic-store-rpc.test.ts > TopicStore RPC helpers > getActiveTopicsWithProgress should list active topics
🔄 測試環境已重置

stdout | tests/test-topic-store.test.ts > TopicStore > 基本 CRUD 操作 > 應該能更新主題
📍 getTopic - 主題 0c2d1e68-145a-4b21-ab2e-3dbe6d8aed1b 協作者: [33m0[39m

stdout | tests/test-task-action-transactions.test.ts > Task Action Transactions > 應該能防止同一天重複打卡
✅ 任務動作事務成功: { message: [32m'Action already performed today'[39m, success: [33mfalse[39m }

stderr | tests/test-topic-template-store.test.ts > TopicTemplateStore > 基本 CRUD 操作 > 應該能歸檔模板
Failed to get template: {
  code: [32m'PGRST116'[39m,
  details: [32m'The result contains 0 rows'[39m,
  hint: [1mnull[22m,
  message: [32m'JSON object requested, multiple (or no) rows returned'[39m
}

stdout | tests/test-task-action-transactions.test.ts > Task Action Transactions > 應該能防止同一天重複打卡
📍 deleteTopic - 成功歸檔主題 7d01aca1-d2b4-4ab3-b345-adb0c7c71531

stdout | tests/test-task-action-transactions.test.ts > Task Action Transactions > 應該能防止同一天重複打卡
🧹 清理測試 topic: 7d01aca1-d2b4-4ab3-b345-adb0c7c71531

stdout | tests/test-task-action-transactions.test.ts > Task Action Transactions > 應該能成功取消今日打卡
🔄 測試環境已重置

stdout | tests/test-task-action-transactions.test.ts > Task Action Transactions > 應該能成功取消今日打卡
🏗️ 創建測試用的 topic、goal 和 task...

stdout | tests/test-topic-store.test.ts > TopicStore > 基本 CRUD 操作 > 應該能更新主題
📍 deleteTopic - 成功歸檔主題 0c2d1e68-145a-4b21-ab2e-3dbe6d8aed1b

stdout | tests/test-topic-store.test.ts > TopicStore > 基本 CRUD 操作 > 應該能刪除主題（歸檔）
🔄 測試環境已重置

stdout | tests/test-topic-template-store.test.ts > TopicTemplateStore > 基本 CRUD 操作 > 載入模板時應該過濾掉已歸檔的模板
🔄 測試環境已重置

stdout | tests/test-task-action-transactions.test.ts > Task Action Transactions > 應該能成功取消今日打卡
✅ 創建測試 topic: 716e7f37-134c-4f05-892a-0d499ba91208

stdout | tests/test-task-action-transactions.test.ts > Task Action Transactions > 應該能成功取消今日打卡
✅ 創建測試 goal: 9c45cfcd-ec05-4d4d-987f-0033d80d2d36

stdout | tests/test-topic-store.test.ts > TopicStore > 基本 CRUD 操作 > 應該能刪除主題（歸檔）
📍 deleteTopic - 成功歸檔主題 1065ffc5-10c1-4f86-ba75-2c0ab1493bae

stderr | tests/test-topic-store.test.ts > TopicStore > 基本 CRUD 操作 > 應該能刪除主題（歸檔）
獲取主題失敗: {
  code: [32m'PGRST116'[39m,
  details: [32m'The result contains 0 rows'[39m,
  hint: [1mnull[22m,
  message: [32m'JSON object requested, multiple (or no) rows returned'[39m
}

stdout | tests/test-task-action-transactions.test.ts > Task Action Transactions > 應該能成功取消今日打卡
✅ 創建測試 task: a62a15ab-878c-4972-80bd-61ebf12027d2

stdout | tests/test-topic-store-rpc.test.ts > TopicStore RPC helpers > getActiveTopicsWithProgress should list active topics
📍 deleteTopic - 成功歸檔主題 c6d22b8f-9f76-4fd1-9e7d-c4a08d40e6e8

stderr | tests/test-topic-template-store.test.ts > TopicTemplateStore > 基本 CRUD 操作 > 載入模板時應該過濾掉已歸檔的模板
Failed to get template: {
  code: [32m'PGRST116'[39m,
  details: [32m'The result contains 0 rows'[39m,
  hint: [1mnull[22m,
  message: [32m'JSON object requested, multiple (or no) rows returned'[39m
}

stdout | tests/test-task-action-transactions.test.ts > Task Action Transactions > 應該能成功取消今日打卡
🔄 performTaskAction - 使用新版事務函數: {
  taskId: [32m'a62a15ab-878c-4972-80bd-61ebf12027d2'[39m,
  actionType: [32m'check_in'[39m,
  today: [32m'07/15/2025'[39m
}

stdout | tests/test-topic-store.test.ts > TopicStore > 基本 CRUD 操作 > 應該能刪除主題（歸檔）
📍 deleteTopic - 成功歸檔主題 1065ffc5-10c1-4f86-ba75-2c0ab1493bae

stdout | tests/test-topic-store.test.ts > TopicStore > 基本 CRUD 操作 > 應該能還原歸檔的主題
🔄 測試環境已重置

stdout | tests/test-topic-store-rpc.test.ts > TopicStore RPC helpers
🧹 清理 13 個測試主題...

stdout | tests/test-topic-template-store.test.ts > TopicTemplateStore > 目標管理 > 應該能新增目標
🔄 測試環境已重置

stdout | tests/test-task-action-transactions.test.ts > Task Action Transactions > 應該能成功取消今日打卡
✅ 任務動作事務成功: {
  task: {
    id: [32m'a62a15ab-878c-4972-80bd-61ebf12027d2'[39m,
    title: [32m'Test Count Task'[39m,
    status: [32m'todo'[39m,
    goal_id: [32m'9c45cfcd-ec05-4d4d-987f-0033d80d2d36'[39m,
    version: [33m1[39m,
    owner_id: [32m'2e06295e-45fe-4f4c-b0f2-afe3f7c458fd'[39m,
    priority: [32m'medium'[39m,
    reply_at: [1mnull[22m,
    need_help: [33mfalse[39m,
    task_type: [32m'count'[39m,
    created_at: [32m'2025-07-15T02:13:53.881367+00:00'[39m,
    replied_by: [1mnull[22m,
    updated_at: [32m'2025-07-15T02:13:53.881367+00:00'[39m,
    description: [32m'Test count task for actions'[39m,
    order_index: [33m0[39m,
    task_config: {
      type: [32m'count'[39m,
      target_count: [33m7[39m,
      current_count: [33m0[39m,
      reset_frequency: [32m'weekly'[39m
    },
    completed_at: [1mnull[22m,
    completed_by: [1mnull[22m,
    cycle_config: {
      auto_reset: [33mfalse[39m,
      cycle_type: [32m'weekly'[39m,
      cycle_start_date: [32m'2025-07-15'[39m
    },
    help_message: [1mnull[22m,
    is_recurring: [33mfalse[39m,
    progress_data: {
      last_updated: [32m'2025-07-15T02:13:53.580Z'[39m,
      target_count: [33m7[39m,
      current_count: [33m0[39m,
      check_in_dates: [],
      completion_percentage: [33m0[39m
    },
    reply_message: [1mnull[22m,
    special_flags: [],
    actual_minutes: [1mnull[22m,
    reference_info: { links: [], attachments: [] },
    collaborator_ids: [],
    recurring_config: {},
    estimated_minutes: [1mnull[22m
  },
  success: [33mtrue[39m,
  event_id: [32m'46af5386-c9b0-46be-a968-686db159dd8f'[39m,
  action_id: [32m'f90b5b9f-d881-46a6-95c7-ebe2a5deaf41'[39m
}
📊 任務動作完成，事件已記錄: {
  actionId: [32m'f90b5b9f-d881-46a6-95c7-ebe2a5deaf41'[39m,
  eventId: [32m'46af5386-c9b0-46be-a968-686db159dd8f'[39m,
  taskId: [32m'a62a15ab-878c-4972-80bd-61ebf12027d2'[39m
}

stdout | tests/test-task-action-transactions.test.ts > Task Action Transactions > 應該能成功取消今日打卡
📍 deleteTopic - 成功歸檔主題 716e7f37-134c-4f05-892a-0d499ba91208

stdout | tests/test-task-action-transactions.test.ts > Task Action Transactions > 應該能成功取消今日打卡
🧹 清理測試 topic: 716e7f37-134c-4f05-892a-0d499ba91208

stdout | tests/test-task-action-transactions.test.ts > Task Action Transactions > 應該能成功重置任務進度
🔄 測試環境已重置

stdout | tests/test-task-action-transactions.test.ts > Task Action Transactions > 應該能成功重置任務進度
🏗️ 創建測試用的 topic、goal 和 task...

stdout | tests/test-topic-store.test.ts > TopicStore > 基本 CRUD 操作 > 應該能還原歸檔的主題
📍 deleteTopic - 成功歸檔主題 5323b715-5b0d-42ea-a7dd-f73d717b1f93

stdout | tests/test-topic-store.test.ts > TopicStore > 基本 CRUD 操作 > 應該能還原歸檔的主題
⚡ fetchTopics 開始執行...

stdout | tests/test-task-action-transactions.test.ts > Task Action Transactions > 應該能成功重置任務進度
✅ 創建測試 topic: 04dbbac3-fcc1-4fda-949e-b7e3344f6726

stdout | tests/test-topic-store.test.ts > TopicStore > 基本 CRUD 操作 > 應該能還原歸檔的主題
📍 fetchTopics - 用戶已認證: 2e06295e-45fe-4f4c-b0f2-afe3f7c458fd

stdout | tests/test-task-action-transactions.test.ts > Task Action Transactions > 應該能成功重置任務進度
✅ 創建測試 goal: 71832ec1-9fac-48f1-af58-cd00a8dc97cf

stdout | tests/test-topic-template-store.test.ts > TopicTemplateStore > 目標管理 > 應該能更新目標
🔄 測試環境已重置

stdout | tests/test-topic-store.test.ts > TopicStore > 基本 CRUD 操作 > 應該能還原歸檔的主題
📍 fetchTopics - 獲取自有主題成功: [33m16[39m
📍 fetchTopics - 獲取協作主題成功: [33m0[39m
📍 fetchTopics - 合併後總主題數: [33m16[39m
⚡ 主題查詢耗時: 187ms

stdout | tests/test-task-action-transactions.test.ts > Task Action Transactions > 應該能成功重置任務進度
✅ 創建測試 task: d5517a5c-651e-4ff2-9ec5-487cd830ea5d

stdout | tests/test-topic-store.test.ts > TopicStore > 基本 CRUD 操作 > 應該能還原歸檔的主題
📍 fetchTopics - 批量獲取目標成功: [33m31[39m
⚡ 目標和協作者查詢耗時: 201ms

stdout | tests/test-task-action-transactions.test.ts > Task Action Transactions > 應該能成功重置任務進度
🔄 performTaskAction - 使用新版事務函數: {
  taskId: [32m'd5517a5c-651e-4ff2-9ec5-487cd830ea5d'[39m,
  actionType: [32m'check_in'[39m,
  today: [32m'07/15/2025'[39m
}

stdout | tests/test-topic-store.test.ts > TopicStore > 基本 CRUD 操作 > 應該能還原歸檔的主題
📍 fetchTopics - 批量獲取任務成功: [33m50[39m
⚡ 任務查詢耗時: 212ms
🎫 [TokenManager] 獲取有效 token...

stdout | tests/test-topic-store.test.ts > TopicStore > 基本 CRUD 操作 > 應該能還原歸檔的主題
📊 [TokenManager] Token 狀態檢查: {
  expiresAt: [33m1752548692[39m,
  now: [33m1752545635[39m,
  timeToExpiry: [33m3057[39m,
  willExpireSoon: [33mfalse[39m
}
✅ [TokenManager] Token 仍然有效

stdout | tests/test-task-action-transactions.test.ts > Task Action Transactions > 應該能成功重置任務進度
✅ 任務動作事務成功: {
  task: {
    id: [32m'd5517a5c-651e-4ff2-9ec5-487cd830ea5d'[39m,
    title: [32m'Test Count Task'[39m,
    status: [32m'todo'[39m,
    goal_id: [32m'71832ec1-9fac-48f1-af58-cd00a8dc97cf'[39m,
    version: [33m1[39m,
    owner_id: [32m'2e06295e-45fe-4f4c-b0f2-afe3f7c458fd'[39m,
    priority: [32m'medium'[39m,
    reply_at: [1mnull[22m,
    need_help: [33mfalse[39m,
    task_type: [32m'count'[39m,
    created_at: [32m'2025-07-15T02:13:55.423325+00:00'[39m,
    replied_by: [1mnull[22m,
    updated_at: [32m'2025-07-15T02:13:55.423325+00:00'[39m,
    description: [32m'Test count task for actions'[39m,
    order_index: [33m0[39m,
    task_config: {
      type: [32m'count'[39m,
      target_count: [33m7[39m,
      current_count: [33m0[39m,
      reset_frequency: [32m'weekly'[39m
    },
    completed_at: [1mnull[22m,
    completed_by: [1mnull[22m,
    cycle_config: {
      auto_reset: [33mfalse[39m,
      cycle_type: [32m'weekly'[39m,
      cycle_start_date: [32m'2025-07-15'[39m
    },
    help_message: [1mnull[22m,
    is_recurring: [33mfalse[39m,
    progress_data: {
      last_updated: [32m'2025-07-15T02:13:55.119Z'[39m,
      target_count: [33m7[39m,
      current_count: [33m0[39m,
      check_in_dates: [],
      completion_percentage: [33m0[39m
    },
    reply_message: [1mnull[22m,
    special_flags: [],
    actual_minutes: [1mnull[22m,
    reference_info: { links: [], attachments: [] },
    collaborator_ids: [],
    recurring_config: {},
    estimated_minutes: [1mnull[22m
  },
  success: [33mtrue[39m,
  event_id: [32m'e942c57e-5d4a-45ab-a531-0dd518e493cd'[39m,
  action_id: [32m'd755e2c7-4835-4695-a4d2-fde213809319'[39m
}
📊 任務動作完成，事件已記錄: {
  actionId: [32m'd755e2c7-4835-4695-a4d2-fde213809319'[39m,
  eventId: [32m'e942c57e-5d4a-45ab-a531-0dd518e493cd'[39m,
  taskId: [32m'd5517a5c-651e-4ff2-9ec5-487cd830ea5d'[39m
}

stdout | tests/test-topic-store.test.ts > TopicStore > 基本 CRUD 操作 > 應該能還原歸檔的主題
📍 fetchTopics - 批量獲取任務記錄成功: [33m4[39m
⚡ 任務記錄查詢耗時: 184ms

stdout | tests/test-topic-store.test.ts > TopicStore > 基本 CRUD 操作 > 應該能還原歸檔的主題
📍 fetchTopics - 批量獲取用戶資料成功: [33m2[39m
⚡ 用戶資料查詢耗時: 1ms
⚡ 資料組裝耗時: 1ms
📍 fetchTopics - 完整結構獲取完成
⚡ fetchTopics 總耗時: 995ms
⚡ 查詢統計: 主題(2) + 目標/協作者(2) + 任務(1) + 記錄(1) + 用戶(1) = 7次查詢

stdout | tests/test-topic-store.test.ts > TopicStore > 基本 CRUD 操作 > 應該能還原歸檔的主題
📍 restoreTopic - 成功還原主題 5323b715-5b0d-42ea-a7dd-f73d717b1f93

stdout | tests/test-topic-store.test.ts > TopicStore > 基本 CRUD 操作 > 應該能還原歸檔的主題
📍 getTopic - 主題 5323b715-5b0d-42ea-a7dd-f73d717b1f93 協作者: [33m0[39m

stdout | tests/test-topic-template-store.test.ts > TopicTemplateStore > 目標管理 > 應該能刪除目標
🔄 測試環境已重置

 ❯ tests/test-topic-store-rpc.test.ts (3 tests | 1 failed) 7869ms
   × TopicStore RPC helpers > getUserTaskActivitiesForDate should return activity data 1833ms
     → expected false to be true // Object.is equality
   ✓ TopicStore RPC helpers > getTopicsProgressForWeek should return progress data  1459ms
   ✓ TopicStore RPC helpers > getActiveTopicsWithProgress should list active topics  1343ms
stdout | tests/test-topic-store.test.ts > TopicStore > 基本 CRUD 操作 > 應該能還原歸檔的主題
📍 deleteTopic - 成功歸檔主題 5323b715-5b0d-42ea-a7dd-f73d717b1f93

stdout | tests/test-topic-store.test.ts > TopicStore > 目標管理 > 應該能新增目標
🔄 測試環境已重置

stdout | tests/test-task-action-transactions.test.ts > Task Action Transactions > 應該能成功重置任務進度
🔄 performTaskAction - 使用新版事務函數: {
  taskId: [32m'd5517a5c-651e-4ff2-9ec5-487cd830ea5d'[39m,
  actionType: [32m'reset'[39m,
  today: [32m'07/15/2025'[39m
}

stdout | tests/test-task-action-transactions.test.ts > Task Action Transactions > 應該能成功重置任務進度
✅ 任務動作事務成功: {
  message: [32m'new row for relation "user_events" violates check constraint "valid_event_type"'[39m,
  success: [33mfalse[39m
}

stdout | tests/test-task-action-transactions.test.ts > Task Action Transactions > 應該能成功重置任務進度
📍 deleteTopic - 成功歸檔主題 04dbbac3-fcc1-4fda-949e-b7e3344f6726

stdout | tests/test-task-action-transactions.test.ts > Task Action Transactions > 應該能成功重置任務進度
🧹 清理測試 topic: 04dbbac3-fcc1-4fda-949e-b7e3344f6726

stdout | tests/test-task-action-transactions.test.ts > Task Action Transactions > 應該確保數據一致性 - task_actions 和 progress_data 同步
🔄 測試環境已重置

stdout | tests/test-task-action-transactions.test.ts > Task Action Transactions > 應該確保數據一致性 - task_actions 和 progress_data 同步
🏗️ 創建測試用的 topic、goal 和 task...

stdout | tests/test-task-action-transactions.test.ts > Task Action Transactions > 應該確保數據一致性 - task_actions 和 progress_data 同步
✅ 創建測試 topic: 14e2fece-735c-4f32-9dd5-9a5956ea41cc

stdout | tests/test-topic-template-store.test.ts > TopicTemplateStore > 公開設定 > 應該能切換公開狀態
🔄 測試環境已重置

stdout | tests/test-topic-store.test.ts > TopicStore > 目標管理 > 應該能新增目標
📍 getTopic - 主題 244e4c60-ce31-41d2-883b-4ac52efb6fa3 協作者: [33m0[39m

stdout | tests/test-task-action-transactions.test.ts > Task Action Transactions > 應該確保數據一致性 - task_actions 和 progress_data 同步
✅ 創建測試 goal: 7f94d3a4-3f9b-4584-a1a7-547e2a1d4a26

stdout | tests/test-task-action-transactions.test.ts > Task Action Transactions > 應該確保數據一致性 - task_actions 和 progress_data 同步
✅ 創建測試 task: 7032d9c1-778c-46cb-be50-1c46cc628bff

stdout | tests/test-task-action-transactions.test.ts > Task Action Transactions > 應該確保數據一致性 - task_actions 和 progress_data 同步
🔄 performTaskAction - 使用新版事務函數: {
  taskId: [32m'7032d9c1-778c-46cb-be50-1c46cc628bff'[39m,
  actionType: [32m'check_in'[39m,
  today: [32m'07/15/2025'[39m
}

stdout | tests/test-topic-store.test.ts > TopicStore > 目標管理 > 應該能新增目標
📍 deleteTopic - 成功歸檔主題 244e4c60-ce31-41d2-883b-4ac52efb6fa3

stdout | tests/test-topic-store.test.ts > TopicStore > 目標管理 > 應該能更新目標
🔄 測試環境已重置

 ✓ tests/test-topic-template-store.test.ts (9 tests) 9592ms
   ✓ TopicTemplateStore > 基本 CRUD 操作 > 應該能創建新模板  1480ms
   ✓ TopicTemplateStore > 基本 CRUD 操作 > 應該能更新模板  1036ms
   ✓ TopicTemplateStore > 基本 CRUD 操作 > 應該能刪除模板  960ms
   ✓ TopicTemplateStore > 基本 CRUD 操作 > 應該能歸檔模板  950ms
   ✓ TopicTemplateStore > 基本 CRUD 操作 > 載入模板時應該過濾掉已歸檔的模板  1106ms
   ✓ TopicTemplateStore > 目標管理 > 應該能新增目標  927ms
   ✓ TopicTemplateStore > 目標管理 > 應該能更新目標  1089ms
   ✓ TopicTemplateStore > 目標管理 > 應該能刪除目標  1120ms
   ✓ TopicTemplateStore > 公開設定 > 應該能切換公開狀態  923ms
stdout | tests/test-task-action-transactions.test.ts > Task Action Transactions > 應該確保數據一致性 - task_actions 和 progress_data 同步
✅ 任務動作事務成功: {
  task: {
    id: [32m'7032d9c1-778c-46cb-be50-1c46cc628bff'[39m,
    title: [32m'Test Count Task'[39m,
    status: [32m'todo'[39m,
    goal_id: [32m'7f94d3a4-3f9b-4584-a1a7-547e2a1d4a26'[39m,
    version: [33m1[39m,
    owner_id: [32m'2e06295e-45fe-4f4c-b0f2-afe3f7c458fd'[39m,
    priority: [32m'medium'[39m,
    reply_at: [1mnull[22m,
    need_help: [33mfalse[39m,
    task_type: [32m'count'[39m,
    created_at: [32m'2025-07-15T02:13:57.841756+00:00'[39m,
    replied_by: [1mnull[22m,
    updated_at: [32m'2025-07-15T02:13:57.841756+00:00'[39m,
    description: [32m'Test count task for actions'[39m,
    order_index: [33m0[39m,
    task_config: {
      type: [32m'count'[39m,
      target_count: [33m7[39m,
      current_count: [33m0[39m,
      reset_frequency: [32m'weekly'[39m
    },
    completed_at: [1mnull[22m,
    completed_by: [1mnull[22m,
    cycle_config: {
      auto_reset: [33mfalse[39m,
      cycle_type: [32m'weekly'[39m,
      cycle_start_date: [32m'2025-07-15'[39m
    },
    help_message: [1mnull[22m,
    is_recurring: [33mfalse[39m,
    progress_data: {
      last_updated: [32m'2025-07-15T02:13:57.552Z'[39m,
      target_count: [33m7[39m,
      current_count: [33m0[39m,
      check_in_dates: [],
      completion_percentage: [33m0[39m
    },
    reply_message: [1mnull[22m,
    special_flags: [],
    actual_minutes: [1mnull[22m,
    reference_info: { links: [], attachments: [] },
    collaborator_ids: [],
    recurring_config: {},
    estimated_minutes: [1mnull[22m
  },
  success: [33mtrue[39m,
  event_id: [32m'688c3bb7-dacc-4ef8-90ad-7becb76bb2fd'[39m,
  action_id: [32m'e10f21a1-d240-42bb-982b-0442890d8e33'[39m
}
📊 任務動作完成，事件已記錄: {
  actionId: [32m'e10f21a1-d240-42bb-982b-0442890d8e33'[39m,
  eventId: [32m'688c3bb7-dacc-4ef8-90ad-7becb76bb2fd'[39m,
  taskId: [32m'7032d9c1-778c-46cb-be50-1c46cc628bff'[39m
}

stdout | tests/test-task-action-transactions.test.ts > Task Action Transactions > 應該確保數據一致性 - task_actions 和 progress_data 同步
📍 deleteTopic - 成功歸檔主題 14e2fece-735c-4f32-9dd5-9a5956ea41cc

stdout | tests/test-task-action-transactions.test.ts > Task Action Transactions > 應該確保數據一致性 - task_actions 和 progress_data 同步
🧹 清理測試 topic: 14e2fece-735c-4f32-9dd5-9a5956ea41cc

stdout | tests/test-task-action-transactions.test.ts > Task Action Transactions > 應該能處理錯誤情況並保持數據一致性
🔄 測試環境已重置

stdout | tests/test-task-action-transactions.test.ts > Task Action Transactions > 應該能處理錯誤情況並保持數據一致性
🏗️ 創建測試用的 topic、goal 和 task...

stdout | tests/test-topic-store.test.ts > TopicStore > 目標管理 > 應該能更新目標
📍 getTopic - 主題 fd31ac0c-d96e-4160-8ce0-7e57ec0aa856 協作者: [33m0[39m

stdout | tests/test-task-action-transactions.test.ts > Task Action Transactions > 應該能處理錯誤情況並保持數據一致性
✅ 創建測試 topic: e8b6e568-2519-4f3c-98ec-94aadc6470c3

stdout | tests/test-task-action-transactions.test.ts > Task Action Transactions > 應該能處理錯誤情況並保持數據一致性
✅ 創建測試 goal: ba13f307-ecbb-43c9-933e-e3c83731c558

stdout | tests/test-task-action-transactions.test.ts > Task Action Transactions > 應該能處理錯誤情況並保持數據一致性
✅ 創建測試 task: a0ebbb04-d735-4ad8-a0d9-f7b5565811d4

stdout | tests/test-task-action-transactions.test.ts > Task Action Transactions > 應該能處理錯誤情況並保持數據一致性
🔄 performTaskAction - 使用新版事務函數: {
  taskId: [32m'non-existent-task-id'[39m,
  actionType: [32m'check_in'[39m,
  today: [32m'07/15/2025'[39m
}

stdout | tests/test-topic-store.test.ts > TopicStore > 目標管理 > 應該能更新目標
📍 getTopic - 主題 fd31ac0c-d96e-4160-8ce0-7e57ec0aa856 協作者: [33m0[39m

stderr | tests/test-task-action-transactions.test.ts > Task Action Transactions > 應該能處理錯誤情況並保持數據一致性
❌ 任務動作事務失敗: {
  code: [32m'22P02'[39m,
  details: [1mnull[22m,
  hint: [1mnull[22m,
  message: [32m'invalid input syntax for type uuid: "non-existent-task-id"'[39m
}
執行任務動作失敗: {
  code: [32m'22P02'[39m,
  details: [1mnull[22m,
  hint: [1mnull[22m,
  message: [32m'invalid input syntax for type uuid: "non-existent-task-id"'[39m
}

stdout | tests/test-task-action-transactions.test.ts > Task Action Transactions > 應該能處理錯誤情況並保持數據一致性
✅ 錯誤處理測試通過

stdout | tests/test-task-action-transactions.test.ts > Task Action Transactions > 應該能處理錯誤情況並保持數據一致性
📍 deleteTopic - 成功歸檔主題 e8b6e568-2519-4f3c-98ec-94aadc6470c3

stdout | tests/test-task-action-transactions.test.ts > Task Action Transactions > 應該能處理錯誤情況並保持數據一致性
🧹 清理測試 topic: e8b6e568-2519-4f3c-98ec-94aadc6470c3

stdout | tests/test-task-action-transactions.test.ts > Task Action Transactions > 應該正確計算完成百分比
🔄 測試環境已重置

stdout | tests/test-task-action-transactions.test.ts > Task Action Transactions > 應該正確計算完成百分比
🏗️ 創建測試用的 topic、goal 和 task...

stdout | tests/test-topic-store.test.ts > TopicStore > 目標管理 > 應該能更新目標
📍 deleteTopic - 成功歸檔主題 fd31ac0c-d96e-4160-8ce0-7e57ec0aa856

stdout | tests/test-topic-store.test.ts > TopicStore > 目標管理 > 應該能刪除目標（歸檔）
🔄 測試環境已重置

stdout | tests/test-task-action-transactions.test.ts > Task Action Transactions > 應該正確計算完成百分比
✅ 創建測試 topic: d319b271-5e64-4634-a712-66672308e2ed

stdout | tests/test-task-action-transactions.test.ts > Task Action Transactions > 應該正確計算完成百分比
✅ 創建測試 goal: 4af0c179-02a8-4c2a-a0f7-ec3eea73c1aa

stdout | tests/test-topic-store.test.ts > TopicStore > 目標管理 > 應該能刪除目標（歸檔）
📍 deleteGoal - 成功歸檔目標 a68197ec-82e6-42e4-b51a-bbf669d6b24a

stdout | tests/test-task-action-transactions.test.ts > Task Action Transactions > 應該正確計算完成百分比
✅ 創建測試 task: a756b341-20e4-452b-9eb0-0e823f14f76f

stdout | tests/test-topic-store.test.ts > TopicStore > 目標管理 > 應該能刪除目標（歸檔）
📍 getTopic - 主題 421e275d-f234-4f90-97b7-16c3fcf78a62 協作者: [33m0[39m

stdout | tests/test-topic-store.test.ts > TopicStore > 目標管理 > 應該能刪除目標（歸檔）
📍 deleteTopic - 成功歸檔主題 421e275d-f234-4f90-97b7-16c3fcf78a62

stdout | tests/test-topic-store.test.ts > TopicStore > 目標管理 > 應該能還原歸檔的目標
🔄 測試環境已重置

stdout | tests/test-topic-store.test.ts > TopicStore > 目標管理 > 應該能還原歸檔的目標
📍 deleteGoal - 成功歸檔目標 09efbd45-e4af-478c-80bc-7ac812709683

stdout | tests/test-task-action-transactions.test.ts > Task Action Transactions > 應該正確計算完成百分比
🔄 performTaskAction - 使用新版事務函數: {
  taskId: [32m'a756b341-20e4-452b-9eb0-0e823f14f76f'[39m,
  actionType: [32m'check_in'[39m,
  today: [32m'07/15/2025'[39m
}

stdout | tests/test-task-action-transactions.test.ts > Task Action Transactions > 應該正確計算完成百分比
✅ 任務動作事務成功: {
  task: {
    id: [32m'a756b341-20e4-452b-9eb0-0e823f14f76f'[39m,
    title: [32m'Test Count Task'[39m,
    status: [32m'todo'[39m,
    goal_id: [32m'4af0c179-02a8-4c2a-a0f7-ec3eea73c1aa'[39m,
    version: [33m2[39m,
    owner_id: [32m'2e06295e-45fe-4f4c-b0f2-afe3f7c458fd'[39m,
    priority: [32m'medium'[39m,
    reply_at: [1mnull[22m,
    need_help: [33mfalse[39m,
    task_type: [32m'count'[39m,
    created_at: [32m'2025-07-15T02:14:01.437353+00:00'[39m,
    replied_by: [1mnull[22m,
    updated_at: [32m'2025-07-15T02:14:01.874062+00:00'[39m,
    description: [32m'Test count task for actions'[39m,
    order_index: [33m0[39m,
    task_config: {
      type: [32m'count'[39m,
      target_count: [33m7[39m,
      current_count: [33m0[39m,
      reset_frequency: [32m'weekly'[39m
    },
    completed_at: [1mnull[22m,
    completed_by: [1mnull[22m,
    cycle_config: {
      auto_reset: [33mfalse[39m,
      cycle_type: [32m'weekly'[39m,
      cycle_start_date: [32m'2025-07-15'[39m
    },
    help_message: [1mnull[22m,
    is_recurring: [33mfalse[39m,
    progress_data: {
      target_count: [33m7[39m,
      current_count: [33m0[39m,
      check_in_dates: [],
      completion_percentage: [33m0[39m
    },
    reply_message: [1mnull[22m,
    special_flags: [],
    actual_minutes: [1mnull[22m,
    reference_info: { links: [], attachments: [] },
    collaborator_ids: [],
    recurring_config: {},
    estimated_minutes: [1mnull[22m
  },
  success: [33mtrue[39m,
  event_id: [32m'bfe442e5-c443-4053-a0c6-a5b7a8a330cf'[39m,
  action_id: [32m'5d014868-9487-4845-94eb-fecd0415d677'[39m
}
📊 任務動作完成，事件已記錄: {
  actionId: [32m'5d014868-9487-4845-94eb-fecd0415d677'[39m,
  eventId: [32m'bfe442e5-c443-4053-a0c6-a5b7a8a330cf'[39m,
  taskId: [32m'a756b341-20e4-452b-9eb0-0e823f14f76f'[39m
}

stdout | tests/test-topic-store.test.ts > TopicStore > 目標管理 > 應該能還原歸檔的目標
📍 getTopic - 主題 f41b2f19-32a3-49fc-91e7-c879aeb3ed87 協作者: [33m0[39m

stdout | tests/test-task-action-transactions.test.ts > Task Action Transactions > 應該正確計算完成百分比
📍 deleteTopic - 成功歸檔主題 d319b271-5e64-4634-a712-66672308e2ed

stdout | tests/test-task-action-transactions.test.ts > Task Action Transactions > 應該正確計算完成百分比
🧹 清理測試 topic: d319b271-5e64-4634-a712-66672308e2ed

 ❯ tests/test-task-action-transactions.test.ts (7 tests | 6 failed) 15466ms
   × Task Action Transactions > 應該能成功執行打卡操作 1638ms
     → expected +0 to be 1 // Object.is equality
   × Task Action Transactions > 應該能防止同一天重複打卡 1950ms
     → expected 'Action already performed today' to contain '已經執行過'
   × Task Action Transactions > 應該能成功取消今日打卡 1577ms
     → expected +0 to be 1 // Object.is equality
   × Task Action Transactions > 應該能成功重置任務進度 2434ms
     → expected false to be true // Object.is equality
   × Task Action Transactions > 應該確保數據一致性 - task_actions 和 progress_data 同步 1863ms
     → expected +0 to be 1 // Object.is equality
   ✓ Task Action Transactions > 應該能處理錯誤情況並保持數據一致性  1667ms
   × Task Action Transactions > 應該正確計算完成百分比 3655ms
     → expected +0 to be 7 // Object.is equality
stdout | tests/test-topic-store.test.ts > TopicStore > 目標管理 > 應該能還原歸檔的目標
📍 restoreGoal - 成功還原目標 09efbd45-e4af-478c-80bc-7ac812709683

stdout | tests/test-topic-store.test.ts > TopicStore > 目標管理 > 應該能還原歸檔的目標
📍 getTopic - 主題 f41b2f19-32a3-49fc-91e7-c879aeb3ed87 協作者: [33m0[39m

stdout | tests/test-topic-store.test.ts > TopicStore > 目標管理 > 應該能還原歸檔的目標
📍 deleteTopic - 成功歸檔主題 f41b2f19-32a3-49fc-91e7-c879aeb3ed87

stdout | tests/test-topic-store.test.ts > TopicStore > 任務管理 > 應該能新增任務
🔄 測試環境已重置

stdout | tests/test-topic-store.test.ts > TopicStore > 任務管理 > 應該能新增任務
📍 getTopic - 主題 e661d8ef-d505-4901-a4ac-61fd27b8d615 協作者: [33m0[39m

stdout | tests/test-topic-store.test.ts > TopicStore > 任務管理 > 應該能新增任務
🎫 [TokenManager] 獲取有效 token...

stdout | tests/test-topic-store.test.ts > TopicStore > 任務管理 > 應該能新增任務
📊 [TokenManager] Token 狀態檢查: {
  expiresAt: [33m1752548692[39m,
  now: [33m1752545647[39m,
  timeToExpiry: [33m3045[39m,
  willExpireSoon: [33mfalse[39m
}
✅ [TokenManager] Token 仍然有效

stdout | tests/test-topic-store.test.ts > TopicStore > 任務管理 > 應該能新增任務
📍 deleteTopic - 成功歸檔主題 e661d8ef-d505-4901-a4ac-61fd27b8d615

stdout | tests/test-topic-store.test.ts > TopicStore > 任務管理 > 應該能更新任務狀態
🔄 測試環境已重置

stdout | tests/test-topic-store.test.ts > TopicStore > 任務管理 > 應該能更新任務狀態
📍 getTopic - 主題 ea27f251-f711-4c98-9953-3183b92ed08b 協作者: [33m0[39m

stdout | tests/test-topic-store.test.ts > TopicStore > 任務管理 > 應該能更新任務狀態
🎫 [TokenManager] 獲取有效 token...

stdout | tests/test-topic-store.test.ts > TopicStore > 任務管理 > 應該能更新任務狀態
📊 [TokenManager] Token 狀態檢查: {
  expiresAt: [33m1752548692[39m,
  now: [33m1752545649[39m,
  timeToExpiry: [33m3043[39m,
  willExpireSoon: [33mfalse[39m
}
✅ [TokenManager] Token 仍然有效

stdout | tests/test-topic-store.test.ts > TopicStore > 任務管理 > 應該能更新任務狀態
🔄 updateTask 開始: {
  taskId: [32m'e02aa045-e536-48b5-9c44-4f753eaf85ef'[39m,
  expectedVersion: [33m1[39m,
  updates: { status: [32m'done'[39m }
}

stdout | tests/test-topic-store.test.ts > TopicStore > 任務管理 > 應該能更新任務狀態
✅ RPC 調用成功: { success: [33mtrue[39m, message: [32m'Task updated successfully'[39m, event_id: [1mnull[22m }

stdout | tests/test-topic-store.test.ts > TopicStore > 任務管理 > 應該能更新任務狀態
📊 更新後的任務數據: {
  id: [32m'e02aa045-e536-48b5-9c44-4f753eaf85ef'[39m,
  goal_id: [32m'32c1711e-b56c-4314-8503-90b658c9b680'[39m,
  title: [32m'測試任務'[39m,
  description: [32m'這是一個測試任務'[39m,
  status: [32m'done'[39m,
  priority: [32m'medium'[39m,
  order_index: [33m0[39m,
  need_help: [33mfalse[39m,
  help_message: [1mnull[22m,
  reply_message: [1mnull[22m,
  reply_at: [1mnull[22m,
  replied_by: [1mnull[22m,
  completed_at: [32m'2025-07-15T02:14:09.466+00:00'[39m,
  completed_by: [1mnull[22m,
  estimated_minutes: [1mnull[22m,
  actual_minutes: [1mnull[22m,
  version: [33m2[39m,
  created_at: [32m'2025-07-15T02:14:08.361267+00:00'[39m,
  updated_at: [32m'2025-07-15T02:14:09.5986+00:00'[39m,
  owner_id: [32m'2e06295e-45fe-4f4c-b0f2-afe3f7c458fd'[39m,
  collaborator_ids: [],
  is_recurring: [33mfalse[39m,
  recurring_config: {},
  reference_info: { links: [], attachments: [] },
  task_type: [32m'single'[39m,
  task_config: { type: [32m'single'[39m },
  cycle_config: { auto_reset: [33mfalse[39m, cycle_type: [32m'none'[39m },
  progress_data: {
    last_updated: [32m'2025-07-15T02:14:08.238Z'[39m,
    completion_percentage: [33m0[39m
  },
  special_flags: []
}

stdout | tests/test-topic-store.test.ts > TopicStore > 任務管理 > 應該能更新任務狀態
📍 getTopic - 主題 ea27f251-f711-4c98-9953-3183b92ed08b 協作者: [33m0[39m

stdout | tests/test-topic-store.test.ts > TopicStore > 任務管理 > 應該能更新任務狀態
🎫 [TokenManager] 獲取有效 token...

stdout | tests/test-topic-store.test.ts > TopicStore > 任務管理 > 應該能更新任務狀態
📊 [TokenManager] Token 狀態檢查: {
  expiresAt: [33m1752548692[39m,
  now: [33m1752545650[39m,
  timeToExpiry: [33m3042[39m,
  willExpireSoon: [33mfalse[39m
}
✅ [TokenManager] Token 仍然有效

stdout | tests/test-topic-store.test.ts > TopicStore > 任務管理 > 應該能更新任務狀態
📍 deleteTopic - 成功歸檔主題 ea27f251-f711-4c98-9953-3183b92ed08b

stdout | tests/test-topic-store.test.ts > TopicStore > 任務管理 > 應該能刪除任務（歸檔）
🔄 測試環境已重置

stdout | tests/test-topic-store.test.ts > TopicStore > 任務管理 > 應該能刪除任務（歸檔）
📍 deleteTask - 成功歸檔任務 03c1931c-da74-4aa2-bc4c-f9a81b035865

stdout | tests/test-topic-store.test.ts > TopicStore > 任務管理 > 應該能刪除任務（歸檔）
📍 getTopic - 主題 7e83063a-d51b-4013-8fa8-96be10a5a596 協作者: [33m0[39m

stdout | tests/test-topic-store.test.ts > TopicStore > 任務管理 > 應該能刪除任務（歸檔）
📍 deleteTopic - 成功歸檔主題 7e83063a-d51b-4013-8fa8-96be10a5a596

stdout | tests/test-topic-store.test.ts > TopicStore > 任務管理 > 應該能還原歸檔的任務
🔄 測試環境已重置

stdout | tests/test-topic-store.test.ts > TopicStore > 任務管理 > 應該能還原歸檔的任務
📍 deleteTask - 成功歸檔任務 5b6b5ab1-d820-440f-ba87-c64b97d2fac2

stdout | tests/test-topic-store.test.ts > TopicStore > 任務管理 > 應該能還原歸檔的任務
📍 getTopic - 主題 d535d798-09a9-44b6-a87f-3d05e4a6eb1b 協作者: [33m0[39m

stdout | tests/test-topic-store.test.ts > TopicStore > 任務管理 > 應該能還原歸檔的任務
🎫 [TokenManager] 獲取有效 token...

stdout | tests/test-topic-store.test.ts > TopicStore > 任務管理 > 應該能還原歸檔的任務
📊 [TokenManager] Token 狀態檢查: {
  expiresAt: [33m1752548692[39m,
  now: [33m1752545656[39m,
  timeToExpiry: [33m3036[39m,
  willExpireSoon: [33mfalse[39m
}
✅ [TokenManager] Token 仍然有效

stdout | tests/test-topic-store.test.ts > TopicStore > 任務管理 > 應該能還原歸檔的任務
📍 restoreTask - 成功還原任務 5b6b5ab1-d820-440f-ba87-c64b97d2fac2

stdout | tests/test-topic-store.test.ts > TopicStore > 任務管理 > 應該能還原歸檔的任務
📍 getTopic - 主題 d535d798-09a9-44b6-a87f-3d05e4a6eb1b 協作者: [33m0[39m

stdout | tests/test-topic-store.test.ts > TopicStore > 任務管理 > 應該能還原歸檔的任務
🎫 [TokenManager] 獲取有效 token...

stdout | tests/test-topic-store.test.ts > TopicStore > 任務管理 > 應該能還原歸檔的任務
📊 [TokenManager] Token 狀態檢查: {
  expiresAt: [33m1752548692[39m,
  now: [33m1752545657[39m,
  timeToExpiry: [33m3035[39m,
  willExpireSoon: [33mfalse[39m
}
✅ [TokenManager] Token 仍然有效

stdout | tests/test-topic-store.test.ts > TopicStore > 任務管理 > 應該能還原歸檔的任務
📍 deleteTopic - 成功歸檔主題 d535d798-09a9-44b6-a87f-3d05e4a6eb1b

stdout | tests/test-topic-store.test.ts > TopicStore > 協作功能 > 應該能啟用協作狀態
🔄 測試環境已重置

stdout | tests/test-topic-store.test.ts > TopicStore > 協作功能 > 應該能啟用協作狀態
📍 getTopic - 主題 531ab299-10ae-46c0-a6e7-1b07102e0a74 協作者: [33m0[39m

stdout | tests/test-topic-store.test.ts > TopicStore > 協作功能 > 應該能啟用協作狀態
📍 getTopic - 主題 531ab299-10ae-46c0-a6e7-1b07102e0a74 協作者: [33m0[39m

stdout | tests/test-topic-store.test.ts > TopicStore > 協作功能 > 應該能啟用協作狀態
📍 getTopic - 主題 531ab299-10ae-46c0-a6e7-1b07102e0a74 協作者: [33m0[39m

stdout | tests/test-topic-store.test.ts > TopicStore > 協作功能 > 應該能啟用協作狀態
📍 deleteTopic - 成功歸檔主題 531ab299-10ae-46c0-a6e7-1b07102e0a74

stdout | tests/test-topic-store.test.ts > TopicStore > 協作功能 > 應該能停用協作狀態
🔄 測試環境已重置

stdout | tests/test-topic-store.test.ts > TopicStore > 協作功能 > 應該能停用協作狀態
📍 getTopic - 主題 3db893e3-4956-479d-a60f-adbb80d0b6a3 協作者: [33m0[39m

stdout | tests/test-topic-store.test.ts > TopicStore > 協作功能 > 應該能停用協作狀態
📍 getTopic - 主題 3db893e3-4956-479d-a60f-adbb80d0b6a3 協作者: [33m0[39m

stdout | tests/test-topic-store.test.ts > TopicStore > 協作功能 > 應該能停用協作狀態
📍 getTopic - 主題 3db893e3-4956-479d-a60f-adbb80d0b6a3 協作者: [33m0[39m

stdout | tests/test-topic-store.test.ts > TopicStore > 協作功能 > 應該能停用協作狀態
📍 getTopic - 主題 3db893e3-4956-479d-a60f-adbb80d0b6a3 協作者: [33m0[39m

stdout | tests/test-topic-store.test.ts > TopicStore > 協作功能 > 應該能停用協作狀態
📍 getTopic - 主題 3db893e3-4956-479d-a60f-adbb80d0b6a3 協作者: [33m0[39m

stdout | tests/test-topic-store.test.ts > TopicStore > 協作功能 > 應該能停用協作狀態
📍 deleteTopic - 成功歸檔主題 3db893e3-4956-479d-a60f-adbb80d0b6a3

stdout | tests/test-topic-store.test.ts > TopicStore
🧹 清理 24 個測試主題...

stderr | tests/test-topic-store-performance.test.ts > TopicStore - 效能優化測試 > 批量查詢優化測試 > 應該正確計算整體進度
添加任務失敗: {
  code: [32m'23503'[39m,
  details: [32m'Key is not present in table "goals".'[39m,
  hint: [1mnull[22m,
  message: [32m'insert or update on table "tasks" violates foreign key constraint "tasks_goal_id_fkey"'[39m
}

 ✓ tests/test-topic-store.test.ts (14 tests) 39835ms
   ✓ TopicStore > 基本 CRUD 操作 > 應該能創建新主題  1206ms
   ✓ TopicStore > 基本 CRUD 操作 > 應該能更新主題  2496ms
   ✓ TopicStore > 基本 CRUD 操作 > 應該能刪除主題（歸檔）  1067ms
   ✓ TopicStore > 基本 CRUD 操作 > 應該能還原歸檔的主題  2441ms
   ✓ TopicStore > 目標管理 > 應該能新增目標  1499ms
   ✓ TopicStore > 目標管理 > 應該能更新目標  2626ms
   ✓ TopicStore > 目標管理 > 應該能刪除目標（歸檔）  1727ms
   ✓ TopicStore > 目標管理 > 應該能還原歸檔的目標  2971ms
   ✓ TopicStore > 任務管理 > 應該能新增任務  2061ms
   ✓ TopicStore > 任務管理 > 應該能更新任務狀態  3532ms
   ✓ TopicStore > 任務管理 > 應該能刪除任務（歸檔）  2422ms
   ✓ TopicStore > 任務管理 > 應該能還原歸檔的任務  4335ms
   ✓ TopicStore > 協作功能 > 應該能啟用協作狀態  2571ms
   ✓ TopicStore > 協作功能 > 應該能停用協作狀態  3653ms
stderr | tests/test-topic-store-performance.test.ts > TopicStore - 效能優化測試 > 快速查詢函數測試 > getActiveTasksForUser 應該快速返回用戶的活躍任務
獲取活躍任務失敗: {
  code: [32m'42P01'[39m,
  details: [1mnull[22m,
  hint: [1mnull[22m,
  message: [32m'relation "topics_new" does not exist'[39m
}

stderr | tests/test-topic-store-performance.test.ts > TopicStore - 效能優化測試 > 快速查詢函數測試 > 快速查詢函數應該有錯誤處理機制
獲取主題結構失敗: {
  code: [32m'22P02'[39m,
  details: [1mnull[22m,
  hint: [1mnull[22m,
  message: [32m'invalid input syntax for type uuid: "invalid-id"'[39m
}

stderr | tests/test-topic-store-performance.test.ts > TopicStore - 效能優化測試 > 快速查詢函數測試 > 快速查詢函數應該有錯誤處理機制
獲取活躍任務失敗: {
  code: [32m'42P01'[39m,
  details: [1mnull[22m,
  hint: [1mnull[22m,
  message: [32m'relation "topics_new" does not exist'[39m
}

stderr | tests/test-topic-store-performance.test.ts > TopicStore - 效能優化測試 > 版本控制和樂觀鎖定測試 > 應該在版本衝突時拋出 VersionConflictError
❌ 更新失敗: {
  success: [33mfalse[39m,
  message: [32m'Version conflict detected'[39m,
  current_version: [33m1[39m
}
更新任務失敗: VersionConflictError: 任務已被其他用戶修改，請重新載入
    at Object.updateTask [90m(/Users/aphidwang/Documents/SelfLearning/SelfLearningPlatform/[39mapps/client/src/store/topicStore.ts:1453:17[90m)[39m
[90m    at processTicksAndRejections (node:internal/process/task_queues:95:5)[39m
    at [90m/Users/aphidwang/Documents/SelfLearning/SelfLearningPlatform/[39mtests/test-topic-store-performance.test.ts:374:9
    at [90mfile:///Users/aphidwang/Documents/SelfLearning/SelfLearningPlatform/[39mnode_modules/[4m@vitest[24m/runner/dist/chunk-hooks.js:752:20 {
  currentVersion: [33m1[39m,
  expectedVersion: [33m999[39m
}

stderr | tests/test-topic-store-performance.test.ts > TopicStore - 效能優化測試 > 效能回歸測試 > 快速查詢應該在大量資料下保持效能
獲取活躍任務失敗: {
  code: [32m'42P01'[39m,
  details: [1mnull[22m,
  hint: [1mnull[22m,
  message: [32m'relation "topics_new" does not exist'[39m
}

stderr | tests/test-topic-store-performance.test.ts > TopicStore - 效能優化測試 > TaskWallPage 效能監控測試 > 應該能夠模擬 TaskWallPage 的效能監控邏輯
獲取活躍任務失敗: {
  code: [32m'42P01'[39m,
  details: [1mnull[22m,
  hint: [1mnull[22m,
  message: [32m'relation "topics_new" does not exist'[39m
}

stderr | tests/test-topic-store-performance.test.ts > TopicStore - 效能優化測試 > 邊界情況和錯誤處理測試 > 應該正確處理大量並發操作
獲取主題失敗: {
  code: [32m'PGRST116'[39m,
  details: [32m'The result contains 0 rows'[39m,
  hint: [1mnull[22m,
  message: [32m'JSON object requested, multiple (or no) rows returned'[39m
}

stderr | tests/test-topic-store-performance.test.ts > TopicStore - 效能優化測試 > 邊界情況和錯誤處理測試 > 應該正確處理大量並發操作
找不到主題: 446f0096-9a9e-4457-9a2b-7635622424e3

stderr | tests/test-topic-store-performance.test.ts > TopicStore - 效能優化測試
添加任務失敗: {
  code: [32m'42501'[39m,
  details: [1mnull[22m,
  hint: [1mnull[22m,
  message: [32m'new row violates row-level security policy for table "tasks"'[39m
}

stderr | tests/test-topic-store-performance.test.ts > TopicStore - 效能優化測試
添加任務失敗: {
  code: [32m'42501'[39m,
  details: [1mnull[22m,
  hint: [1mnull[22m,
  message: [32m'new row violates row-level security policy for table "tasks"'[39m
}

stderr | tests/test-topic-store-performance.test.ts > TopicStore - 效能優化測試
添加目標失敗: {
  code: [32m'42501'[39m,
  details: [1mnull[22m,
  hint: [1mnull[22m,
  message: [32m'new row violates row-level security policy for table "goals"'[39m
}

stderr | tests/test-topic-store-performance.test.ts > TopicStore - 效能優化測試
添加任務失敗: {
  code: [32m'42501'[39m,
  details: [1mnull[22m,
  hint: [1mnull[22m,
  message: [32m'new row violates row-level security policy for table "tasks"'[39m
}

stderr | tests/test-topic-store-performance.test.ts > TopicStore - 效能優化測試
添加任務失敗: {
  code: [32m'42501'[39m,
  details: [1mnull[22m,
  hint: [1mnull[22m,
  message: [32m'new row violates row-level security policy for table "tasks"'[39m
}

stderr | tests/test-topic-store-performance.test.ts > TopicStore - 效能優化測試
添加任務失敗: {
  code: [32m'42501'[39m,
  details: [1mnull[22m,
  hint: [1mnull[22m,
  message: [32m'new row violates row-level security policy for table "tasks"'[39m
}

stderr | tests/test-topic-store-performance.test.ts > TopicStore - 效能優化測試
添加任務失敗: {
  code: [32m'42501'[39m,
  details: [1mnull[22m,
  hint: [1mnull[22m,
  message: [32m'new row violates row-level security policy for table "tasks"'[39m
}

stderr | tests/test-topic-store-performance.test.ts
添加目標失敗: {
  code: [32m'42501'[39m,
  details: [1mnull[22m,
  hint: [1mnull[22m,
  message: [32m'new row violates row-level security policy for table "goals"'[39m
}

 ❯ tests/test-topic-store-performance.test.ts (27 tests | 13 failed) 133390ms
   × TopicStore - 效能優化測試 > 批量查詢優化測試 > 應該使用批量查詢而不是 N+1 查詢 10997ms
     → Hook timed out in 10000ms.
If this is a long-running hook, pass a timeout value as the last argument or configure it globally with "hookTimeout".
   × TopicStore - 效能優化測試 > 批量查詢優化測試 > 應該記錄詳細的效能監控資訊 10939ms
     → Hook timed out in 10000ms.
If this is a long-running hook, pass a timeout value as the last argument or configure it globally with "hookTimeout".
   × TopicStore - 效能優化測試 > 批量查詢優化測試 > 應該正確組裝大量資料而不出現效能問題 11032ms
     → Hook timed out in 10000ms.
If this is a long-running hook, pass a timeout value as the last argument or configure it globally with "hookTimeout".
   × TopicStore - 效能優化測試 > 批量查詢優化測試 > 應該正確計算整體進度 11301ms
     → Hook timed out in 10000ms.
If this is a long-running hook, pass a timeout value as the last argument or configure it globally with "hookTimeout".
   ✓ TopicStore - 效能優化測試 > 快速查詢函數測試 > getActiveTasksForUser 應該快速返回用戶的活躍任務  2535ms
   × TopicStore - 效能優化測試 > 快速查詢函數測試 > getTopicWithStructure 應該快速返回主題完整結構 1574ms
     → expected undefined to be '快速查詢測試主題' // Object.is equality
   ✓ TopicStore - 效能優化測試 > 快速查詢函數測試 > 快速查詢函數應該有錯誤處理機制  2599ms
   ✓ TopicStore - 效能優化測試 > 版本控制和樂觀鎖定測試 > 應該在版本衝突時拋出 VersionConflictError  1485ms
   ✓ TopicStore - 效能優化測試 > 版本控制和樂觀鎖定測試 > markTaskCompleted 應該正確處理版本控制  2819ms
   ✓ TopicStore - 效能優化測試 > 版本控制和樂觀鎖定測試 > 版本控制相關方法應該有適當的錯誤處理  2542ms
   ✓ TopicStore - 效能優化測試 > 版本控制和樂觀鎖定測試 > 兼容性方法應該自動處理版本控制  2608ms
   ✓ TopicStore - 效能優化測試 > 版本控制和樂觀鎖定測試 > 應該在版本衝突時自動重試  3061ms
   × TopicStore - 效能優化測試 > 資料組裝和索引優化測試 > 應該正確組裝多層嵌套結構 7358ms
     → expected undefined to be defined
   ✓ TopicStore - 效能優化測試 > 資料組裝和索引優化測試 > 應該正確計算複雜結構的進度  8088ms
   × TopicStore - 效能優化測試 > 資料組裝和索引優化測試 > 應該正確處理協作者和用戶資料 7234ms
     → expected undefined to be defined
   × TopicStore - 效能優化測試 > 效能回歸測試 > 大量資料載入不應該超過效能閾值 6977ms
     → Test timed out in 5000ms.
If this is a long-running test, pass a timeout value as the last argument or configure it globally with "testTimeout".
   ✓ TopicStore - 效能優化測試 > 效能回歸測試 > 快速查詢應該在大量資料下保持效能  396ms
   × TopicStore - 效能優化測試 > TaskWallPage 效能監控測試 > 應該能夠模擬 TaskWallPage 的效能監控邏輯 2833ms
     → expected 0 to be greater than or equal to 1
   ✓ TopicStore - 效能優化測試 > TaskWallPage 效能監控測試 > 應該能模擬不同載入條件下的效能  4793ms
   × TopicStore - 效能優化測試 > 邊界情況和錯誤處理測試 > 應該正確處理空主題列表 1371ms
     → expected [ { …(24) }, { …(24) }, …(9) ] to deeply equal []
   × TopicStore - 效能優化測試 > 邊界情況和錯誤處理測試 > 應該正確處理單一主題多次更新的情況 5340ms
     → Test timed out in 5000ms.
If this is a long-running test, pass a timeout value as the last argument or configure it globally with "testTimeout".
   ✓ TopicStore - 效能優化測試 > 邊界情況和錯誤處理測試 > 應該正確處理大量並發操作  1514ms
   × TopicStore - 效能優化測試 > 邊界情況和錯誤處理測試 > 應該正確處理網路延遲模擬 1558ms
     → expected 0 to be greater than or equal to 1
   ✓ TopicStore - 效能優化測試 > 協作功能效能測試 > 應該高效處理協作主題的查詢  2759ms
   ✓ TopicStore - 效能優化測試 > 協作功能效能測試 > 應該高效處理協作者資料的批量載入  2134ms
   ✓ TopicStore - 效能優化測試 > 快取和記憶體優化測試 > 應該避免重複載入相同資料  3502ms
   × TopicStore - 效能優化測試 > 快取和記憶體優化測試 > 應該正確處理記憶體中的資料索引 4865ms
     → expected 16 to be 5 // Object.is equality

⎯⎯⎯⎯⎯⎯ Failed Suites 2 ⎯⎯⎯⎯⎯⎯⎯

 FAIL  tests/test-image-processor.test.ts [ tests/test-image-processor.test.ts ]
TypeError: Cannot read properties of undefined (reading 'getUserMedia')
 ❯ node_modules/heic2any/dist/heic2any.js:8:9526

 ❯ node_modules/heic2any/dist/heic2any.js:8:9619
 ❯ Object.<anonymous> node_modules/heic2any/dist/heic2any.js:8:25707

⎯⎯⎯⎯⎯⎯⎯⎯⎯⎯⎯⎯⎯⎯⎯⎯⎯⎯⎯⎯⎯⎯⎯[1/23]⎯

 FAIL  apps/server/tests/health.test.ts [ apps/server/tests/health.test.ts ]
Error: supabaseKey is required.
 ❯ new SupabaseClient node_modules/@supabase/supabase-js/src/SupabaseClient.ts:76:29
 ❯ createClient node_modules/@supabase/supabase-js/src/index.ts:40:10
 ❯ apps/server/src/services/supabase.ts:23:30
     21| 
     22| // 使用 service role key 以獲得完整權限
     23| export const supabaseAdmin = createClient(supabaseUrl, supabaseService…
       |                              ^
     24| 
     25| /**
 ❯ apps/server/src/routes/auth.ts:2:1

⎯⎯⎯⎯⎯⎯⎯⎯⎯⎯⎯⎯⎯⎯⎯⎯⎯⎯⎯⎯⎯⎯⎯[2/23]⎯


⎯⎯⎯⎯⎯⎯ Failed Tests 21 ⎯⎯⎯⎯⎯⎯⎯

 FAIL  tests/test-retro-store.test.ts > Retro Store - Basic Tests > getWeekId 應該正確格式化日期
AssertionError: expected 'NaNWNaN' to match /\d{4}-W\d{2}/

[32m- Expected:[39m 
/\d{4}-W\d{2}/

[31m+ Received:[39m 
"NaNWNaN"

 ❯ tests/test-retro-store.test.ts:80:16
     78|     const store = useRetroStore.getState();
     79|     const id = store.getWeekId('2024-01-03');
     80|     expect(id).toMatch(/\d{4}-W\d{2}/);
       |                ^
     81|   });
     82| });

⎯⎯⎯⎯⎯⎯⎯⎯⎯⎯⎯⎯⎯⎯⎯⎯⎯⎯⎯⎯⎯⎯⎯[3/23]⎯

 FAIL  tests/test-task-action-transactions.test.ts > Task Action Transactions > 應該能成功執行打卡操作
AssertionError: expected +0 to be 1 // Object.is equality

[32m- Expected[39m
[31m+ Received[39m

[32m- 1[39m
[31m+ 0[39m

 ❯ tests/test-task-action-transactions.test.ts:119:55
    117|     expect(result.success).toBe(true);
    118|     if (result.success && result.task) {
    119|       expect(result.task.progress_data.current_count).toBe(1);
       |                                                       ^
    120|       expect(result.task.progress_data.check_in_dates).toHaveLength(1);
    121|       expect(result.task.status).toBe('in_progress');

⎯⎯⎯⎯⎯⎯⎯⎯⎯⎯⎯⎯⎯⎯⎯⎯⎯⎯⎯⎯⎯⎯⎯[4/23]⎯

 FAIL  tests/test-task-action-transactions.test.ts > Task Action Transactions > 應該能防止同一天重複打卡
AssertionError: expected 'Action already performed today' to contain '已經執行過'

Expected: [32m"已經執行過"[39m
Received: [31m"Action already performed today"[39m

 ❯ tests/test-task-action-transactions.test.ts:137:36
    135|     expect(secondResult.success).toBe(false);
    136|     if (!secondResult.success && secondResult.message) {
    137|       expect(secondResult.message).toContain('已經執行過');
       |                                    ^
    138|     }
    139|     

⎯⎯⎯⎯⎯⎯⎯⎯⎯⎯⎯⎯⎯⎯⎯⎯⎯⎯⎯⎯⎯⎯⎯[5/23]⎯

 FAIL  tests/test-task-action-transactions.test.ts > Task Action Transactions > 應該能成功取消今日打卡
AssertionError: expected +0 to be 1 // Object.is equality

[32m- Expected[39m
[31m+ Received[39m

[32m- 1[39m
[31m+ 0[39m

 ❯ tests/test-task-action-transactions.test.ts:150:62
    148|     expect(checkInResult.success).toBe(true);
    149|     if (checkInResult.success && checkInResult.task) {
    150|       expect(checkInResult.task.progress_data.current_count).toBe(1);
       |                                                              ^
    151|     }
    152|     

⎯⎯⎯⎯⎯⎯⎯⎯⎯⎯⎯⎯⎯⎯⎯⎯⎯⎯⎯⎯⎯⎯⎯[6/23]⎯

 FAIL  tests/test-task-action-transactions.test.ts > Task Action Transactions > 應該能成功重置任務進度
AssertionError: expected false to be true // Object.is equality

[32m- Expected[39m
[31m+ Received[39m

[32m- true[39m
[31m+ false[39m

 ❯ tests/test-task-action-transactions.test.ts:211:33
    209|     // 重置任務
    210|     const resetResult = await store.performTaskAction(testTaskId, 'res…
    211|     expect(resetResult.success).toBe(true);
       |                                 ^
    212|     if (resetResult.success && resetResult.task) {
    213|       expect(resetResult.task.progress_data.current_count).toBe(0);

⎯⎯⎯⎯⎯⎯⎯⎯⎯⎯⎯⎯⎯⎯⎯⎯⎯⎯⎯⎯⎯⎯⎯[7/23]⎯

 FAIL  tests/test-task-action-transactions.test.ts > Task Action Transactions > 應該確保數據一致性 - task_actions 和 progress_data 同步
AssertionError: expected +0 to be 1 // Object.is equality

[32m- Expected[39m
[31m+ Received[39m

[32m- 1[39m
[31m+ 0[39m

 ❯ tests/test-task-action-transactions.test.ts:243:51
    241|     
    242|     expect(taskActions).toHaveLength(1);
    243|     expect(taskData?.progress_data.current_count).toBe(1);
       |                                                   ^
    244|     expect(taskData?.progress_data.check_in_dates).toHaveLength(1);
    245|     

⎯⎯⎯⎯⎯⎯⎯⎯⎯⎯⎯⎯⎯⎯⎯⎯⎯⎯⎯⎯⎯⎯⎯[8/23]⎯

 FAIL  tests/test-task-action-transactions.test.ts > Task Action Transactions > 應該正確計算完成百分比
AssertionError: expected +0 to be 7 // Object.is equality

[32m- Expected[39m
[31m+ Received[39m

[32m- 7[39m
[31m+ 0[39m

 ❯ tests/test-task-action-transactions.test.ts:324:55
    322|     expect(result.success).toBe(true);
    323|     if (result.success && result.task) {
    324|       expect(result.task.progress_data.current_count).toBe(7);
       |                                                       ^
    325|       expect(result.task.progress_data.completion_percentage).toBe(100…
    326|       expect(result.task.status).toBe('done');

⎯⎯⎯⎯⎯⎯⎯⎯⎯⎯⎯⎯⎯⎯⎯⎯⎯⎯⎯⎯⎯⎯⎯[9/23]⎯

 FAIL  tests/test-topic-store-performance.test.ts > TopicStore - 效能優化測試 > 批量查詢優化測試 > 應該使用批量查詢而不是 N+1 查詢
 FAIL  tests/test-topic-store-performance.test.ts > TopicStore - 效能優化測試 > 批量查詢優化測試 > 應該記錄詳細的效能監控資訊
 FAIL  tests/test-topic-store-performance.test.ts > TopicStore - 效能優化測試 > 批量查詢優化測試 > 應該正確組裝大量資料而不出現效能問題
 FAIL  tests/test-topic-store-performance.test.ts > TopicStore - 效能優化測試 > 批量查詢優化測試 > 應該正確計算整體進度
Error: Hook timed out in 10000ms.
If this is a long-running hook, pass a timeout value as the last argument or configure it globally with "hookTimeout".
 ❯ tests/test-topic-store-performance.test.ts:63:5
     61| 
     62|   describe('批量查詢優化測試', () => {
     63|     beforeEach(async () => {
       |     ^
     64|       // 創建多個測試主題用於批量查詢測試
     65|       const mockTopicData = {

⎯⎯⎯⎯⎯⎯⎯⎯⎯⎯⎯⎯⎯⎯⎯⎯⎯⎯⎯⎯⎯⎯[10/23]⎯

 FAIL  tests/test-topic-store-performance.test.ts > TopicStore - 效能優化測試 > 快速查詢函數測試 > getTopicWithStructure 應該快速返回主題完整結構
AssertionError: expected undefined to be '快速查詢測試主題' // Object.is equality

[32m- Expected:[39m 
"快速查詢測試主題"

[31m+ Received:[39m 
undefined

 ❯ tests/test-topic-store-performance.test.ts:307:44
    305|       
    306|       if (topicStructure) {
    307|         expect(topicStructure.topic_title).toBe('快速查詢測試主題');
       |                                            ^
    308|       }
    309|     });

⎯⎯⎯⎯⎯⎯⎯⎯⎯⎯⎯⎯⎯⎯⎯⎯⎯⎯⎯⎯⎯⎯[11/23]⎯

 FAIL  tests/test-topic-store-performance.test.ts > TopicStore - 效能優化測試 > 資料組裝和索引優化測試 > 應該正確組裝多層嵌套結構
AssertionError: expected undefined to be defined
 ❯ tests/test-topic-store-performance.test.ts:507:25
    505|       const testTopic = topics.find(t => t.title === '索引優化測試主題');
    506|       
    507|       expect(testTopic).toBeDefined();
       |                         ^
    508|       expect(testTopic?.goals?.length).toBe(3);
    509|       

⎯⎯⎯⎯⎯⎯⎯⎯⎯⎯⎯⎯⎯⎯⎯⎯⎯⎯⎯⎯⎯⎯[12/23]⎯

 FAIL  tests/test-topic-store-performance.test.ts > TopicStore - 效能優化測試 > 資料組裝和索引優化測試 > 應該正確處理協作者和用戶資料
AssertionError: expected undefined to be defined
 ❯ tests/test-topic-store-performance.test.ts:543:25
    541|       const testTopic = topics.find(t => t.title === '索引優化測試主題');
    542|       
    543|       expect(testTopic).toBeDefined();
       |                         ^
    544|       expect(testTopic?.owner).toBeDefined();
    545|       expect(testTopic?.collaborators).toBeDefined();

⎯⎯⎯⎯⎯⎯⎯⎯⎯⎯⎯⎯⎯⎯⎯⎯⎯⎯⎯⎯⎯⎯[13/23]⎯

 FAIL  tests/test-topic-store-performance.test.ts > TopicStore - 效能優化測試 > 效能回歸測試 > 大量資料載入不應該超過效能閾值
Error: Test timed out in 5000ms.
If this is a long-running test, pass a timeout value as the last argument or configure it globally with "testTimeout".
 ❯ tests/test-topic-store-performance.test.ts:551:5
    549| 
    550|   describe('效能回歸測試', () => {
    551|     it('大量資料載入不應該超過效能閾值', async () => {
       |     ^
    552|       // 創建大量測試資料
    553|       const topicPromises = [];

⎯⎯⎯⎯⎯⎯⎯⎯⎯⎯⎯⎯⎯⎯⎯⎯⎯⎯⎯⎯⎯⎯[14/23]⎯

 FAIL  tests/test-topic-store-performance.test.ts > TopicStore - 效能優化測試 > TaskWallPage 效能監控測試 > 應該能夠模擬 TaskWallPage 的效能監控邏輯
AssertionError: expected 0 to be greater than or equal to 1
 ❯ tests/test-topic-store-performance.test.ts:687:35
    685|       // 驗證資料正確性
    686|       expect(Array.isArray(activeTasks)).toBe(true);
    687|       expect(store.topics.length).toBeGreaterThanOrEqual(1);
       |                                   ^
    688|       
    689|       // 檢查是否有效能日誌記錄

⎯⎯⎯⎯⎯⎯⎯⎯⎯⎯⎯⎯⎯⎯⎯⎯⎯⎯⎯⎯⎯⎯[15/23]⎯

 FAIL  tests/test-topic-store-performance.test.ts > TopicStore - 效能優化測試 > 邊界情況和錯誤處理測試 > 應該正確處理空主題列表
AssertionError: expected [ { …(24) }, { …(24) }, …(9) ] to deeply equal []

[32m- Expected[39m
[31m+ Received[39m

[32m- [][39m
[31m+ [[39m
[31m+   {[39m
[31m+     "bubbles": [],[39m
[31m+     "category": "testing",[39m
[31m+     "collaborators": [],[39m
[31m+     "created_at": "2025-07-15T02:08:09.978783+00:00",[39m
[31m+     "description": "Test topic for task actions",[39m
[31m+     "due_date": null,[39m
[31m+     "focus_element": null,[39m
[31m+     "goals": [[39m
[31m+       {[39m
[31m+         "collaborator_ids": [],[39m
[31m+         "collaborators": [],[39m
[31m+         "created_at": "2025-07-15T02:08:10.214714+00:00",[39m
[31m+         "description": "Test goal for task actions",[39m
[31m+         "help_message": null,[39m
[31m+         "help_resolved_at": null,[39m
[31m+         "id": "e09efa4c-85da-460d-bd21-940a049c9e17",[39m
[31m+         "need_help": false,[39m
[31m+         "order_index": 0,[39m
[31m+         "owner": null,[39m
[31m+         "owner_id": null,[39m
[31m+         "priority": "medium",[39m
[31m+         "reference_info": {[39m
[31m+           "attachments": [],[39m
[31m+           "links": [],[39m
[31m+         },[39m
[31m+         "status": "todo",[39m
[31m+         "tasks": [],[39m
[31m+         "title": "Test Goal",[39m
[31m+         "topic_id": "6f65eccd-f4e5-4f51-97f5-1f7e0a27b0e4",[39m
[31m+         "updated_at": "2025-07-15T02:08:10.214714+00:00",[39m
[31m+         "version": 1,[39m
[31m+       },[39m
[31m+     ],[39m
[31m+     "id": "6f65eccd-f4e5-4f51-97f5-1f7e0a27b0e4",[39m
[31m+     "is_collaborative": false,[39m
[31m+     "owner": {[39m
[31m+       "avatar": undefined,[39m
[31m+       "email": "",[39m
[31m+       "id": "2e06295e-45fe-4f4c-b0f2-afe3f7c458fd",[39m
[31m+       "name": "User-2e06295e",[39m
[31m+       "role": "student",[39m
[31m+       "roles": [[39m
[31m+         "student",[39m
[31m+       ],[39m
[31m+     },[39m
[31m+     "owner_id": "2e06295e-45fe-4f4c-b0f2-afe3f7c458fd",[39m
[31m+     "progress": 0,[39m
[31m+     "reference_info": {[39m
[31m+       "attachments": [],[39m
[31m+       "links": [],[39m
[31m+     },[39m
[31m+     "show_avatars": false,[39m
[31m+     "status": "active",[39m
[31m+     "subject": "test",[39m
[31m+     "template_id": null,[39m
[31m+     "template_version": null,[39m
[31m+     "title": "Task Action Test Topic",[39m
[31m+     "topic_type": null,[39m
[31m+     "type": "學習目標",[39m
[31m+     "updated_at": "2025-07-15T02:08:09.978783+00:00",[39m
[31m+     "version": 1,[39m
[31m+   },[39m
[31m+   {[39m
[31m+     "bubbles": [[39m
[31m+       {[39m
[31m+         "bubbleType": "background",[39m
[31m+         "content": "在課堂上讀到李白的詩，被他的豪邁氣概所吸引",[39m
[31m+         "id": "bubble-1-1",[39m
[31m+         "parentId": "1",[39m
[31m+         "title": "詩歌欣賞",[39m
[31m+       },[39m
[31m+       {[39m
[31m+         "bubbleType": "background",[39m
[31m+         "content": "詩歌、韻律、意境、典故、創作",[39m
[31m+         "id": "bubble-1-2",[39m
[31m+         "parentId": "1",[39m
[31m+         "title": "詩詞創作",[39m
[31m+       },[39m
[31m+     ],[39m
[31m+     "category": null,[39m
[31m+     "collaborators": [],[39m
[31m+     "created_at": "2025-06-26T11:20:43.473345+00:00",[39m
[31m+     "description": "透過詩歌感受唐代文人的情感與智慧",[39m
[31m+     "due_date": null,[39m
[31m+     "focus_element": null,[39m
[31m+     "goals": [[39m
[31m+       {[39m
[31m+         "collaborator_ids": [],[39m
[31m+         "collaborators": [],[39m
[31m+         "created_at": "2025-06-26T11:20:43.473345+00:00",[39m
[31m+         "description": null,[39m
[31m+         "help_message": null,[39m
[31m+         "help_resolved_at": null,[39m
[31m+         "id": "1f0910d8-8969-4911-8161-852c3d9f319d",[39m
[31m+         "need_help": false,[39m
[31m+         "order_index": 0,[39m
[31m+         "owner": null,[39m
[31m+         "owner_id": null,[39m
[31m+         "priority": "medium",[39m
[31m+         "reference_info": {[39m
[31m+           "attachments": [],[39m
[31m+           "links": [],[39m
[31m+         },[39m
[31m+         "status": "todo",[39m
[31m+         "tasks": [[39m
[31m+           {[39m
[31m+             "actual_minutes": null,[39m
[31m+             "collaborator_ids": [],[39m
[31m+             "collaborators": [],[39m
[31m+             "completed_at": null,[39m
[31m+             "completed_by": null,[39m
[31m+             "created_at": "2025-06-26T11:20:43.473345+00:00",[39m
[31m+             "cycle_config": {},[39m
[31m+             "description": null,[39m
[31m+             "estimated_minutes": null,[39m
[31m+             "goal_id": "1f0910d8-8969-4911-8161-852c3d9f319d",[39m
[31m+             "help_message": null,[39m
[31m+             "id": "6db6551c-36cd-4701-bc53-60ccd30d4d4f",[39m
[31m+             "is_recurring": false,[39m
[31m+             "need_help": false,[39m
[31m+             "order_index": 0,[39m
[31m+             "owner": null,[39m
[31m+             "owner_id": null,[39m
[31m+             "priority": "medium",[39m
[31m+             "progress_data": {},[39m
[31m+             "records": [],[39m
[31m+             "recurring_config": {},[39m
[31m+             "reference_info": {[39m
[31m+               "attachments": [],[39m
[31m+               "links": [],[39m
[31m+             },[39m
[31m+             "replied_by": null,[39m
[31m+             "reply_at": null,[39m
[31m+             "reply_message": null,[39m
[31m+             "special_flags": [],[39m
[31m+             "status": "todo",[39m
[31m+             "task_config": {},[39m
[31m+             "task_type": "single",[39m
[31m+             "title": "創作自己的詩句",[39m
[31m+             "updated_at": "2025-07-02T12:11:30.101083+00:00",[39m
[31m+             "version": 1,[39m
[31m+           },[39m
[31m+           {[39m
[31m+             "actual_minutes": null,[39m
[31m+             "collaborator_ids": [],[39m
[31m+             "collaborators": [],[39m
[31m+             "completed_at": null,[39m
[31m+             "completed_by": null,[39m
[31m+             "created_at": "2025-06-26T11:20:43.473345+00:00",[39m
[31m+             "cycle_config": {},[39m
[31m+             "description": null,[39m
[31m+             "estimated_minutes": null,[39m
[31m+             "goal_id": "1f0910d8-8969-4911-8161-852c3d9f319d",[39m
[31m+             "help_message": null,[39m
[31m+             "id": "31bb5fe1-27d8-4f54-82a5-9c38771b253f",[39m
[31m+             "is_recurring": false,[39m
[31m+             "need_help": false,[39m
[31m+             "order_index": 0,[39m
[31m+             "owner": null,[39m
[31m+             "owner_id": null,[39m
[31m+             "priority": "medium",[39m
[31m+             "progress_data": {},[39m
[31m+             "records": [],[39m
[31m+             "recurring_config": {},[39m
[31m+             "reference_info": {[39m
[31m+               "attachments": [],[39m
[31m+               "links": [],[39m
[31m+             },[39m
[31m+             "replied_by": null,[39m
[31m+             "reply_at": null,[39m
[31m+             "reply_message": null,[39m
[31m+             "special_flags": [],[39m
[31m+             "status": "todo",[39m
[31m+             "task_config": {},[39m
[31m+             "task_type": "single",[39m
[31m+             "title": "用現代語言改寫古詩",[39m
[31m+             "updated_at": "2025-07-02T12:11:30.101083+00:00",[39m
[31m+             "version": 1,[39m
[31m+           },[39m
[31m+         ],[39m
[31m+         "title": "創作詩的想像",[39m
[31m+         "topic_id": "6bc8ffd8-9350-4710-b8fc-97c930e3f343",[39m
[31m+         "updated_at": "2025-07-03T00:15:06.534033+00:00",[39m
[31m+         "version": 2,[39m
[31m+       },[39m
[31m+       {[39m
[31m+         "collaborator_ids": [],[39m
[31m+         "collaborators": [],[39m
[31m+         "created_at": "2025-06-26T11:20:43.473345+00:00",[39m
[31m+         "description": null,[39m
[31m+         "help_message": null,[39m
[31m+         "help_resolved_at": null,[39m
[31m+         "id": "8552faab-6858-42dc-947e-9a47c082448f",[39m
[31m+         "need_help": false,[39m
[31m+         "order_index": 0,[39m
[31m+         "owner": null,[39m
[31m+         "owner_id": null,[39m
[31m+         "priority": "medium",[39m
[31m+         "reference_info": {[39m
[31m+           "attachments": [],[39m
[31m+           "links": [],[39m
[31m+         },[39m
[31m+         "status": "todo",[39m
[31m+         "tasks": [[39m
[31m+           {[39m
[31m+             "actual_minutes": null,[39m
[31m+             "collaborator_ids": [],[39m
[31m+             "collaborators": [],[39m
[31m+             "completed_at": null,[39m
[31m+             "completed_by": null,[39m
[31m+             "created_at": "2025-06-26T11:20:43.473345+00:00",[39m
[31m+             "cycle_config": {},[39m
[31m+             "description": null,[39m
[31m+             "estimated_minutes": null,[39m
[31m+             "goal_id": "8552faab-6858-42dc-947e-9a47c082448f",[39m
[31m+             "help_message": null,[39m
[31m+             "id": "75cda089-c4db-4431-bcb0-107c41a9409d",[39m
[31m+             "is_recurring": false,[39m
[31m+             "need_help": false,[39m
[31m+             "order_index": 0,[39m
[31m+             "owner": null,[39m
[31m+             "owner_id": null,[39m
[31m+             "priority": "medium",[39m
[31m+             "progress_data": {},[39m
[31m+             "records": [],[39m
[31m+             "recurring_config": {},[39m
[31m+             "reference_info": {[39m
[31m+               "attachments": [],[39m
[31m+               "links": [],[39m
[31m+             },[39m
[31m+             "replied_by": null,[39m
[31m+             "reply_at": null,[39m
[31m+             "reply_message": null,[39m
[31m+             "special_flags": [],[39m
[31m+             "status": "todo",[39m
[31m+             "task_config": {},[39m
[31m+             "task_type": "single",[39m
[31m+             "title": "詩韻優美",[39m
[31m+             "updated_at": "2025-07-02T12:11:30.101083+00:00",[39m
[31m+             "version": 1,[39m
[31m+           },[39m
[31m+           {[39m
[31m+             "actual_minutes": null,[39m
[31m+             "collaborator_ids": [],[39m
[31m+             "collaborators": [],[39m
[31m+             "completed_at": null,[39m
[31m+             "completed_by": null,[39m
[31m+             "created_at": "2025-06-26T11:20:43.473345+00:00",[39m
[31m+             "cycle_config": {},[39m
[31m+             "description": null,[39m
[31m+             "estimated_minutes": null,[39m
[31m+             "goal_id": "8552faab-6858-42dc-947e-9a47c082448f",[39m
[31m+             "help_message": null,[39m
[31m+             "id": "39661719-7d43-484b-88d3-47f61901f24f",[39m
[31m+             "is_recurring": false,[39m
[31m+             "need_help": false,[39m
[31m+             "order_index": 0,[39m
[31m+             "owner": null,[39m
[31m+             "owner_id": null,[39m
[31m+             "priority": "medium",[39m
[31m+             "progress_data": {},[39m
[31m+             "records": [],[39m
[31m+             "recurring_config": {},[39m
[31m+             "reference_info": {[39m
[31m+               "attachments": [],[39m
[31m+               "links": [],[39m
[31m+             },[39m
[31m+             "replied_by": null,[39m
[31m+             "reply_at": null,[39m
[31m+             "reply_message": null,[39m
[31m+             "special_flags": [],[39m
[31m+             "status": "todo",[39m
[31m+             "task_config": {},[39m
[31m+             "task_type": "single",[39m
[31m+             "title": "押韻好記",[39m
[31m+             "updated_at": "2025-07-02T12:11:30.101083+00:00",[39m
[31m+             "version": 1,[39m
[31m+           },[39m
[31m+         ],[39m
[31m+         "title": "認識詩的韻律",[39m
[31m+         "topic_id": "6bc8ffd8-9350-4710-b8fc-97c930e3f343",[39m
[31m+         "updated_at": "2025-07-03T00:15:06.534033+00:00",[39m
[31m+         "version": 2,[39m
[31m+       },[39m
[31m+       {[39m
[31m+         "collaborator_ids": [],[39m
[31m+         "collaborators": [],[39m
[31m+         "created_at": "2025-06-26T11:20:43.473345+00:00",[39m
[31m+         "description": null,[39m
[31m+         "help_message": null,[39m
[31m+         "help_resolved_at": null,[39m
[31m+         "id": "07dd6b18-592a-45d7-aa4b-7d8801b5b534",[39m
[31m+         "need_help": false,[39m
[31m+         "order_index": 0,[39m
[31m+         "owner": null,[39m
[31m+         "owner_id": null,[39m
[31m+         "priority": "medium",[39m
[31m+         "reference_info": {[39m
[31m+           "attachments": [],[39m
[31m+           "links": [],[39m
[31m+         },[39m
[31m+         "status": "todo",[39m
[31m+         "tasks": [[39m
[31m+           {[39m
[31m+             "actual_minutes": null,[39m
[31m+             "collaborator_ids": [],[39m
[31m+             "collaborators": [],[39m
[31m+             "completed_at": null,[39m
[31m+             "completed_by": null,[39m
[31m+             "created_at": "2025-06-26T11:20:43.473345+00:00",[39m
[31m+             "cycle_config": {},[39m
[31m+             "description": null,[39m
[31m+             "estimated_minutes": null,[39m
[31m+             "goal_id": "07dd6b18-592a-45d7-aa4b-7d8801b5b534",[39m
[31m+             "help_message": null,[39m
[31m+             "id": "ec372cdd-a4d9-4178-8c24-4a18d8f36839",[39m
[31m+             "is_recurring": false,[39m
[31m+             "need_help": false,[39m
[31m+             "order_index": 0,[39m
[31m+             "owner": null,[39m
[31m+             "owner_id": null,[39m
[31m+             "priority": "medium",[39m
[31m+             "progress_data": {},[39m
[31m+             "records": [[39m
[31m+               {[39m
[31m+                 "completion_time": null,[39m
[31m+                 "created_at": "2025-07-03T06:29:23.397737+00:00",[39m
[31m+                 "difficulty": 3,[39m
[31m+                 "files": [],[39m
[31m+                 "id": "92d01740-bdaa-402c-8c0f-e4218374132f",[39m
[31m+                 "message": "aefe",[39m
[31m+                 "tags": [[39m
[31m+                   "難度3星",[39m
[31m+                 ],[39m
[31m+                 "title": "找出詩中的歷史故事",[39m
[31m+               },[39m
[31m+             ],[39m
[31m+             "recurring_config": {},[39m
[31m+             "reference_info": {[39m
[31m+               "attachments": [],[39m
[31m+               "links": [],[39m
[31m+             },[39m
[31m+             "replied_by": null,[39m
[31m+             "reply_at": null,[39m
[31m+             "reply_message": null,[39m
[31m+             "special_flags": [],[39m
[31m+             "status": "in_progress",[39m
[31m+             "task_config": {},[39m
[31m+             "task_type": "single",[39m
[31m+             "title": "找出詩中的歷史故事",[39m
[31m+             "updated_at": "2025-07-02T12:11:30.101083+00:00",[39m
[31m+             "version": 1,[39m
[31m+           },[39m
[31m+           {[39m
[31m+             "actual_minutes": null,[39m
[31m+             "collaborator_ids": [],[39m
[31m+             "collaborators": [],[39m
[31m+             "completed_at": null,[39m
[31m+             "completed_by": null,[39m
[31m+             "created_at": "2025-06-26T11:20:43.473345+00:00",[39m
[31m+             "cycle_config": {},[39m
[31m+             "description": null,[39m
[31m+             "estimated_minutes": null,[39m
[31m+             "goal_id": "07dd6b18-592a-45d7-aa4b-7d8801b5b534",[39m
[31m+             "help_message": null,[39m
[31m+             "id": "b22766b7-29b6-4799-980c-f67ce485768e",[39m
[31m+             "is_recurring": false,[39m
[31m+             "need_help": false,[39m
[31m+             "order_index": 0,[39m
[31m+             "owner": null,[39m
[31m+             "owner_id": null,[39m
[31m+             "priority": "medium",[39m
[31m+             "progress_data": {},[39m
[31m+             "records": [],[39m
[31m+             "recurring_config": {},[39m
[31m+             "reference_info": {[39m
[31m+               "attachments": [],[39m
[31m+               "links": [],[39m
[31m+             },[39m
[31m+             "replied_by": null,[39m
[31m+             "reply_at": null,[39m
[31m+             "reply_message": null,[39m
[31m+             "special_flags": [],[39m
[31m+             "status": "todo",[39m
[31m+             "task_config": {},[39m
[31m+             "task_type": "single",[39m
[31m+             "title": "創作自己的典故",[39m
[31m+             "updated_at": "2025-07-02T12:11:30.101083+00:00",[39m
[31m+             "version": 1,[39m
[31m+           },[39m
[31m+         ],[39m
[31m+         "title": "探索詩的典故",[39m
[31m+         "topic_id": "6bc8ffd8-9350-4710-b8fc-97c930e3f343",[39m
[31m+         "updated_at": "2025-07-03T00:15:06.534033+00:00",[39m
[31m+         "version": 2,[39m
[31m+       },[39m
[31m+       {[39m
[31m+         "collaborator_ids": [],[39m
[31m+         "collaborators": [],[39m
[31m+         "created_at": "2025-06-26T11:20:43.473345+00:00",[39m
[31m+         "description": null,[39m
[31m+         "help_message": null,[39m
[31m+         "help_resolved_at": null,[39m
[31m+         "id": "17a63164-a2c9-4c62-9b2a-dc4115f57d24",[39m
[31m+         "need_help": false,[39m
[31m+         "order_index": 0,[39m
[31m+         "owner": null,[39m
[31m+         "owner_id": null,[39m
[31m+         "priority": "medium",[39m
[31m+         "reference_info": {[39m
[31m+           "attachments": [],[39m
[31m+           "links": [],[39m
[31m+         },[39m
[31m+         "status": "todo",[39m
[31m+         "tasks": [[39m
[31m+           {[39m
[31m+             "actual_minutes": null,[39m
[31m+             "collaborator_ids": [],[39m
[31m+             "collaborators": [],[39m
[31m+             "completed_at": null,[39m
[31m+             "completed_by": null,[39m
[31m+             "created_at": "2025-06-26T11:20:43.473345+00:00",[39m
[31m+             "cycle_config": {},[39m
[31m+             "description": null,[39m
[31m+             "estimated_minutes": null,[39m
[31m+             "goal_id": "17a63164-a2c9-4c62-9b2a-dc4115f57d24",[39m
[31m+             "help_message": null,[39m
[31m+             "id": "43ecec60-7401-4151-9d7d-95322cfb3b31",[39m
[31m+             "is_recurring": false,[39m
[31m+             "need_help": false,[39m
[31m+             "order_index": 0,[39m
[31m+             "owner": null,[39m
[31m+             "owner_id": null,[39m
[31m+             "priority": "medium",[39m
[31m+             "progress_data": {},[39m
[31m+             "records": [],[39m
[31m+             "recurring_config": {},[39m
[31m+             "reference_info": {[39m
[31m+               "attachments": [],[39m
[31m+               "links": [],[39m
[31m+             },[39m
[31m+             "replied_by": null,[39m
[31m+             "reply_at": null,[39m
[31m+             "reply_message": null,[39m
[31m+             "special_flags": [],[39m
[31m+             "status": "in_progress",[39m
[31m+             "task_config": {},[39m
[31m+             "task_type": "single",[39m
[31m+             "title": "畫出詩中的畫面",[39m
[31m+             "updated_at": "2025-07-02T12:11:30.101083+00:00",[39m
[31m+             "version": 1,[39m
[31m+           },[39m
[31m+           {[39m
[31m+             "actual_minutes": null,[39m
[31m+             "collaborator_ids": [],[39m
[31m+             "collaborators": [],[39m
[31m+             "completed_at": "2025-07-02T02:22:26.529+00:00",[39m
[31m+             "completed_by": null,[39m
[31m+             "created_at": "2025-06-26T11:20:43.473345+00:00",[39m
[31m+             "cycle_config": {},[39m
[31m+             "description": null,[39m
[31m+             "estimated_minutes": null,[39m
[31m+             "goal_id": "17a63164-a2c9-4c62-9b2a-dc4115f57d24",[39m
[31m+             "help_message": null,[39m
[31m+             "id": "4723df3e-1de3-440b-90f6-24ad05fffd33",[39m
[31m+             "is_recurring": false,[39m
[31m+             "need_help": false,[39m
[31m+             "order_index": 0,[39m
[31m+             "owner": null,[39m
[31m+             "owner_id": null,[39m
[31m+             "priority": "medium",[39m
[31m+             "progress_data": {},[39m
[31m+             "records": [],[39m
[31m+             "recurring_config": {},[39m
[31m+             "reference_info": {[39m
[31m+               "attachments": [],[39m
[31m+               "links": [],[39m
[31m+             },[39m
[31m+             "replied_by": null,[39m
[31m+             "reply_at": null,[39m
[31m+             "reply_message": null,[39m
[31m+             "special_flags": [],[39m
[31m+             "status": "done",[39m
[31m+             "task_config": {},[39m
[31m+             "task_type": "single",[39m
[31m+             "title": "分享詩中的情感",[39m
[31m+             "updated_at": "2025-07-02T12:11:30.101083+00:00",[39m
[31m+             "version": 1,[39m
[31m+           },[39m
[31m+         ],[39m
[31m+         "title": "感受詩的意境",[39m
[31m+         "topic_id": "6bc8ffd8-9350-4710-b8fc-97c930e3f343",[39m
[31m+         "updated_at": "2025-07-03T00:15:06.534033+00:00",[39m
[31m+         "version": 2,[39m
[31m+       },[39m
[31m+       {[39m
[31m+         "collaborator_ids": [],[39m
[31m+         "collaborators": [],[39m
[31m+         "created_at": "2025-06-26T11:20:43.473345+00:00",[39m
[31m+         "description": "",[39m
[31m+         "help_message": null,[39m
[31m+         "help_resolved_at": null,[39m
[31m+         "id": "79229a78-848e-49d6-82a8-b6a21af60d85",[39m
[31m+         "need_help": false,[39m
[31m+         "order_index": 4,[39m
[31m+         "owner": null,[39m
[31m+         "owner_id": null,[39m
[31m+         "priority": "medium",[39m
[31m+         "reference_info": {[39m
[31m+           "attachments": [],[39m
[31m+           "links": [],[39m
[31m+         },[39m
[31m+         "status": "todo",[39m
[31m+         "tasks": [],[39m
[31m+         "title": "新目標",[39m
[31m+         "topic_id": "6bc8ffd8-9350-4710-b8fc-97c930e3f343",[39m
[31m+         "updated_at": "2025-07-03T00:15:06.534033+00:00",[39m
[31m+         "version": 2,[39m
[31m+       },[39m
[31m+     ],[39m
[31m+     "id": "6bc8ffd8-9350-4710-b8fc-97c930e3f343",[39m
[31m+     "is_collaborative": false,[39m
[31m+     "owner": {[39m
[31m+       "avatar": undefined,[39m
[31m+       "email": "",[39m
[31m+       "id": "2e06295e-45fe-4f4c-b0f2-afe3f7c458fd",[39m
[31m+       "name": "User-2e06295e",[39m
[31m+       "role": "student",[39m
[31m+       "roles": [[39m
[31m+         "student",[39m
[31m+       ],[39m
[31m+     },[39m
[31m+     "owner_id": "2e06295e-45fe-4f4c-b0f2-afe3f7c458fd",[39m
[31m+     "progress": 13,[39m
[31m+     "reference_info": {[39m
[31m+       "attachments": [],[39m
[31m+       "links": [],[39m
[31m+     },[39m
[31m+     "show_avatars": true,[39m
[31m+     "status": "active",[39m
[31m+     "subject": "國語",[39m
[31m+     "template_id": null,[39m
[31m+     "template_version": null,[39m
[31m+     "title": "探索唐詩之美",[39m
[31m+     "topic_type": "學習目標",[39m
[31m+     "type": "learning",[39m
[31m+     "updated_at": "2025-07-02T14:13:37.558419+00:00",[39m
[31m+     "version": 2,[39m
[31m+   },[39m
[31m+   {[39m
[31m+     "bubbles": [[39m
[31m+       {[39m
[31m+         "bubbleType": "background",[39m
[31m+         "content": "看到種子發芽的過程，對植物的生長感到好奇",[39m
[31m+         "id": "bubble-4-1",[39m
[31m+         "parentId": "4",[39m
[31m+         "title": "種子發芽",[39m
[31m+       },[39m
[31m+       {[39m
[31m+         "bubbleType": "background",[39m
[31m+         "content": "發芽、生長、開花、結果",[39m
[31m+         "id": "bubble-4-2",[39m
[31m+         "parentId": "4",[39m
[31m+         "title": "植物生長",[39m
[31m+       },[39m
[31m+     ],[39m
[31m+     "category": null,[39m
[31m+     "collaborators": [],[39m
[31m+     "created_at": "2025-06-26T11:21:39.918453+00:00",[39m
[31m+     "description": "透過觀察了解植物的生命週期",[39m
[31m+     "due_date": null,[39m
[31m+     "focus_element": null,[39m
[31m+     "goals": [[39m
[31m+       {[39m
[31m+         "collaborator_ids": [],[39m
[31m+         "collaborators": [],[39m
[31m+         "created_at": "2025-06-26T11:21:39.918453+00:00",[39m
[31m+         "description": null,[39m
[31m+         "help_message": null,[39m
[31m+         "help_resolved_at": null,[39m
[31m+         "id": "ca242814-303a-4e41-8b42-0ebe5fb6f4c5",[39m
[31m+         "need_help": false,[39m
[31m+         "order_index": 0,[39m
[31m+         "owner": null,[39m
[31m+         "owner_id": null,[39m
[31m+         "priority": "medium",[39m
[31m+         "reference_info": {[39m
[31m+           "attachments": [],[39m
[31m+           "links": [],[39m
[31m+         },[39m
[31m+         "status": "todo",[39m
[31m+         "tasks": [[39m
[31m+           {[39m
[31m+             "actual_minutes": null,[39m
[31m+             "collaborator_ids": [],[39m
[31m+             "collaborators": [],[39m
[31m+             "completed_at": "2025-06-30T09:15:11.018+00:00",[39m
[31m+             "completed_by": null,[39m
[31m+             "created_at": "2025-06-26T11:21:39.918453+00:00",[39m
[31m+             "cycle_config": {},[39m
[31m+             "description": null,[39m
[31m+             "estimated_minutes": null,[39m
[31m+             "goal_id": "ca242814-303a-4e41-8b42-0ebe5fb6f4c5",[39m
[31m+             "help_message": null,[39m
[31m+             "id": "aaa792f3-b598-4936-9464-e9667e0e1e42",[39m
[31m+             "is_recurring": false,[39m
[31m+             "need_help": false,[39m
[31m+             "order_index": 0,[39m
[31m+             "owner": null,[39m
[31m+             "owner_id": null,[39m
[31m+             "priority": "medium",[39m
[31m+             "progress_data": {},[39m
[31m+             "records": [],[39m
[31m+             "recurring_config": {},[39m
[31m+             "reference_info": {[39m
[31m+               "attachments": [],[39m
[31m+               "links": [],[39m
[31m+             },[39m
[31m+             "replied_by": null,[39m
[31m+             "reply_at": null,[39m
[31m+             "reply_message": null,[39m
[31m+             "special_flags": [],[39m
[31m+             "status": "done",[39m
[31m+             "task_config": {},[39m
[31m+             "task_type": "single",[39m
[31m+             "title": "觀察種子發芽的變化",[39m
[31m+             "updated_at": "2025-07-02T12:11:30.101083+00:00",[39m
[31m+             "version": 1,[39m
[31m+           },[39m
[31m+           {[39m
[31m+             "actual_minutes": null,[39m
[31m+             "collaborator_ids": [],[39m
[31m+             "collaborators": [],[39m
[31m+             "completed_at": null,[39m
[31m+             "completed_by": null,[39m
[31m+             "created_at": "2025-06-26T11:21:39.918453+00:00",[39m
[31m+             "cycle_config": {},[39m
[31m+             "description": null,[39m
[31m+             "estimated_minutes": null,[39m
[31m+             "goal_id": "ca242814-303a-4e41-8b42-0ebe5fb6f4c5",[39m
[31m+             "help_message": null,[39m
[31m+             "id": "7ba893d4-76f9-45d4-a127-063706f2cd2b",[39m
[31m+             "is_recurring": false,[39m
[31m+             "need_help": false,[39m
[31m+             "order_index": 0,[39m
[31m+             "owner": null,[39m
[31m+             "owner_id": null,[39m
[31m+             "priority": "medium",[39m
[31m+             "progress_data": {},[39m
[31m+             "records": [],[39m
[31m+             "recurring_config": {},[39m
[31m+             "reference_info": {[39m
[31m+               "attachments": [],[39m
[31m+               "links": [],[39m
[31m+             },[39m
[31m+             "replied_by": null,[39m
[31m+             "reply_at": null,[39m
[31m+             "reply_message": null,[39m
[31m+             "special_flags": [],[39m
[31m+             "status": "todo",[39m
[31m+             "task_config": {},[39m
[31m+             "task_type": "single",[39m
[31m+             "title": "測量幼苗的生長",[39m
[31m+             "updated_at": "2025-07-02T12:11:30.101083+00:00",[39m
[31m+             "version": 1,[39m
[31m+           },[39m
[31m+         ],[39m
[31m+         "title": "發芽過程",[39m
[31m+         "topic_id": "354ea0e1-5b90-49b3-b745-5083a4fa2f24",[39m
[31m+         "updated_at": "2025-07-03T00:15:06.534033+00:00",[39m
[31m+         "version": 2,[39m
[31m+       },[39m
[31m+       {[39m
[31m+         "collaborator_ids": [],[39m
[31m+         "collaborators": [],[39m
[31m+         "created_at": "2025-06-26T11:21:39.918453+00:00",[39m
[31m+         "description": null,[39m
[31m+         "help_message": null,[39m
[31m+         "help_resolved_at": null,[39m
[31m+         "id": "850c391d-7d9a-4b21-9afe-55da6adee952",[39m
[31m+         "need_help": false,[39m
[31m+         "order_index": 0,[39m
[31m+         "owner": null,[39m
[31m+         "owner_id": null,[39m
[31m+         "priority": "medium",[39m
[31m+         "reference_info": {[39m
[31m+           "attachments": [],[39m
[31m+           "links": [],[39m
[31m+         },[39m
[31m+         "status": "todo",[39m
[31m+         "tasks": [[39m
[31m+           {[39m
[31m+             "actual_minutes": null,[39m
[31m+             "collaborator_ids": [],[39m
[31m+             "collaborators": [],[39m
[31m+             "completed_at": null,[39m
[31m+             "completed_by": null,[39m
[31m+             "created_at": "2025-06-26T11:21:39.918453+00:00",[39m
[31m+             "cycle_config": {},[39m
[31m+             "description": null,[39m
[31m+             "estimated_minutes": null,[39m
[31m+             "goal_id": "850c391d-7d9a-4b21-9afe-55da6adee952",[39m
[31m+             "help_message": null,[39m
[31m+             "id": "f59f5642-a739-44c6-b081-2952beaa035c",[39m
[31m+             "is_recurring": false,[39m
[31m+             "need_help": false,[39m
[31m+             "order_index": 0,[39m
[31m+             "owner": null,[39m
[31m+             "owner_id": null,[39m
[31m+             "priority": "medium",[39m
[31m+             "progress_data": {},[39m
[31m+             "records": [],[39m
[31m+             "recurring_config": {},[39m
[31m+             "reference_info": {[39m
[31m+               "attachments": [],[39m
[31m+               "links": [],[39m
[31m+             },[39m
[31m+             "replied_by": null,[39m
[31m+             "reply_at": null,[39m
[31m+             "reply_message": null,[39m
[31m+             "special_flags": [],[39m
[31m+             "status": "in_progress",[39m
[31m+             "task_config": {},[39m
[31m+             "task_type": "single",[39m
[31m+             "title": "發芽過程",[39m
[31m+             "updated_at": "2025-07-03T11:07:48.265643+00:00",[39m
[31m+             "version": 2,[39m
[31m+           },[39m
[31m+           {[39m
[31m+             "actual_minutes": null,[39m
[31m+             "collaborator_ids": [],[39m
[31m+             "collaborators": [],[39m
[31m+             "completed_at": null,[39m
[31m+             "completed_by": null,[39m
[31m+             "created_at": "2025-06-26T11:21:39.918453+00:00",[39m
[31m+             "cycle_config": {},[39m
[31m+             "description": null,[39m
[31m+             "estimated_minutes": null,[39m
[31m+             "goal_id": "850c391d-7d9a-4b21-9afe-55da6adee952",[39m
[31m+             "help_message": null,[39m
[31m+             "id": "c10d0ac2-c5c4-40b3-8f0b-e3481d332add",[39m
[31m+             "is_recurring": false,[39m
[31m+             "need_help": false,[39m
[31m+             "order_index": 0,[39m
[31m+             "owner": null,[39m
[31m+             "owner_id": null,[39m
[31m+             "priority": "medium",[39m
[31m+             "progress_data": {},[39m
[31m+             "records": [],[39m
[31m+             "recurring_config": {},[39m
[31m+             "reference_info": {[39m
[31m+               "attachments": [],[39m
[31m+               "links": [],[39m
[31m+             },[39m
[31m+             "replied_by": null,[39m
[31m+             "reply_at": null,[39m
[31m+             "reply_message": null,[39m
[31m+             "special_flags": [],[39m
[31m+             "status": "todo",[39m
[31m+             "task_config": {},[39m
[31m+             "task_type": "single",[39m
[31m+             "title": "種子變化",[39m
[31m+             "updated_at": "2025-07-02T12:11:30.101083+00:00",[39m
[31m+             "version": 1,[39m
[31m+           },[39m
[31m+         ],[39m
[31m+         "title": "種子探索",[39m
[31m+         "topic_id": "354ea0e1-5b90-49b3-b745-5083a4fa2f24",[39m
[31m+         "updated_at": "2025-07-03T00:15:06.534033+00:00",[39m
[31m+         "version": 2,[39m
[31m+       },[39m
[31m+       {[39m
[31m+         "collaborator_ids": [],[39m
[31m+         "collaborators": [],[39m
[31m+         "created_at": "2025-06-26T11:21:39.918453+00:00",[39m
[31m+         "description": null,[39m
[31m+         "help_message": null,[39m
[31m+         "help_resolved_at": null,[39m
[31m+         "id": "0d90f493-77eb-4bce-a4ad-cdb3aac3ed8a",[39m
[31m+         "need_help": false,[39m
[31m+         "order_index": 0,[39m
[31m+         "owner": null,[39m
[31m+         "owner_id": null,[39m
[31m+         "priority": "medium",[39m
[31m+         "reference_info": {[39m
[31m+           "attachments": [],[39m
[31m+           "links": [],[39m
[31m+         },[39m
[31m+         "status": "todo",[39m
[31m+         "tasks": [[39m
[31m+           {[39m
[31m+             "actual_minutes": null,[39m
[31m+             "collaborator_ids": [],[39m
[31m+             "collaborators": [],[39m
[31m+             "completed_at": null,[39m
[31m+             "completed_by": null,[39m
[31m+             "created_at": "2025-06-26T11:21:39.918453+00:00",[39m
[31m+             "cycle_config": {},[39m
[31m+             "description": null,[39m
[31m+             "estimated_minutes": null,[39m
[31m+             "goal_id": "0d90f493-77eb-4bce-a4ad-cdb3aac3ed8a",[39m
[31m+             "help_message": null,[39m
[31m+             "id": "4d2205e2-8040-480b-9653-0e5d3f735876",[39m
[31m+             "is_recurring": false,[39m
[31m+             "need_help": false,[39m
[31m+             "order_index": 0,[39m
[31m+             "owner": null,[39m
[31m+             "owner_id": null,[39m
[31m+             "priority": "medium",[39m
[31m+             "progress_data": {},[39m
[31m+             "records": [],[39m
[31m+             "recurring_config": {},[39m
[31m+             "reference_info": {[39m
[31m+               "attachments": [],[39m
[31m+               "links": [],[39m
[31m+             },[39m
[31m+             "replied_by": null,[39m
[31m+             "reply_at": null,[39m
[31m+             "reply_message": null,[39m
[31m+             "special_flags": [],[39m
[31m+             "status": "todo",[39m
[31m+             "task_config": {},[39m
[31m+             "task_type": "single",[39m
[31m+             "title": "觀察葉子的形狀和顏色",[39m
[31m+             "updated_at": "2025-07-02T12:11:30.101083+00:00",[39m
[31m+             "version": 1,[39m
[31m+           },[39m
[31m+           {[39m
[31m+             "actual_minutes": null,[39m
[31m+             "collaborator_ids": [],[39m
[31m+             "collaborators": [],[39m
[31m+             "completed_at": null,[39m
[31m+             "completed_by": null,[39m
[31m+             "created_at": "2025-06-26T11:21:39.918453+00:00",[39m
[31m+             "cycle_config": {},[39m
[31m+             "description": null,[39m
[31m+             "estimated_minutes": null,[39m
[31m+             "goal_id": "0d90f493-77eb-4bce-a4ad-cdb3aac3ed8a",[39m
[31m+             "help_message": null,[39m
[31m+             "id": "128cfb17-8347-4f64-bceb-d0ffeeee8853",[39m
[31m+             "is_recurring": false,[39m
[31m+             "need_help": false,[39m
[31m+             "order_index": 0,[39m
[31m+             "owner": null,[39m
[31m+             "owner_id": null,[39m
[31m+             "priority": "medium",[39m
[31m+             "progress_data": {},[39m
[31m+             "records": [],[39m
[31m+             "recurring_config": {},[39m
[31m+             "reference_info": {[39m
[31m+               "attachments": [],[39m
[31m+               "links": [],[39m
[31m+             },[39m
[31m+             "replied_by": null,[39m
[31m+             "reply_at": null,[39m
[31m+             "reply_message": null,[39m
[31m+             "special_flags": [],[39m
[31m+             "status": "todo",[39m
[31m+             "task_config": {},[39m
[31m+             "task_type": "single",[39m
[31m+             "title": "研究葉子的功能",[39m
[31m+             "updated_at": "2025-07-02T12:11:30.101083+00:00",[39m
[31m+             "version": 1,[39m
[31m+           },[39m
[31m+         ],[39m
[31m+         "title": "葉子研究",[39m
[31m+         "topic_id": "354ea0e1-5b90-49b3-b745-5083a4fa2f24",[39m
[31m+         "updated_at": "2025-07-03T00:15:06.534033+00:00",[39m
[31m+         "version": 2,[39m
[31m+       },[39m
[31m+       {[39m
[31m+         "collaborator_ids": [],[39m
[31m+         "collaborators": [],[39m
[31m+         "created_at": "2025-06-26T11:21:39.918453+00:00",[39m
[31m+         "description": null,[39m
[31m+         "help_message": null,[39m
[31m+         "help_resolved_at": null,[39m
[31m+         "id": "9d8b7a85-2f7a-4896-8e28-72255baa075a",[39m
[31m+         "need_help": false,[39m
[31m+         "order_index": 0,[39m
[31m+         "owner": null,[39m
[31m+         "owner_id": null,[39m
[31m+         "priority": "medium",[39m
[31m+         "reference_info": {[39m
[31m+           "attachments": [],[39m
[31m+           "links": [],[39m
[31m+         },[39m
[31m+         "status": "todo",[39m
[31m+         "tasks": [[39m
[31m+           {[39m
[31m+             "actual_minutes": null,[39m
[31m+             "collaborator_ids": [],[39m
[31m+             "collaborators": [],[39m
[31m+             "completed_at": null,[39m
[31m+             "completed_by": null,[39m
[31m+             "created_at": "2025-06-26T11:21:39.918453+00:00",[39m
[31m+             "cycle_config": {},[39m
[31m+             "description": null,[39m
[31m+             "estimated_minutes": null,[39m
[31m+             "goal_id": "9d8b7a85-2f7a-4896-8e28-72255baa075a",[39m
[31m+             "help_message": null,[39m
[31m+             "id": "af424966-d752-471b-a6bc-836ae6de1b94",[39m
[31m+             "is_recurring": false,[39m
[31m+             "need_help": false,[39m
[31m+             "order_index": 0,[39m
[31m+             "owner": null,[39m
[31m+             "owner_id": null,[39m
[31m+             "priority": "medium",[39m
[31m+             "progress_data": {},[39m
[31m+             "records": [],[39m
[31m+             "recurring_config": {},[39m
[31m+             "reference_info": {[39m
[31m+               "attachments": [],[39m
[31m+               "links": [],[39m
[31m+             },[39m
[31m+             "replied_by": null,[39m
[31m+             "reply_at": null,[39m
[31m+             "reply_message": null,[39m
[31m+             "special_flags": [],[39m
[31m+             "status": "todo",[39m
[31m+             "task_config": {},[39m
[31m+             "task_type": "single",[39m
[31m+             "title": "記錄果實的形成",[39m
[31m+             "updated_at": "2025-07-02T12:11:30.101083+00:00",[39m
[31m+             "version": 1,[39m
[31m+           },[39m
[31m+           {[39m
[31m+             "actual_minutes": null,[39m
[31m+             "collaborator_ids": [],[39m
[31m+             "collaborators": [],[39m
[31m+             "completed_at": null,[39m
[31m+             "completed_by": null,[39m
[31m+             "created_at": "2025-06-26T11:21:39.918453+00:00",[39m
[31m+             "cycle_config": {},[39m
[31m+             "description": null,[39m
[31m+             "estimated_minutes": null,[39m
[31m+             "goal_id": "9d8b7a85-2f7a-4896-8e28-72255baa075a",[39m
[31m+             "help_message": null,[39m
[31m+             "id": "022762c9-b432-44a3-84ed-74c07a0c4136",[39m
[31m+             "is_recurring": false,[39m
[31m+             "need_help": false,[39m
[31m+             "order_index": 0,[39m
[31m+             "owner": null,[39m
[31m+             "owner_id": null,[39m
[31m+             "priority": "medium",[39m
[31m+             "progress_data": {},[39m
[31m+             "records": [],[39m
[31m+             "recurring_config": {},[39m
[31m+             "reference_info": {[39m
[31m+               "attachments": [],[39m
[31m+               "links": [],[39m
[31m+             },[39m
[31m+             "replied_by": null,[39m
[31m+             "reply_at": null,[39m
[31m+             "reply_message": null,[39m
[31m+             "special_flags": [],[39m
[31m+             "status": "todo",[39m
[31m+             "task_config": {},[39m
[31m+             "task_type": "single",[39m
[31m+             "title": "觀察花朵的結構",[39m
[31m+             "updated_at": "2025-07-02T12:11:30.101083+00:00",[39m
[31m+             "version": 1,[39m
[31m+           },[39m
[31m+         ],[39m
[31m+         "title": "開花結果",[39m
[31m+         "topic_id": "354ea0e1-5b90-49b3-b745-5083a4fa2f24",[39m
[31m+         "updated_at": "2025-07-03T00:15:06.534033+00:00",[39m
[31m+         "version": 2,[39m
[31m+       },[39m
[31m+     ],[39m
[31m+     "id": "354ea0e1-5b90-49b3-b745-5083a4fa2f24",[39m
[31m+     "is_collaborative": false,[39m
[31m+     "owner": {[39m
[31m+       "avatar": undefined,[39m
[31m+       "email": "",[39m
[31m+       "id": "2e06295e-45fe-4f4c-b0f2-afe3f7c458fd",[39m
[31m+       "name": "User-2e06295e",[39m
[31m+       "role": "student",[39m
[31m+       "roles": [[39m
[31m+         "student",[39m
[31m+       ],[39m
[31m+     },[39m
[31m+     "owner_id": "2e06295e-45fe-4f4c-b0f2-afe3f7c458fd",[39m
[31m+     "progress": 13,[39m
[31m+     "reference_info": {[39m
[31m+       "attachments": [],[39m
[31m+       "links": [],[39m
[31m+     },[39m
[31m+     "show_avatars": true,[39m
[31m+     "status": "active",[39m
[31m+     "subject": "自然",[39m
[31m+     "template_id": null,[39m
[31m+     "template_version": null,[39m
[31m+     "title": "探索植物生長",[39m
[31m+     "topic_type": "學習目標",[39m
[31m+     "type": "learning",[39m
[31m+     "updated_at": "2025-07-02T14:13:37.558419+00:00",[39m
[31m+     "version": 2,[39m
[31m+   },[39m
[31m+   {[39m
[31m+     "bubbles": [],[39m
[31m+     "category": "learning",[39m
[31m+     "collaborators": [],[39m
[31m+     "created_at": "2025-07-01T06:30:01.257915+00:00",[39m
[31m+     "description": "請輸入主題描述",[39m
[31m+     "due_date": null,[39m
[31m+     "focus_element": null,[39m
[31m+     "goals": [],[39m
[31m+     "id": "d4e0adfe-7c33-4ca1-b397-329b6486cc17",[39m
[31m+     "is_collaborative": false,[39m
[31m+     "owner": {[39m
[31m+       "avatar": undefined,[39m
[31m+       "email": "",[39m
[31m+       "id": "2e06295e-45fe-4f4c-b0f2-afe3f7c458fd",[39m
[31m+       "name": "User-2e06295e",[39m
[31m+       "role": "student",[39m
[31m+       "roles": [[39m
[31m+         "student",[39m
[31m+       ],[39m
[31m+     },[39m
[31m+     "owner_id": "2e06295e-45fe-4f4c-b0f2-afe3f7c458fd",[39m
[31m+     "progress": 0,[39m
[31m+     "reference_info": {[39m
[31m+       "attachments": [],[39m
[31m+       "links": [],[39m
[31m+     },[39m
[31m+     "show_avatars": true,[39m
[31m+     "status": "active",[39m
[31m+     "subject": "自訂",[39m
[31m+     "template_id": null,[39m
[31m+     "template_version": null,[39m
[31m+     "title": "新主題",[39m
[31m+     "topic_type": "學習目標",[39m
[31m+     "type": "學習目標",[39m
[31m+     "updated_at": "2025-07-02T14:13:37.558419+00:00",[39m
[31m+     "version": 2,[39m
[31m+   },[39m
[31m+   {[39m
[31m+     "bubbles": [[39m
[31m+       {[39m
[31m+         "bubbleType": "background",[39m
[31m+         "content": "看到火箭發射的影片，想知道為什麼火箭能飛得這麼高",[39m
[31m+         "id": "bubble-8-1",[39m
[31m+         "parentId": "8",[39m
[31m+         "title": "可以去月球嗎",[39m
[31m+       },[39m
[31m+       {[39m
[31m+         "bubbleType": "background",[39m
[31m+         "content": "火箭、推力、重力、空氣阻力、牛頓運動定律",[39m
[31m+         "id": "bubble-8-2",[39m
[31m+         "parentId": "8",[39m
[31m+         "title": "想知道飛行原理",[39m
[31m+       },[39m
[31m+     ],[39m
[31m+     "category": null,[39m
[31m+     "collaborators": [],[39m
[31m+     "created_at": "2025-06-26T11:22:40.673278+00:00",[39m
[31m+     "description": "透過觀察、行動、學習和分享，探索火箭飛行的原理",[39m
[31m+     "due_date": null,[39m
[31m+     "focus_element": null,[39m
[31m+     "goals": [[39m
[31m+       {[39m
[31m+         "collaborator_ids": [],[39m
[31m+         "collaborators": [],[39m
[31m+         "created_at": "2025-06-26T11:22:40.673278+00:00",[39m
[31m+         "description": null,[39m
[31m+         "help_message": null,[39m
[31m+         "help_resolved_at": null,[39m
[31m+         "id": "6a015700-4ed1-4864-ac83-f1bf113ac3d2",[39m
[31m+         "need_help": false,[39m
[31m+         "order_index": 0,[39m
[31m+         "owner": null,[39m
[31m+         "owner_id": null,[39m
[31m+         "priority": "medium",[39m
[31m+         "reference_info": {[39m
[31m+           "attachments": [],[39m
[31m+           "links": [],[39m
[31m+         },[39m
[31m+         "status": "todo",[39m
[31m+         "tasks": [[39m
[31m+           {[39m
[31m+             "actual_minutes": null,[39m
[31m+             "collaborator_ids": [],[39m
[31m+             "collaborators": [],[39m
[31m+             "completed_at": null,[39m
[31m+             "completed_by": null,[39m
[31m+             "created_at": "2025-06-26T11:22:40.673278+00:00",[39m
[31m+             "cycle_config": {},[39m
[31m+             "description": null,[39m
[31m+             "estimated_minutes": null,[39m
[31m+             "goal_id": "6a015700-4ed1-4864-ac83-f1bf113ac3d2",[39m
[31m+             "help_message": null,[39m
[31m+             "id": "89976277-cd71-4de3-97bb-dd55daf3bdd5",[39m
[31m+             "is_recurring": false,[39m
[31m+             "need_help": false,[39m
[31m+             "order_index": 0,[39m
[31m+             "owner": null,[39m
[31m+             "owner_id": null,[39m
[31m+             "priority": "medium",[39m
[31m+             "progress_data": {},[39m
[31m+             "records": [],[39m
[31m+             "recurring_config": {},[39m
[31m+             "reference_info": {[39m
[31m+               "attachments": [],[39m
[31m+               "links": [],[39m
[31m+             },[39m
[31m+             "replied_by": null,[39m
[31m+             "reply_at": null,[39m
[31m+             "reply_message": null,[39m
[31m+             "special_flags": [],[39m
[31m+             "status": "todo",[39m
[31m+             "task_config": {},[39m
[31m+             "task_type": "single",[39m
[31m+             "title": "收集火箭發射的影片和圖片",[39m
[31m+             "updated_at": "2025-07-02T12:11:30.101083+00:00",[39m
[31m+             "version": 1,[39m
[31m+           },[39m
[31m+           {[39m
[31m+             "actual_minutes": null,[39m
[31m+             "collaborator_ids": [],[39m
[31m+             "collaborators": [],[39m
[31m+             "completed_at": "2025-06-30T09:01:53.184+00:00",[39m
[31m+             "completed_by": null,[39m
[31m+             "created_at": "2025-06-26T11:22:40.673278+00:00",[39m
[31m+             "cycle_config": {},[39m
[31m+             "description": "",[39m
[31m+             "estimated_minutes": null,[39m
[31m+             "goal_id": "6a015700-4ed1-4864-ac83-f1bf113ac3d2",[39m
[31m+             "help_message": null,[39m
[31m+             "id": "965f90c0-1889-49e4-baa6-b480b885d602",[39m
[31m+             "is_recurring": false,[39m
[31m+             "need_help": false,[39m
[31m+             "order_index": 1,[39m
[31m+             "owner": null,[39m
[31m+             "owner_id": null,[39m
[31m+             "priority": "medium",[39m
[31m+             "progress_data": {},[39m
[31m+             "records": [],[39m
[31m+             "recurring_config": {},[39m
[31m+             "reference_info": {[39m
[31m+               "attachments": [],[39m
[31m+               "links": [],[39m
[31m+             },[39m
[31m+             "replied_by": null,[39m
[31m+             "reply_at": null,[39m
[31m+             "reply_message": null,[39m
[31m+             "special_flags": [],[39m
[31m+             "status": "done",[39m
[31m+             "task_config": {},[39m
[31m+             "task_type": "single",[39m
[31m+             "title": "wfwf",[39m
[31m+             "updated_at": "2025-07-02T12:11:30.101083+00:00",[39m
[31m+             "version": 1,[39m
[31m+           },[39m
[31m+         ],[39m
[31m+         "title": "觀察火箭",[39m
[31m+         "topic_id": "319828bc-9e55-45d9-abe5-46782275df1e",[39m
[31m+         "updated_at": "2025-07-03T00:15:06.534033+00:00",[39m
[31m+         "version": 2,[39m
[31m+       },[39m
[31m+       {[39m
[31m+         "collaborator_ids": [],[39m
[31m+         "collaborators": [],[39m
[31m+         "created_at": "2025-06-26T11:22:40.673278+00:00",[39m
[31m+         "description": null,[39m
[31m+         "help_message": null,[39m
[31m+         "help_resolved_at": null,[39m
[31m+         "id": "7baf9728-b3a7-4d32-9ae4-749c5b35bed3",[39m
[31m+         "need_help": false,[39m
[31m+         "order_index": 0,[39m
[31m+         "owner": null,[39m
[31m+         "owner_id": null,[39m
[31m+         "priority": "medium",[39m
[31m+         "reference_info": {[39m
[31m+           "attachments": [],[39m
[31m+           "links": [],[39m
[31m+         },[39m
[31m+         "status": "todo",[39m
[31m+         "tasks": [[39m
[31m+           {[39m
[31m+             "actual_minutes": null,[39m
[31m+             "collaborator_ids": [],[39m
[31m+             "collaborators": [],[39m
[31m+             "completed_at": "2025-06-30T09:14:46.119+00:00",[39m
[31m+             "completed_by": null,[39m
[31m+             "created_at": "2025-06-26T11:22:40.673278+00:00",[39m
[31m+             "cycle_config": {},[39m
[31m+             "description": null,[39m
[31m+             "estimated_minutes": null,[39m
[31m+             "goal_id": "7baf9728-b3a7-4d32-9ae4-749c5b35bed3",[39m
[31m+             "help_message": null,[39m
[31m+             "id": "e0c7a552-93de-4e96-86bc-1e71ce2fe212",[39m
[31m+             "is_recurring": false,[39m
[31m+             "need_help": false,[39m
[31m+             "order_index": 0,[39m
[31m+             "owner": null,[39m
[31m+             "owner_id": null,[39m
[31m+             "priority": "medium",[39m
[31m+             "progress_data": {},[39m
[31m+             "records": [],[39m
[31m+             "recurring_config": {},[39m
[31m+             "reference_info": {[39m
[31m+               "attachments": [],[39m
[31m+               "links": [],[39m
[31m+             },[39m
[31m+             "replied_by": null,[39m
[31m+             "reply_at": null,[39m
[31m+             "reply_message": null,[39m
[31m+             "special_flags": [],[39m
[31m+             "status": "done",[39m
[31m+             "task_config": {},[39m
[31m+             "task_type": "single",[39m
[31m+             "title": "測試不同水量對飛行高度的影響",[39m
[31m+             "updated_at": "2025-07-02T12:11:30.101083+00:00",[39m
[31m+             "version": 1,[39m
[31m+           },[39m
[31m+           {[39m
[31m+             "actual_minutes": null,[39m
[31m+             "collaborator_ids": [],[39m
[31m+             "collaborators": [],[39m
[31m+             "completed_at": "2025-06-26T14:29:38.189+00:00",[39m
[31m+             "completed_by": null,[39m
[31m+             "created_at": "2025-06-26T11:22:40.673278+00:00",[39m
[31m+             "cycle_config": {},[39m
[31m+             "description": null,[39m
[31m+             "estimated_minutes": null,[39m
[31m+             "goal_id": "7baf9728-b3a7-4d32-9ae4-749c5b35bed3",[39m
[31m+             "help_message": null,[39m
[31m+             "id": "57e38fcb-8f8e-4a34-834a-96eb66cd6bb2",[39m
[31m+             "is_recurring": false,[39m
[31m+             "need_help": false,[39m
[31m+             "order_index": 0,[39m
[31m+             "owner": null,[39m
[31m+             "owner_id": null,[39m
[31m+             "priority": "medium",[39m
[31m+             "progress_data": {},[39m
[31m+             "records": [],[39m
[31m+             "recurring_config": {},[39m
[31m+             "reference_info": {[39m
[31m+               "attachments": [],[39m
[31m+               "links": [],[39m
[31m+             },[39m
[31m+             "replied_by": null,[39m
[31m+             "reply_at": null,[39m
[31m+             "reply_message": null,[39m
[31m+             "special_flags": [],[39m
[31m+             "status": "done",[39m
[31m+             "task_config": {},[39m
[31m+             "task_type": "single",[39m
[31m+             "title": "製作簡單的水火箭",[39m
[31m+             "updated_at": "2025-07-02T12:11:30.101083+00:00",[39m
[31m+             "version": 1,[39m
[31m+           },[39m
[31m+         ],[39m
[31m+         "title": "動手實驗",[39m
[31m+         "topic_id": "319828bc-9e55-45d9-abe5-46782275df1e",[39m
[31m+         "updated_at": "2025-07-03T00:15:06.534033+00:00",[39m
[31m+         "version": 2,[39m
[31m+       },[39m
[31m+     ],[39m
[31m+     "id": "319828bc-9e55-45d9-abe5-46782275df1e",[39m
[31m+     "is_collaborative": false,[39m
[31m+     "owner": {[39m
[31m+       "avatar": undefined,[39m
[31m+       "email": "",[39m
[31m+       "id": "2e06295e-45fe-4f4c-b0f2-afe3f7c458fd",[39m
[31m+       "name": "User-2e06295e",[39m
[31m+       "role": "student",[39m
[31m+       "roles": [[39m
[31m+         "student",[39m
[31m+       ],[39m
[31m+     },[39m
[31m+     "owner_id": "2e06295e-45fe-4f4c-b0f2-afe3f7c458fd",[39m
[31m+     "progress": 75,[39m
[31m+     "reference_info": {[39m
[31m+       "attachments": [],[39m
[31m+       "links": [],[39m
[31m+     },[39m
[31m+     "show_avatars": true,[39m
[31m+     "status": "active",[39m
[31m+     "subject": "自然",[39m
[31m+     "template_id": null,[39m
[31m+     "template_version": null,[39m
[31m+     "title": "火箭能飛多高",[39m
[31m+     "topic_type": "學習目標",[39m
[31m+     "type": "learning",[39m
[31m+     "updated_at": "2025-07-02T14:13:37.558419+00:00",[39m
[31m+     "version": 2,[39m
[31m+   },[39m
[31m+   {[39m
[31m+     "bubbles": [[39m
[31m+       {[39m
[31m+         "bubbleType": "background",[39m
[31m+         "content": "爸媽常說讀書很重要，但我想知道為什麼",[39m
[31m+         "id": "bubble-7-1",[39m
[31m+         "parentId": "7",[39m
[31m+         "title": "爸媽建議",[39m
[31m+       },[39m
[31m+       {[39m
[31m+         "bubbleType": "background",[39m
[31m+         "content": "學習方法、知識獲取、思考能力、自我成長",[39m
[31m+         "id": "bubble-7-2",[39m
[31m+         "parentId": "7",[39m
[31m+         "title": "學習方法",[39m
[31m+       },[39m
[31m+     ],[39m
[31m+     "category": null,[39m
[31m+     "collaborators": [],[39m
[31m+     "created_at": "2025-06-26T11:22:40.673278+00:00",[39m
[31m+     "description": "探索讀書的意義與價值",[39m
[31m+     "due_date": null,[39m
[31m+     "focus_element": null,[39m
[31m+     "goals": [[39m
[31m+       {[39m
[31m+         "collaborator_ids": [],[39m
[31m+         "collaborators": [],[39m
[31m+         "created_at": "2025-06-26T11:22:40.673278+00:00",[39m
[31m+         "description": null,[39m
[31m+         "help_message": null,[39m
[31m+         "help_resolved_at": null,[39m
[31m+         "id": "c1e4e561-6358-45ff-9604-f163ea10c0af",[39m
[31m+         "need_help": false,[39m
[31m+         "order_index": 0,[39m
[31m+         "owner": null,[39m
[31m+         "owner_id": null,[39m
[31m+         "priority": "medium",[39m
[31m+         "reference_info": {[39m
[31m+           "attachments": [],[39m
[31m+           "links": [],[39m
[31m+         },[39m
[31m+         "status": "todo",[39m
[31m+         "tasks": [[39m
[31m+           {[39m
[31m+             "actual_minutes": null,[39m
[31m+             "collaborator_ids": [],[39m
[31m+             "collaborators": [],[39m
[31m+             "completed_at": null,[39m
[31m+             "completed_by": null,[39m
[31m+             "created_at": "2025-06-26T11:22:40.673278+00:00",[39m
[31m+             "cycle_config": {},[39m
[31m+             "description": null,[39m
[31m+             "estimated_minutes": null,[39m
[31m+             "goal_id": "c1e4e561-6358-45ff-9604-f163ea10c0af",[39m
[31m+             "help_message": null,[39m
[31m+             "id": "95f4ebc5-35c7-477e-9fdc-9819eb65f8ff",[39m
[31m+             "is_recurring": false,[39m
[31m+             "need_help": false,[39m
[31m+             "order_index": 0,[39m
[31m+             "owner": null,[39m
[31m+             "owner_id": null,[39m
[31m+             "priority": "medium",[39m
[31m+             "progress_data": {},[39m
[31m+             "records": [],[39m
[31m+             "recurring_config": {},[39m
[31m+             "reference_info": {[39m
[31m+               "attachments": [],[39m
[31m+               "links": [],[39m
[31m+             },[39m
[31m+             "replied_by": null,[39m
[31m+             "reply_at": null,[39m
[31m+             "reply_message": null,[39m
[31m+             "special_flags": [],[39m
[31m+             "status": "todo",[39m
[31m+             "task_config": {},[39m
[31m+             "task_type": "single",[39m
[31m+             "title": "試著讀一本故事書，記錄下自己的感受和想法",[39m
[31m+             "updated_at": "2025-07-02T12:11:30.101083+00:00",[39m
[31m+             "version": 1,[39m
[31m+           },[39m
[31m+           {[39m
[31m+             "actual_minutes": null,[39m
[31m+             "collaborator_ids": [],[39m
[31m+             "collaborators": [],[39m
[31m+             "completed_at": "2025-06-30T09:14:52.298+00:00",[39m
[31m+             "completed_by": null,[39m
[31m+             "created_at": "2025-06-26T11:22:40.673278+00:00",[39m
[31m+             "cycle_config": {},[39m
[31m+             "description": null,[39m
[31m+             "estimated_minutes": null,[39m
[31m+             "goal_id": "c1e4e561-6358-45ff-9604-f163ea10c0af",[39m
[31m+             "help_message": null,[39m
[31m+             "id": "7720d24d-7554-4f36-91ad-eada1c03b101",[39m
[31m+             "is_recurring": false,[39m
[31m+             "need_help": false,[39m
[31m+             "order_index": 0,[39m
[31m+             "owner": null,[39m
[31m+             "owner_id": null,[39m
[31m+             "priority": "medium",[39m
[31m+             "progress_data": {},[39m
[31m+             "records": [],[39m
[31m+             "recurring_config": {},[39m
[31m+             "reference_info": {[39m
[31m+               "attachments": [],[39m
[31m+               "links": [],[39m
[31m+             },[39m
[31m+             "replied_by": null,[39m
[31m+             "reply_at": null,[39m
[31m+             "reply_message": null,[39m
[31m+             "special_flags": [],[39m
[31m+             "status": "done",[39m
[31m+             "task_config": {},[39m
[31m+             "task_type": "single",[39m
[31m+             "title": "讀一本科普書，看看能學到什麼新知識",[39m
[31m+             "updated_at": "2025-07-02T12:11:30.101083+00:00",[39m
[31m+             "version": 1,[39m
[31m+           },[39m
[31m+         ],[39m
[31m+         "title": "體驗讀書",[39m
[31m+         "topic_id": "fe1a65e3-2a0e-4458-bf13-4d44bdffc4c5",[39m
[31m+         "updated_at": "2025-07-03T00:15:06.534033+00:00",[39m
[31m+         "version": 2,[39m
[31m+       },[39m
[31m+       {[39m
[31m+         "collaborator_ids": [],[39m
[31m+         "collaborators": [],[39m
[31m+         "created_at": "2025-06-26T11:22:40.673278+00:00",[39m
[31m+         "description": null,[39m
[31m+         "help_message": null,[39m
[31m+         "help_resolved_at": null,[39m
[31m+         "id": "53dd6b22-5120-4e0a-a6f3-037147d5aee3",[39m
[31m+         "need_help": false,[39m
[31m+         "order_index": 0,[39m
[31m+         "owner": null,[39m
[31m+         "owner_id": null,[39m
[31m+         "priority": "medium",[39m
[31m+         "reference_info": {[39m
[31m+           "attachments": [],[39m
[31m+           "links": [],[39m
[31m+         },[39m
[31m+         "status": "todo",[39m
[31m+         "tasks": [[39m
[31m+           {[39m
[31m+             "actual_minutes": null,[39m
[31m+             "collaborator_ids": [],[39m
[31m+             "collaborators": [],[39m
[31m+             "completed_at": null,[39m
[31m+             "completed_by": null,[39m
[31m+             "created_at": "2025-06-26T11:22:40.673278+00:00",[39m
[31m+             "cycle_config": {},[39m
[31m+             "description": null,[39m
[31m+             "estimated_minutes": null,[39m
[31m+             "goal_id": "53dd6b22-5120-4e0a-a6f3-037147d5aee3",[39m
[31m+             "help_message": null,[39m
[31m+             "id": "28b3f6b6-b539-4a02-9098-d71dc96c23fe",[39m
[31m+             "is_recurring": false,[39m
[31m+             "need_help": false,[39m
[31m+             "order_index": 0,[39m
[31m+             "owner": null,[39m
[31m+             "owner_id": null,[39m
[31m+             "priority": "medium",[39m
[31m+             "progress_data": {},[39m
[31m+             "records": [],[39m
[31m+             "recurring_config": {},[39m
[31m+             "reference_info": {[39m
[31m+               "attachments": [],[39m
[31m+               "links": [],[39m
[31m+             },[39m
[31m+             "replied_by": null,[39m
[31m+             "reply_at": null,[39m
[31m+             "reply_message": null,[39m
[31m+             "special_flags": [],[39m
[31m+             "status": "todo",[39m
[31m+             "task_config": {},[39m
[31m+             "task_type": "single",[39m
[31m+             "title": "想像場景",[39m
[31m+             "updated_at": "2025-07-02T12:11:30.101083+00:00",[39m
[31m+             "version": 1,[39m
[31m+           },[39m
[31m+           {[39m
[31m+             "actual_minutes": null,[39m
[31m+             "collaborator_ids": [],[39m
[31m+             "collaborators": [],[39m
[31m+             "completed_at": null,[39m
[31m+             "completed_by": null,[39m
[31m+             "created_at": "2025-06-26T11:22:40.673278+00:00",[39m
[31m+             "cycle_config": {},[39m
[31m+             "description": null,[39m
[31m+             "estimated_minutes": null,[39m
[31m+             "goal_id": "53dd6b22-5120-4e0a-a6f3-037147d5aee3",[39m
[31m+             "help_message": null,[39m
[31m+             "id": "cf4f6282-9a16-4a45-84e8-da9f57cd49c5",[39m
[31m+             "is_recurring": false,[39m
[31m+             "need_help": false,[39m
[31m+             "order_index": 0,[39m
[31m+             "owner": null,[39m
[31m+             "owner_id": null,[39m
[31m+             "priority": "medium",[39m
[31m+             "progress_data": {},[39m
[31m+             "records": [],[39m
[31m+             "recurring_config": {},[39m
[31m+             "reference_info": {[39m
[31m+               "attachments": [],[39m
[31m+               "links": [],[39m
[31m+             },[39m
[31m+             "replied_by": null,[39m
[31m+             "reply_at": null,[39m
[31m+             "reply_message": null,[39m
[31m+             "special_flags": [],[39m
[31m+             "status": "todo",[39m
[31m+             "task_config": {},[39m
[31m+             "task_type": "single",[39m
[31m+             "title": "時間飛逝",[39m
[31m+             "updated_at": "2025-07-02T12:11:30.101083+00:00",[39m
[31m+             "version": 1,[39m
[31m+           },[39m
[31m+         ],[39m
[31m+         "title": "讀書的現況",[39m
[31m+         "topic_id": "fe1a65e3-2a0e-4458-bf13-4d44bdffc4c5",[39m
[31m+         "updated_at": "2025-07-03T00:15:06.534033+00:00",[39m
[31m+         "version": 2,[39m
[31m+       },[39m
[31m+     ],[39m
[31m+     "id": "fe1a65e3-2a0e-4458-bf13-4d44bdffc4c5",[39m
[31m+     "is_collaborative": false,[39m
[31m+     "owner": {[39m
[31m+       "avatar": undefined,[39m
[31m+       "email": "",[39m
[31m+       "id": "2e06295e-45fe-4f4c-b0f2-afe3f7c458fd",[39m
[31m+       "name": "User-2e06295e",[39m
[31m+       "role": "student",[39m
[31m+       "roles": [[39m
[31m+         "student",[39m
[31m+       ],[39m
[31m+     },[39m
[31m+     "owner_id": "2e06295e-45fe-4f4c-b0f2-afe3f7c458fd",[39m
[31m+     "progress": 25,[39m
[31m+     "reference_info": {[39m
[31m+       "attachments": [],[39m
[31m+       "links": [],[39m
[31m+     },[39m
[31m+     "show_avatars": true,[39m
[31m+     "status": "active",[39m
[31m+     "subject": "社會",[39m
[31m+     "template_id": null,[39m
[31m+     "template_version": null,[39m
[31m+     "title": "為什麼要讀書",[39m
[31m+     "topic_type": "學習目標",[39m
[31m+     "type": "learning",[39m
[31m+     "updated_at": "2025-07-02T14:13:37.558419+00:00",[39m
[31m+     "version": 2,[39m
[31m+   },[39m
[31m+   {[39m
[31m+     "bubbles": [[39m
[31m+       {[39m
[31m+         "bubbleType": "background",[39m
[31m+         "content": "看到同學在體育課上玩得很開心，我也想學會這些運動",[39m
[31m+         "id": "bubble-6-1",[39m
[31m+         "parentId": "6",[39m
[31m+         "title": "體育課",[39m
[31m+       },[39m
[31m+       {[39m
[31m+         "bubbleType": "background",[39m
[31m+         "content": "體能訓練、運動技巧、健康生活、團隊合作",[39m
[31m+         "id": "bubble-6-2",[39m
[31m+         "parentId": "6",[39m
[31m+         "title": "體能訓練",[39m
[31m+       },[39m
[31m+     ],[39m
[31m+     "category": null,[39m
[31m+     "collaborators": [],[39m
[31m+     "created_at": "2025-06-26T11:22:40.673278+00:00",[39m
[31m+     "description": "透過運動了解身體機能",[39m
[31m+     "due_date": null,[39m
[31m+     "focus_element": null,[39m
[31m+     "goals": [[39m
[31m+       {[39m
[31m+         "collaborator_ids": [],[39m
[31m+         "collaborators": [],[39m
[31m+         "created_at": "2025-06-26T11:22:40.673278+00:00",[39m
[31m+         "description": null,[39m
[31m+         "help_message": null,[39m
[31m+         "help_resolved_at": null,[39m
[31m+         "id": "271afd19-6b7f-485a-aa61-3159968b791f",[39m
[31m+         "need_help": false,[39m
[31m+         "order_index": 0,[39m
[31m+         "owner": null,[39m
[31m+         "owner_id": null,[39m
[31m+         "priority": "medium",[39m
[31m+         "reference_info": {[39m
[31m+           "attachments": [],[39m
[31m+           "links": [],[39m
[31m+         },[39m
[31m+         "status": "todo",[39m
[31m+         "tasks": [[39m
[31m+           {[39m
[31m+             "actual_minutes": null,[39m
[31m+             "collaborator_ids": [],[39m
[31m+             "collaborators": [],[39m
[31m+             "completed_at": null,[39m
[31m+             "completed_by": null,[39m
[31m+             "created_at": "2025-06-26T11:22:40.673278+00:00",[39m
[31m+             "cycle_config": {},[39m
[31m+             "description": null,[39m
[31m+             "estimated_minutes": null,[39m
[31m+             "goal_id": "271afd19-6b7f-485a-aa61-3159968b791f",[39m
[31m+             "help_message": null,[39m
[31m+             "id": "98a0528c-391f-4f7b-a693-3ff5b047d5e1",[39m
[31m+             "is_recurring": false,[39m
[31m+             "need_help": false,[39m
[31m+             "order_index": 0,[39m
[31m+             "owner": null,[39m
[31m+             "owner_id": null,[39m
[31m+             "priority": "medium",[39m
[31m+             "progress_data": {},[39m
[31m+             "records": [],[39m
[31m+             "recurring_config": {},[39m
[31m+             "reference_info": {[39m
[31m+               "attachments": [],[39m
[31m+               "links": [],[39m
[31m+             },[39m
[31m+             "replied_by": null,[39m
[31m+             "reply_at": null,[39m
[31m+             "reply_message": null,[39m
[31m+             "special_flags": [],[39m
[31m+             "status": "todo",[39m
[31m+             "task_config": {},[39m
[31m+             "task_type": "single",[39m
[31m+             "title": "肌肉伸展",[39m
[31m+             "updated_at": "2025-07-02T12:11:30.101083+00:00",[39m
[31m+             "version": 1,[39m
[31m+           },[39m
[31m+           {[39m
[31m+             "actual_minutes": null,[39m
[31m+             "collaborator_ids": [],[39m
[31m+             "collaborators": [],[39m
[31m+             "completed_at": null,[39m
[31m+             "completed_by": null,[39m
[31m+             "created_at": "2025-06-26T11:22:40.673278+00:00",[39m
[31m+             "cycle_config": {},[39m
[31m+             "description": null,[39m
[31m+             "estimated_minutes": null,[39m
[31m+             "goal_id": "271afd19-6b7f-485a-aa61-3159968b791f",[39m
[31m+             "help_message": null,[39m
[31m+             "id": "c850a440-dcda-42b8-a621-ffe05f29fac6",[39m
[31m+             "is_recurring": false,[39m
[31m+             "need_help": false,[39m
[31m+             "order_index": 0,[39m
[31m+             "owner": null,[39m
[31m+             "owner_id": null,[39m
[31m+             "priority": "medium",[39m
[31m+             "progress_data": {},[39m
[31m+             "records": [],[39m
[31m+             "recurring_config": {},[39m
[31m+             "reference_info": {[39m
[31m+               "attachments": [],[39m
[31m+               "links": [],[39m
[31m+             },[39m
[31m+             "replied_by": null,[39m
[31m+             "reply_at": null,[39m
[31m+             "reply_message": null,[39m
[31m+             "special_flags": [],[39m
[31m+             "status": "todo",[39m
[31m+             "task_config": {},[39m
[31m+             "task_type": "single",[39m
[31m+             "title": "心跳變化",[39m
[31m+             "updated_at": "2025-07-02T12:11:30.101083+00:00",[39m
[31m+             "version": 1,[39m
[31m+           },[39m
[31m+         ],[39m
[31m+         "title": "身體探索",[39m
[31m+         "topic_id": "1ae57b01-e7b0-4efe-89bb-9ac13036de26",[39m
[31m+         "updated_at": "2025-07-03T00:15:06.534033+00:00",[39m
[31m+         "version": 2,[39m
[31m+       },[39m
[31m+       {[39m
[31m+         "collaborator_ids": [],[39m
[31m+         "collaborators": [],[39m
[31m+         "created_at": "2025-06-26T11:22:40.673278+00:00",[39m
[31m+         "description": null,[39m
[31m+         "help_message": null,[39m
[31m+         "help_resolved_at": null,[39m
[31m+         "id": "442789c7-7896-4f7d-9cd6-265a4c34aa20",[39m
[31m+         "need_help": false,[39m
[31m+         "order_index": 0,[39m
[31m+         "owner": null,[39m
[31m+         "owner_id": null,[39m
[31m+         "priority": "medium",[39m
[31m+         "reference_info": {[39m
[31m+           "attachments": [],[39m
[31m+           "links": [],[39m
[31m+         },[39m
[31m+         "status": "todo",[39m
[31m+         "tasks": [[39m
[31m+           {[39m
[31m+             "actual_minutes": null,[39m
[31m+             "collaborator_ids": [],[39m
[31m+             "collaborators": [],[39m
[31m+             "completed_at": null,[39m
[31m+             "completed_by": null,[39m
[31m+             "created_at": "2025-06-26T11:22:40.673278+00:00",[39m
[31m+             "cycle_config": {},[39m
[31m+             "description": null,[39m
[31m+             "estimated_minutes": null,[39m
[31m+             "goal_id": "442789c7-7896-4f7d-9cd6-265a4c34aa20",[39m
[31m+             "help_message": null,[39m
[31m+             "id": "8e7af788-3a29-40d1-8da0-f904b4e28284",[39m
[31m+             "is_recurring": false,[39m
[31m+             "need_help": false,[39m
[31m+             "order_index": 0,[39m
[31m+             "owner": null,[39m
[31m+             "owner_id": null,[39m
[31m+             "priority": "medium",[39m
[31m+             "progress_data": {},[39m
[31m+             "records": [],[39m
[31m+             "recurring_config": {},[39m
[31m+             "reference_info": {[39m
[31m+               "attachments": [],[39m
[31m+               "links": [],[39m
[31m+             },[39m
[31m+             "replied_by": null,[39m
[31m+             "reply_at": null,[39m
[31m+             "reply_message": null,[39m
[31m+             "special_flags": [],[39m
[31m+             "status": "todo",[39m
[31m+             "task_config": {},[39m
[31m+             "task_type": "single",[39m
[31m+             "title": "練習基本的跳躍和平衡動作",[39m
[31m+             "updated_at": "2025-07-02T12:11:30.101083+00:00",[39m
[31m+             "version": 1,[39m
[31m+           },[39m
[31m+           {[39m
[31m+             "actual_minutes": null,[39m
[31m+             "collaborator_ids": [],[39m
[31m+             "collaborators": [],[39m
[31m+             "completed_at": "2025-06-30T09:15:01.989+00:00",[39m
[31m+             "completed_by": null,[39m
[31m+             "created_at": "2025-06-26T11:22:40.673278+00:00",[39m
[31m+             "cycle_config": {},[39m
[31m+             "description": null,[39m
[31m+             "estimated_minutes": null,[39m
[31m+             "goal_id": "442789c7-7896-4f7d-9cd6-265a4c34aa20",[39m
[31m+             "help_message": null,[39m
[31m+             "id": "ac2b0b99-1cec-4d4e-8f97-77467eba9335",[39m
[31m+             "is_recurring": false,[39m
[31m+             "need_help": false,[39m
[31m+             "order_index": 0,[39m
[31m+             "owner": null,[39m
[31m+             "owner_id": null,[39m
[31m+             "priority": "medium",[39m
[31m+             "progress_data": {},[39m
[31m+             "records": [],[39m
[31m+             "recurring_config": {},[39m
[31m+             "reference_info": {[39m
[31m+               "attachments": [],[39m
[31m+               "links": [],[39m
[31m+             },[39m
[31m+             "replied_by": null,[39m
[31m+             "reply_at": null,[39m
[31m+             "reply_message": null,[39m
[31m+             "special_flags": [],[39m
[31m+             "status": "done",[39m
[31m+             "task_config": {},[39m
[31m+             "task_type": "single",[39m
[31m+             "title": "學習正確的跑步姿勢，避免受傷",[39m
[31m+             "updated_at": "2025-07-02T12:11:30.101083+00:00",[39m
[31m+             "version": 1,[39m
[31m+           },[39m
[31m+         ],[39m
[31m+         "title": "基礎運動",[39m
[31m+         "topic_id": "1ae57b01-e7b0-4efe-89bb-9ac13036de26",[39m
[31m+         "updated_at": "2025-07-03T00:15:06.534033+00:00",[39m
[31m+         "version": 2,[39m
[31m+       },[39m
[31m+     ],[39m
[31m+     "id": "1ae57b01-e7b0-4efe-89bb-9ac13036de26",[39m
[31m+     "is_collaborative": false,[39m
[31m+     "owner": {[39m
[31m+       "avatar": undefined,[39m
[31m+       "email": "",[39m
[31m+       "id": "2e06295e-45fe-4f4c-b0f2-afe3f7c458fd",[39m
[31m+       "name": "User-2e06295e",[39m
[31m+       "role": "student",[39m
[31m+       "roles": [[39m
[31m+         "student",[39m
[31m+       ],[39m
[31m+     },[39m
[31m+     "owner_id": "2e06295e-45fe-4f4c-b0f2-afe3f7c458fd",[39m
[31m+     "progress": 25,[39m
[31m+     "reference_info": {[39m
[31m+       "attachments": [],[39m
[31m+       "links": [],[39m
[31m+     },[39m
[31m+     "show_avatars": true,[39m
[31m+     "status": "active",[39m
[31m+     "subject": "體育",[39m
[31m+     "template_id": null,[39m
[31m+     "template_version": null,[39m
[31m+     "title": "探索身體運動",[39m
[31m+     "topic_type": "學習目標",[39m
[31m+     "type": "learning",[39m
[31m+     "updated_at": "2025-07-02T14:13:37.558419+00:00",[39m
[31m+     "version": 2,[39m
[31m+   },[39m
[31m+   {[39m
[31m+     "bubbles": [[39m
[31m+       {[39m
[31m+         "bubbleType": "background",[39m
[31m+         "content": "在美術課上看到同學用不同顏色畫出漂亮的畫，讓我很好奇顏色是怎麼搭配的",[39m
[31m+         "id": "bubble-5-1",[39m
[31m+         "parentId": "5",[39m
[31m+         "title": "美術課",[39m
[31m+       },[39m
[31m+       {[39m
[31m+         "bubbleType": "background",[39m
[31m+         "content": "色彩學、色輪、色彩心理學、繪畫技巧",[39m
[31m+         "id": "bubble-5-2",[39m
[31m+         "parentId": "5",[39m
[31m+         "title": "色彩學",[39m
[31m+       },[39m
[31m+     ],[39m
[31m+     "category": null,[39m
[31m+     "collaborators": [],[39m
[31m+     "created_at": "2025-06-26T11:22:01.589129+00:00",[39m
[31m+     "description": "透過色彩認識藝術表現",[39m
[31m+     "due_date": null,[39m
[31m+     "focus_element": null,[39m
[31m+     "goals": [[39m
[31m+       {[39m
[31m+         "collaborator_ids": [],[39m
[31m+         "collaborators": [],[39m
[31m+         "created_at": "2025-06-26T11:22:01.589129+00:00",[39m
[31m+         "description": null,[39m
[31m+         "help_message": null,[39m
[31m+         "help_resolved_at": null,[39m
[31m+         "id": "0a652765-5b01-4ab3-ba74-3b0e3bffd26d",[39m
[31m+         "need_help": false,[39m
[31m+         "order_index": 0,[39m
[31m+         "owner": null,[39m
[31m+         "owner_id": null,[39m
[31m+         "priority": "medium",[39m
[31m+         "reference_info": {[39m
[31m+           "attachments": [],[39m
[31m+           "links": [],[39m
[31m+         },[39m
[31m+         "status": "todo",[39m
[31m+         "tasks": [[39m
[31m+           {[39m
[31m+             "actual_minutes": null,[39m
[31m+             "collaborator_ids": [],[39m
[31m+             "collaborators": [],[39m
[31m+             "completed_at": null,[39m
[31m+             "completed_by": null,[39m
[31m+             "created_at": "2025-06-26T11:22:01.589129+00:00",[39m
[31m+             "cycle_config": {},[39m
[31m+             "description": null,[39m
[31m+             "estimated_minutes": null,[39m
[31m+             "goal_id": "0a652765-5b01-4ab3-ba74-3b0e3bffd26d",[39m
[31m+             "help_message": null,[39m
[31m+             "id": "94d3ab30-cda6-485b-bbb7-dfd8d8443966",[39m
[31m+             "is_recurring": false,[39m
[31m+             "need_help": false,[39m
[31m+             "order_index": 0,[39m
[31m+             "owner": null,[39m
[31m+             "owner_id": null,[39m
[31m+             "priority": "medium",[39m
[31m+             "progress_data": {},[39m
[31m+             "records": [],[39m
[31m+             "recurring_config": {},[39m
[31m+             "reference_info": {[39m
[31m+               "attachments": [],[39m
[31m+               "links": [],[39m
[31m+             },[39m
[31m+             "replied_by": null,[39m
[31m+             "reply_at": null,[39m
[31m+             "reply_message": null,[39m
[31m+             "special_flags": [],[39m
[31m+             "status": "todo",[39m
[31m+             "task_config": {},[39m
[31m+             "task_type": "single",[39m
[31m+             "title": "用冷色調表現下雨天的感覺",[39m
[31m+             "updated_at": "2025-07-02T12:11:30.101083+00:00",[39m
[31m+             "version": 1,[39m
[31m+           },[39m
[31m+           {[39m
[31m+             "actual_minutes": null,[39m
[31m+             "collaborator_ids": [],[39m
[31m+             "collaborators": [],[39m
[31m+             "completed_at": null,[39m
[31m+             "completed_by": null,[39m
[31m+             "created_at": "2025-06-26T11:22:01.589129+00:00",[39m
[31m+             "cycle_config": {},[39m
[31m+             "description": null,[39m
[31m+             "estimated_minutes": null,[39m
[31m+             "goal_id": "0a652765-5b01-4ab3-ba74-3b0e3bffd26d",[39m
[31m+             "help_message": "我不知道什麼顏色算是溫暖的顏色，可以給我一些例子嗎？",[39m
[31m+             "id": "4890c8cf-3cbb-4b01-9b04-960134c1d9ac",[39m
[31m+             "is_recurring": false,[39m
[31m+             "need_help": true,[39m
[31m+             "order_index": 0,[39m
[31m+             "owner": null,[39m
[31m+             "owner_id": null,[39m
[31m+             "priority": "medium",[39m
[31m+             "progress_data": {},[39m
[31m+             "records": [],[39m
[31m+             "recurring_config": {},[39m
[31m+             "reference_info": {[39m
[31m+               "attachments": [],[39m
[31m+               "links": [],[39m
[31m+             },[39m
[31m+             "replied_by": null,[39m
[31m+             "reply_at": "2024-03-16T00:00:00+00:00",[39m
[31m+             "reply_message": "溫暖的顏色包括紅色、橙色、黃色等，這些顏色會讓人感到溫馨和愉快。你可以試著用夕陽的顏色來畫一個開心的場景。",[39m
[31m+             "special_flags": [],[39m
[31m+             "status": "in_progress",[39m
[31m+             "task_config": {},[39m
[31m+             "task_type": "single",[39m
[31m+             "title": "試著用溫暖的顏色畫出快樂的場景",[39m
[31m+             "updated_at": "2025-07-02T12:11:30.101083+00:00",[39m
[31m+             "version": 1,[39m
[31m+           },[39m
[31m+         ],[39m
[31m+         "title": "色彩情感",[39m
[31m+         "topic_id": "10e9eac2-10d5-4924-942d-eadc6826ce7c",[39m
[31m+         "updated_at": "2025-07-03T00:15:06.534033+00:00",[39m
[31m+         "version": 2,[39m
[31m+       },[39m
[31m+       {[39m
[31m+         "collaborator_ids": [],[39m
[31m+         "collaborators": [],[39m
[31m+         "created_at": "2025-06-26T11:22:01.589129+00:00",[39m
[31m+         "description": null,[39m
[31m+         "help_message": null,[39m
[31m+         "help_resolved_at": null,[39m
[31m+         "id": "49d643be-8621-443c-b1f6-5e9f4e56e2c2",[39m
[31m+         "need_help": false,[39m
[31m+         "order_index": 0,[39m
[31m+         "owner": null,[39m
[31m+         "owner_id": null,[39m
[31m+         "priority": "medium",[39m
[31m+         "reference_info": {[39m
[31m+           "attachments": [],[39m
[31m+           "links": [],[39m
[31m+         },[39m
[31m+         "status": "todo",[39m
[31m+         "tasks": [[39m
[31m+           {[39m
[31m+             "actual_minutes": null,[39m
[31m+             "collaborator_ids": [],[39m
[31m+             "collaborators": [],[39m
[31m+             "completed_at": null,[39m
[31m+             "completed_by": null,[39m
[31m+             "created_at": "2025-06-26T11:22:01.589129+00:00",[39m
[31m+             "cycle_config": {},[39m
[31m+             "description": null,[39m
[31m+             "estimated_minutes": null,[39m
[31m+             "goal_id": "49d643be-8621-443c-b1f6-5e9f4e56e2c2",[39m
[31m+             "help_message": null,[39m
[31m+             "id": "0efa8eb3-338e-487b-9562-894347d3a284",[39m
[31m+             "is_recurring": false,[39m
[31m+             "need_help": false,[39m
[31m+             "order_index": 0,[39m
[31m+             "owner": null,[39m
[31m+             "owner_id": null,[39m
[31m+             "priority": "medium",[39m
[31m+             "progress_data": {},[39m
[31m+             "records": [],[39m
[31m+             "recurring_config": {},[39m
[31m+             "reference_info": {[39m
[31m+               "attachments": [],[39m
[31m+               "links": [],[39m
[31m+             },[39m
[31m+             "replied_by": null,[39m
[31m+             "reply_at": null,[39m
[31m+             "reply_message": null,[39m
[31m+             "special_flags": [],[39m
[31m+             "status": "todo",[39m
[31m+             "task_config": {},[39m
[31m+             "task_type": "single",[39m
[31m+             "title": "不同的心情",[39m
[31m+             "updated_at": "2025-07-02T12:11:30.101083+00:00",[39m
[31m+             "version": 1,[39m
[31m+           },[39m
[31m+           {[39m
[31m+             "actual_minutes": null,[39m
[31m+             "collaborator_ids": [],[39m
[31m+             "collaborators": [],[39m
[31m+             "completed_at": null,[39m
[31m+             "completed_by": null,[39m
[31m+             "created_at": "2025-06-26T11:22:01.589129+00:00",[39m
[31m+             "cycle_config": {},[39m
[31m+             "description": null,[39m
[31m+             "estimated_minutes": null,[39m
[31m+             "goal_id": "49d643be-8621-443c-b1f6-5e9f4e56e2c2",[39m
[31m+             "help_message": null,[39m
[31m+             "id": "23891bf6-4dc9-4391-99dc-99ca1234964b",[39m
[31m+             "is_recurring": false,[39m
[31m+             "need_help": false,[39m
[31m+             "order_index": 0,[39m
[31m+             "owner": null,[39m
[31m+             "owner_id": null,[39m
[31m+             "priority": "medium",[39m
[31m+             "progress_data": {},[39m
[31m+             "records": [],[39m
[31m+             "recurring_config": {},[39m
[31m+             "reference_info": {[39m
[31m+               "attachments": [],[39m
[31m+               "links": [],[39m
[31m+             },[39m
[31m+             "replied_by": null,[39m
[31m+             "reply_at": null,[39m
[31m+             "reply_message": null,[39m
[31m+             "special_flags": [],[39m
[31m+             "status": "todo",[39m
[31m+             "task_config": {},[39m
[31m+             "task_type": "single",[39m
[31m+             "title": "顏色混合",[39m
[31m+             "updated_at": "2025-07-02T12:11:30.101083+00:00",[39m
[31m+             "version": 1,[39m
[31m+           },[39m
[31m+         ],[39m
[31m+         "title": "色彩探索",[39m
[31m+         "topic_id": "10e9eac2-10d5-4924-942d-eadc6826ce7c",[39m
[31m+         "updated_at": "2025-07-03T00:15:06.534033+00:00",[39m
[31m+         "version": 2,[39m
[31m+       },[39m
[31m+       {[39m
[31m+         "collaborator_ids": [],[39m
[31m+         "collaborators": [],[39m
[31m+         "created_at": "2025-06-26T11:22:01.589129+00:00",[39m
[31m+         "description": null,[39m
[31m+         "help_message": null,[39m
[31m+         "help_resolved_at": null,[39m
[31m+         "id": "5a87a689-d59f-4ae0-9fc7-4f49b17b99e1",[39m
[31m+         "need_help": false,[39m
[31m+         "order_index": 0,[39m
[31m+         "owner": null,[39m
[31m+         "owner_id": null,[39m
[31m+         "priority": "medium",[39m
[31m+         "reference_info": {[39m
[31m+           "attachments": [],[39m
[31m+           "links": [],[39m
[31m+         },[39m
[31m+         "status": "todo",[39m
[31m+         "tasks": [[39m
[31m+           {[39m
[31m+             "actual_minutes": null,[39m
[31m+             "collaborator_ids": [],[39m
[31m+             "collaborators": [],[39m
[31m+             "completed_at": null,[39m
[31m+             "completed_by": null,[39m
[31m+             "created_at": "2025-06-26T11:22:01.589129+00:00",[39m
[31m+             "cycle_config": {},[39m
[31m+             "description": null,[39m
[31m+             "estimated_minutes": null,[39m
[31m+             "goal_id": "5a87a689-d59f-4ae0-9fc7-4f49b17b99e1",[39m
[31m+             "help_message": null,[39m
[31m+             "id": "97bee478-24c8-4bc2-ad44-21b5cc787300",[39m
[31m+             "is_recurring": false,[39m
[31m+             "need_help": false,[39m
[31m+             "order_index": 0,[39m
[31m+             "owner": null,[39m
[31m+             "owner_id": null,[39m
[31m+             "priority": "medium",[39m
[31m+             "progress_data": {},[39m
[31m+             "records": [],[39m
[31m+             "recurring_config": {},[39m
[31m+             "reference_info": {[39m
[31m+               "attachments": [],[39m
[31m+               "links": [],[39m
[31m+             },[39m
[31m+             "replied_by": null,[39m
[31m+             "reply_at": null,[39m
[31m+             "reply_message": null,[39m
[31m+             "special_flags": [],[39m
[31m+             "status": "todo",[39m
[31m+             "task_config": {},[39m
[31m+             "task_type": "single",[39m
[31m+             "title": "創作一幅用顏色說故事的畫",[39m
[31m+             "updated_at": "2025-07-02T12:11:30.101083+00:00",[39m
[31m+             "version": 1,[39m
[31m+           },[39m
[31m+           {[39m
[31m+             "actual_minutes": null,[39m
[31m+             "collaborator_ids": [],[39m
[31m+             "collaborators": [],[39m
[31m+             "completed_at": null,[39m
[31m+             "completed_by": null,[39m
[31m+             "created_at": "2025-06-26T11:22:01.589129+00:00",[39m
[31m+             "cycle_config": {},[39m
[31m+             "description": null,[39m
[31m+             "estimated_minutes": null,[39m
[31m+             "goal_id": "5a87a689-d59f-4ae0-9fc7-4f49b17b99e1",[39m
[31m+             "help_message": null,[39m
[31m+             "id": "0210b2b8-2db5-4e42-b1fc-3dc077a65eee",[39m
[31m+             "is_recurring": false,[39m
[31m+             "need_help": false,[39m
[31m+             "order_index": 0,[39m
[31m+             "owner": null,[39m
[31m+             "owner_id": null,[39m
[31m+             "priority": "medium",[39m
[31m+             "progress_data": {},[39m
[31m+             "records": [],[39m
[31m+             "recurring_config": {},[39m
[31m+             "reference_info": {[39m
[31m+               "attachments": [],[39m
[31m+               "links": [],[39m
[31m+             },[39m
[31m+             "replied_by": null,[39m
[31m+             "reply_at": null,[39m
[31m+             "reply_message": null,[39m
[31m+             "special_flags": [],[39m
[31m+             "status": "todo",[39m
[31m+             "task_config": {},[39m
[31m+             "task_type": "single",[39m
[31m+             "title": "用顏色來表達一個故事的情緒變化",[39m
[31m+             "updated_at": "2025-07-02T12:11:30.101083+00:00",[39m
[31m+             "version": 1,[39m
[31m+           },[39m
[31m+         ],[39m
[31m+         "title": "色彩故事",[39m
[31m+         "topic_id": "10e9eac2-10d5-4924-942d-eadc6826ce7c",[39m
[31m+         "updated_at": "2025-07-03T00:15:06.534033+00:00",[39m
[31m+         "version": 2,[39m
[31m+       },[39m
[31m+       {[39m
[31m+         "collaborator_ids": [],[39m
[31m+         "collaborators": [],[39m
[31m+         "created_at": "2025-06-26T11:22:01.589129+00:00",[39m
[31m+         "description": null,[39m
[31m+         "help_message": null,[39m
[31m+         "help_resolved_at": null,[39m
[31m+         "id": "d253b60f-6059-44b9-82ad-c53dc4d88350",[39m
[31m+         "need_help": false,[39m
[31m+         "order_index": 0,[39m
[31m+         "owner": null,[39m
[31m+         "owner_id": null,[39m
[31m+         "priority": "medium",[39m
[31m+         "reference_info": {[39m
[31m+           "attachments": [],[39m
[31m+           "links": [],[39m
[31m+         },[39m
[31m+         "status": "todo",[39m
[31m+         "tasks": [[39m
[31m+           {[39m
[31m+             "actual_minutes": null,[39m
[31m+             "collaborator_ids": [],[39m
[31m+             "collaborators": [],[39m
[31m+             "completed_at": null,[39m
[31m+             "completed_by": null,[39m
[31m+             "created_at": "2025-06-26T11:22:01.589129+00:00",[39m
[31m+             "cycle_config": {},[39m
[31m+             "description": null,[39m
[31m+             "estimated_minutes": null,[39m
[31m+             "goal_id": "d253b60f-6059-44b9-82ad-c53dc4d88350",[39m
[31m+             "help_message": null,[39m
[31m+             "id": "e6a3851b-ca33-4646-9da1-0d6dcfa0e1b0",[39m
[31m+             "is_recurring": false,[39m
[31m+             "need_help": false,[39m
[31m+             "order_index": 0,[39m
[31m+             "owner": null,[39m
[31m+             "owner_id": null,[39m
[31m+             "priority": "medium",[39m
[31m+             "progress_data": {},[39m
[31m+             "records": [],[39m
[31m+             "recurring_config": {},[39m
[31m+             "reference_info": {[39m
[31m+               "attachments": [],[39m
[31m+               "links": [],[39m
[31m+             },[39m
[31m+             "replied_by": null,[39m
[31m+             "reply_at": null,[39m
[31m+             "reply_message": null,[39m
[31m+             "special_flags": [],[39m
[31m+             "status": "todo",[39m
[31m+             "task_config": {},[39m
[31m+             "task_type": "single",[39m
[31m+             "title": "練習用不同深淺的顏色創造層次感",[39m
[31m+             "updated_at": "2025-07-02T12:11:30.101083+00:00",[39m
[31m+             "version": 1,[39m
[31m+           },[39m
[31m+           {[39m
[31m+             "actual_minutes": null,[39m
[31m+             "collaborator_ids": [],[39m
[31m+             "collaborators": [],[39m
[31m+             "completed_at": null,[39m
[31m+             "completed_by": null,[39m
[31m+             "created_at": "2025-06-26T11:22:01.589129+00:00",[39m
[31m+             "cycle_config": {},[39m
[31m+             "description": null,[39m
[31m+             "estimated_minutes": null,[39m
[31m+             "goal_id": "d253b60f-6059-44b9-82ad-c53dc4d88350",[39m
[31m+             "help_message": null,[39m
[31m+             "id": "6fed53a8-a715-47d1-8635-499eaabee696",[39m
[31m+             "is_recurring": false,[39m
[31m+             "need_help": false,[39m
[31m+             "order_index": 0,[39m
[31m+             "owner": null,[39m
[31m+             "owner_id": null,[39m
[31m+             "priority": "medium",[39m
[31m+             "progress_data": {},[39m
[31m+             "records": [],[39m
[31m+             "recurring_config": {},[39m
[31m+             "reference_info": {[39m
[31m+               "attachments": [],[39m
[31m+               "links": [],[39m
[31m+             },[39m
[31m+             "replied_by": null,[39m
[31m+             "reply_at": null,[39m
[31m+             "reply_message": null,[39m
[31m+             "special_flags": [],[39m
[31m+             "status": "todo",[39m
[31m+             "task_config": {},[39m
[31m+             "task_type": "single",[39m
[31m+             "title": "學習如何讓顏色和諧地搭配在一起",[39m
[31m+             "updated_at": "2025-07-02T12:11:30.101083+00:00",[39m
[31m+             "version": 1,[39m
[31m+           },[39m
[31m+         ],[39m
[31m+         "title": "色彩構圖",[39m
[31m+         "topic_id": "10e9eac2-10d5-4924-942d-eadc6826ce7c",[39m
[31m+         "updated_at": "2025-07-03T00:15:06.534033+00:00",[39m
[31m+         "version": 2,[39m
[31m+       },[39m
[31m+     ],[39m
[31m+     "id": "10e9eac2-10d5-4924-942d-eadc6826ce7c",[39m
[31m+     "is_collaborative": false,[39m
[31m+     "owner": {[39m
[31m+       "avatar": undefined,[39m
[31m+       "email": "",[39m
[31m+       "id": "2e06295e-45fe-4f4c-b0f2-afe3f7c458fd",[39m
[31m+       "name": "User-2e06295e",[39m
[31m+       "role": "student",[39m
[31m+       "roles": [[39m
[31m+         "student",[39m
[31m+       ],[39m
[31m+     },[39m
[31m+     "owner_id": "2e06295e-45fe-4f4c-b0f2-afe3f7c458fd",[39m
[31m+     "progress": 0,[39m
[31m+     "reference_info": {[39m
[31m+       "attachments": [],[39m
[31m+       "links": [],[39m
[31m+     },[39m
[31m+     "show_avatars": true,[39m
[31m+     "status": "active",[39m
[31m+     "subject": "美術",[39m
[31m+     "template_id": null,[39m
[31m+     "template_version": null,[39m
[31m+     "title": "探索色彩藝術",[39m
[31m+     "topic_type": "學習目標",[39m
[31m+     "type": "learning",[39m
[31m+     "updated_at": "2025-07-02T14:13:37.558419+00:00",[39m
[31m+     "version": 2,[39m
[31m+   },[39m
[31m+   {[39m
[31m+     "bubbles": [[39m
[31m+       {[39m
[31m+         "bubbleType": "background",[39m
[31m+         "content": "在切蛋糕時發現需要平均分配，這讓我對分數產生興趣",[39m
[31m+         "id": "bubble-2-1",[39m
[31m+         "parentId": "2",[39m
[31m+         "title": "生活應用",[39m
[31m+       },[39m
[31m+       {[39m
[31m+         "bubbleType": "background",[39m
[31m+         "content": "分數、比例、除法、比較",[39m
[31m+         "id": "bubble-2-2",[39m
[31m+         "parentId": "2",[39m
[31m+         "title": "分數概念",[39m
[31m+       },[39m
[31m+     ],[39m
[31m+     "category": null,[39m
[31m+     "collaborators": [[39m
[31m+       {[39m
[31m+         "avatar": undefined,[39m
[31m+         "email": "",[39m
[31m+         "id": "f3f2c40e-28f8-4c9a-aa59-0bf5a41b625c",[39m
[31m+         "invited_at": "2025-06-26T16:19:46.029409+00:00",[39m
[31m+         "name": "User-f3f2c40e",[39m
[31m+         "permission": "edit",[39m
[31m+         "role": "student",[39m
[31m+         "roles": [[39m
[31m+           "student",[39m
[31m+         ],[39m
[31m+       },[39m
[31m+     ],[39m
[31m+     "created_at": "2025-06-26T11:20:57.220751+00:00",[39m
[31m+     "description": "透過生活情境理解分數的概念",[39m
[31m+     "due_date": null,[39m
[31m+     "focus_element": null,[39m
[31m+     "goals": [[39m
[31m+       {[39m
[31m+         "collaborator_ids": [],[39m
[31m+         "collaborators": [],[39m
[31m+         "created_at": "2025-06-26T11:20:57.220751+00:00",[39m
[31m+         "description": null,[39m
[31m+         "help_message": null,[39m
[31m+         "help_resolved_at": null,[39m
[31m+         "id": "6df7d5db-2b7f-477c-b96d-e814db974a47",[39m
[31m+         "need_help": false,[39m
[31m+         "order_index": 0,[39m
[31m+         "owner": null,[39m
[31m+         "owner_id": null,[39m
[31m+         "priority": "medium",[39m
[31m+         "reference_info": {[39m
[31m+           "attachments": [],[39m
[31m+           "links": [],[39m
[31m+         },[39m
[31m+         "status": "todo",[39m
[31m+         "tasks": [[39m
[31m+           {[39m
[31m+             "actual_minutes": null,[39m
[31m+             "collaborator_ids": [],[39m
[31m+             "collaborators": [],[39m
[31m+             "completed_at": null,[39m
[31m+             "completed_by": null,[39m
[31m+             "created_at": "2025-06-26T11:20:57.220751+00:00",[39m
[31m+             "cycle_config": {},[39m
[31m+             "description": "ㄑ",[39m
[31m+             "estimated_minutes": null,[39m
[31m+             "goal_id": "6df7d5db-2b7f-477c-b96d-e814db974a47",[39m
[31m+             "help_message": null,[39m
[31m+             "id": "a482e7fa-a301-4999-93b8-9198444587b8",[39m
[31m+             "is_recurring": false,[39m
[31m+             "need_help": false,[39m
[31m+             "order_index": 0,[39m
[31m+             "owner": null,[39m
[31m+             "owner_id": null,[39m
[31m+             "priority": "medium",[39m
[31m+             "progress_data": {},[39m
[31m+             "records": [],[39m
[31m+             "recurring_config": {},[39m
[31m+             "reference_info": {[39m
[31m+               "attachments": [],[39m
[31m+               "links": [],[39m
[31m+             },[39m
[31m+             "replied_by": null,[39m
[31m+             "reply_at": null,[39m
[31m+             "reply_message": null,[39m
[31m+             "special_flags": [],[39m
[31m+             "status": "todo",[39m
[31m+             "task_config": {},[39m
[31m+             "task_type": "single",[39m
[31m+             "title": "排列分數的順序",[39m
[31m+             "updated_at": "2025-07-03T11:08:25.879492+00:00",[39m
[31m+             "version": 5,[39m
[31m+           },[39m
[31m+           {[39m
[31m+             "actual_minutes": null,[39m
[31m+             "collaborator_ids": [],[39m
[31m+             "collaborators": [],[39m
[31m+             "completed_at": null,[39m
[31m+             "completed_by": null,[39m
[31m+             "created_at": "2025-06-26T11:20:57.220751+00:00",[39m
[31m+             "cycle_config": {},[39m
[31m+             "description": null,[39m
[31m+             "estimated_minutes": null,[39m
[31m+             "goal_id": "6df7d5db-2b7f-477c-b96d-e814db974a47",[39m
[31m+             "help_message": null,[39m
[31m+             "id": "ebc5bcdd-27c4-4a33-a0da-7280f4956cc8",[39m
[31m+             "is_recurring": false,[39m
[31m+             "need_help": false,[39m
[31m+             "order_index": 0,[39m
[31m+             "owner": null,[39m
[31m+             "owner_id": null,[39m
[31m+             "priority": "medium",[39m
[31m+             "progress_data": {},[39m
[31m+             "records": [],[39m
[31m+             "recurring_config": {},[39m
[31m+             "reference_info": {[39m
[31m+               "attachments": [],[39m
[31m+               "links": [],[39m
[31m+             },[39m
[31m+             "replied_by": null,[39m
[31m+             "reply_at": null,[39m
[31m+             "reply_message": null,[39m
[31m+             "special_flags": [],[39m
[31m+             "status": "todo",[39m
[31m+             "task_config": {},[39m
[31m+             "task_type": "single",[39m
[31m+             "title": "比較分數的大小",[39m
[31m+             "updated_at": "2025-07-02T12:11:30.101083+00:00",[39m
[31m+             "version": 1,[39m
[31m+           },[39m
[31m+         ],[39m
[31m+         "title": "分數的比較",[39m
[31m+         "topic_id": "51bdcf7b-a642-4292-aafe-6708f9d2243d",[39m
[31m+         "updated_at": "2025-07-03T03:51:15.241643+00:00",[39m
[31m+         "version": 10,[39m
[31m+       },[39m
[31m+       {[39m
[31m+         "collaborator_ids": [],[39m
[31m+         "collaborators": [],[39m
[31m+         "created_at": "2025-06-26T11:20:57.220751+00:00",[39m
[31m+         "description": "efef",[39m
[31m+         "help_message": null,[39m
[31m+         "help_resolved_at": null,[39m
[31m+         "id": "9e04f4b8-3b2a-42fd-b57f-22b99a3a6071",[39m
[31m+         "need_help": false,[39m
[31m+         "order_index": 0,[39m
[31m+         "owner": {[39m
[31m+           "avatar": undefined,[39m
[31m+           "email": "",[39m
[31m+           "id": "2e06295e-45fe-4f4c-b0f2-afe3f7c458fd",[39m
[31m+           "name": "User-2e06295e",[39m
[31m+           "role": "student",[39m
[31m+           "roles": [[39m
[31m+             "student",[39m
[31m+           ],[39m
[31m+         },[39m
[31m+         "owner_id": "2e06295e-45fe-4f4c-b0f2-afe3f7c458fd",[39m
[31m+         "priority": "medium",[39m
[31m+         "reference_info": {[39m
[31m+           "attachments": [],[39m
[31m+           "links": [],[39m
[31m+         },[39m
[31m+         "status": "todo",[39m
[31m+         "tasks": [[39m
[31m+           {[39m
[31m+             "actual_minutes": null,[39m
[31m+             "collaborator_ids": [],[39m
[31m+             "collaborators": [],[39m
[31m+             "completed_at": null,[39m
[31m+             "completed_by": "2e06295e-45fe-4f4c-b0f2-afe3f7c458fd",[39m
[31m+             "created_at": "2025-06-26T11:20:57.220751+00:00",[39m
[31m+             "cycle_config": {},[39m
[31m+             "description": "",[39m
[31m+             "estimated_minutes": null,[39m
[31m+             "goal_id": "9e04f4b8-3b2a-42fd-b57f-22b99a3a6071",[39m
[31m+             "help_message": null,[39m
[31m+             "id": "76830b9d-2559-4524-9b1a-f0e535218486",[39m
[31m+             "is_recurring": false,[39m
[31m+             "need_help": false,[39m
[31m+             "order_index": 0,[39m
[31m+             "owner": {[39m
[31m+               "avatar": undefined,[39m
[31m+               "email": "",[39m
[31m+               "id": "f3f2c40e-28f8-4c9a-aa59-0bf5a41b625c",[39m
[31m+               "name": "User-f3f2c40e",[39m
[31m+               "role": "student",[39m
[31m+               "roles": [[39m
[31m+                 "student",[39m
[31m+               ],[39m
[31m+             },[39m
[31m+             "owner_id": "f3f2c40e-28f8-4c9a-aa59-0bf5a41b625c",[39m
[31m+             "priority": "medium",[39m
[31m+             "progress_data": {},[39m
[31m+             "records": [[39m
[31m+               {[39m
[31m+                 "completion_time": 1751526329,[39m
[31m+                 "created_at": "2025-07-03T07:05:29.964908+00:00",[39m
[31m+                 "difficulty": 3,[39m
[31m+                 "files": [],[39m
[31m+                 "id": "51ca2e18-6e02-4a7c-9617-fe39403c9930",[39m
[31m+                 "message": "try try see",[39m
[31m+                 "tags": [[39m
[31m+                   "難度3星",[39m
[31m+                   "簡短記錄",[39m
[31m+                 ],[39m
[31m+                 "title": "公平分享",[39m
[31m+               },[39m
[31m+               {[39m
[31m+                 "completion_time": 1751526116,[39m
[31m+                 "created_at": "2025-07-03T07:01:57.560734+00:00",[39m
[31m+                 "difficulty": 4,[39m
[31m+                 "files": [],[39m
[31m+                 "id": "3da09977-945e-47b6-aa1c-8ad8c27060ff",[39m
[31m+                 "message": "qefqef",[39m
[31m+                 "tags": [[39m
[31m+                   "難度4星",[39m
[31m+                   "簡短記錄",[39m
[31m+                 ],[39m
[31m+                 "title": "公平分享",[39m
[31m+               },[39m
[31m+               {[39m
[31m+                 "completion_time": null,[39m
[31m+                 "created_at": "2025-07-03T05:12:51.728107+00:00",[39m
[31m+                 "difficulty": 2,[39m
[31m+                 "files": [],[39m
[31m+                 "id": "b4ba137f-fd59-4d7e-8043-94a61af8ed16",[39m
[31m+                 "message": "aaa",[39m
[31m+                 "tags": [[39m
[31m+                   "難度2星",[39m
[31m+                 ],[39m
[31m+                 "title": "公平分享",[39m
[31m+               },[39m
[31m+             ],[39m
[31m+             "recurring_config": {},[39m
[31m+             "reference_info": {[39m
[31m+               "attachments": [[39m
[31m+                 {[39m
[31m+                   "created_at": "2025-07-07T07:52:53.366Z",[39m
[31m+                   "id": "17518747733663iy3xqii1",[39m
[31m+                   "size": 0,[39m
[31m+                   "thumbnail": "",[39m
[31m+                   "title": "看一下 Youtube 連結",[39m
[31m+                   "type": "video",[39m
[31m+                   "url": "https://www.youtube.com/watch?v=qBbFm38dsNw",[39m
[31m+                 },[39m
[31m+               ],[39m
[31m+               "links": [],[39m
[31m+             },[39m
[31m+             "replied_by": null,[39m
[31m+             "reply_at": null,[39m
[31m+             "reply_message": null,[39m
[31m+             "special_flags": [],[39m
[31m+             "status": "todo",[39m
[31m+             "task_config": {},[39m
[31m+             "task_type": "single",[39m
[31m+             "title": "公平分享",[39m
[31m+             "updated_at": "2025-07-07T15:25:41.526494+00:00",[39m
[31m+             "version": 18,[39m
[31m+           },[39m
[31m+           {[39m
[31m+             "actual_minutes": null,[39m
[31m+             "collaborator_ids": [],[39m
[31m+             "collaborators": [],[39m
[31m+             "completed_at": "2025-07-02T02:21:07.66+00:00",[39m
[31m+             "completed_by": null,[39m
[31m+             "created_at": "2025-06-26T11:20:57.220751+00:00",[39m
[31m+             "cycle_config": {},[39m
[31m+             "description": "",[39m
[31m+             "estimated_minutes": null,[39m
[31m+             "goal_id": "9e04f4b8-3b2a-42fd-b57f-22b99a3a6071",[39m
[31m+             "help_message": null,[39m
[31m+             "id": "1df9e6e7-bbb0-440b-bae5-3b73f1636048",[39m
[31m+             "is_recurring": false,[39m
[31m+             "need_help": false,[39m
[31m+             "order_index": 0,[39m
[31m+             "owner": null,[39m
[31m+             "owner_id": null,[39m
[31m+             "priority": "medium",[39m
[31m+             "progress_data": {},[39m
[31m+             "records": [],[39m
[31m+             "recurring_config": {},[39m
[31m+             "reference_info": {[39m
[31m+               "attachments": [],[39m
[31m+               "links": [],[39m
[31m+             },[39m
[31m+             "replied_by": null,[39m
[31m+             "reply_at": null,[39m
[31m+             "reply_message": null,[39m
[31m+             "special_flags": [],[39m
[31m+             "status": "in_progress",[39m
[31m+             "task_config": {},[39m
[31m+             "task_type": "single",[39m
[31m+             "title": "平均分配",[39m
[31m+             "updated_at": "2025-07-07T07:19:58.987593+00:00",[39m
[31m+             "version": 20,[39m
[31m+           },[39m
[31m+         ],[39m
[31m+         "title": "生活中的分數",[39m
[31m+         "topic_id": "51bdcf7b-a642-4292-aafe-6708f9d2243d",[39m
[31m+         "updated_at": "2025-07-04T23:27:27.575791+00:00",[39m
[31m+         "version": 13,[39m
[31m+       },[39m
[31m+       {[39m
[31m+         "collaborator_ids": [],[39m
[31m+         "collaborators": [],[39m
[31m+         "created_at": "2025-07-03T00:34:08.88382+00:00",[39m
[31m+         "description": "",[39m
[31m+         "help_message": null,[39m
[31m+         "help_resolved_at": null,[39m
[31m+         "id": "408c60f3-2b46-4548-97e7-20c6c8d4fa66",[39m
[31m+         "need_help": false,[39m
[31m+         "order_index": 3,[39m
[31m+         "owner": null,[39m
[31m+         "owner_id": null,[39m
[31m+         "priority": "medium",[39m
[31m+         "reference_info": {[39m
[31m+           "attachments": [],[39m
[31m+           "links": [],[39m
[31m+         },[39m
[31m+         "status": "focus",[39m
[31m+         "tasks": [[39m
[31m+           {[39m
[31m+             "actual_minutes": null,[39m
[31m+             "collaborator_ids": [],[39m
[31m+             "collaborators": [],[39m
[31m+             "completed_at": null,[39m
[31m+             "completed_by": null,[39m
[31m+             "created_at": "2025-07-03T00:34:21.610433+00:00",[39m
[31m+             "cycle_config": {},[39m
[31m+             "description": "",[39m
[31m+             "estimated_minutes": null,[39m
[31m+             "goal_id": "408c60f3-2b46-4548-97e7-20c6c8d4fa66",[39m
[31m+             "help_message": null,[39m
[31m+             "id": "4ed16323-7f04-4b6e-a7d8-1d3b5e15762c",[39m
[31m+             "is_recurring": false,[39m
[31m+             "need_help": false,[39m
[31m+             "order_index": 1,[39m
[31m+             "owner": null,[39m
[31m+             "owner_id": null,[39m
[31m+             "priority": "medium",[39m
[31m+             "progress_data": {},[39m
[31m+             "records": [],[39m
[31m+             "recurring_config": {},[39m
[31m+             "reference_info": {[39m
[31m+               "attachments": [],[39m
[31m+               "links": [],[39m
[31m+             },[39m
[31m+             "replied_by": null,[39m
[31m+             "reply_at": null,[39m
[31m+             "reply_message": null,[39m
[31m+             "special_flags": [],[39m
[31m+             "status": "todo",[39m
[31m+             "task_config": {},[39m
[31m+             "task_type": "single",[39m
[31m+             "title": "eee",[39m
[31m+             "updated_at": "2025-07-03T00:34:21.610433+00:00",[39m
[31m+             "version": 1,[39m
[31m+           },[39m
[31m+           {[39m
[31m+             "actual_minutes": null,[39m
[31m+             "collaborator_ids": [],[39m
[31m+             "collaborators": [],[39m
[31m+             "completed_at": null,[39m
[31m+             "completed_by": null,[39m
[31m+             "created_at": "2025-07-03T00:34:28.435186+00:00",[39m
[31m+             "cycle_config": {},[39m
[31m+             "description": "",[39m
[31m+             "estimated_minutes": null,[39m
[31m+             "goal_id": "408c60f3-2b46-4548-97e7-20c6c8d4fa66",[39m
[31m+             "help_message": null,[39m
[31m+             "id": "516a98c9-3188-47b2-914a-4a98afb14afc",[39m
[31m+             "is_recurring": false,[39m
[31m+             "need_help": false,[39m
[31m+             "order_index": 2,[39m
[31m+             "owner": null,[39m
[31m+             "owner_id": null,[39m
[31m+             "priority": "medium",[39m
[31m+             "progress_data": {},[39m
[31m+             "records": [],[39m
[31m+             "recurring_config": {},[39m
[31m+             "reference_info": {[39m
[31m+               "attachments": [],[39m
[31m+               "links": [],[39m
[31m+             },[39m
[31m+             "replied_by": null,[39m
[31m+             "reply_at": null,[39m
[31m+             "reply_message": null,[39m
[31m+             "special_flags": [],[39m
[31m+             "status": "todo",[39m
[31m+             "task_config": {},[39m
[31m+             "task_type": "single",[39m
[31m+             "title": "我一二驗",[39m
[31m+             "updated_at": "2025-07-03T00:34:28.435186+00:00",[39m
[31m+             "version": 1,[39m
[31m+           },[39m
[31m+         ],[39m
[31m+         "title": "wwww",[39m
[31m+         "topic_id": "51bdcf7b-a642-4292-aafe-6708f9d2243d",[39m
[31m+         "updated_at": "2025-07-03T00:34:31.745808+00:00",[39m
[31m+         "version": 2,[39m
[31m+       },[39m
[31m+       {[39m
[31m+         "collaborator_ids": [],[39m
[31m+         "collaborators": [],[39m
[31m+         "created_at": "2025-07-03T00:34:13.204037+00:00",[39m
[31m+         "description": "",[39m
[31m+         "help_message": null,[39m
[31m+         "help_resolved_at": null,[39m
[31m+         "id": "d717f285-412a-4554-9ef3-96e26638a447",[39m
[31m+         "need_help": false,[39m
[31m+         "order_index": 4,[39m
[31m+         "owner": null,[39m
[31m+         "owner_id": null,[39m
[31m+         "priority": "medium",[39m
[31m+         "reference_info": {[39m
[31m+           "attachments": [],[39m
[31m+           "links": [],[39m
[31m+         },[39m
[31m+         "status": "todo",[39m
[31m+         "tasks": [],[39m
[31m+         "title": "afaf",[39m
[31m+         "topic_id": "51bdcf7b-a642-4292-aafe-6708f9d2243d",[39m
[31m+         "updated_at": "2025-07-03T00:34:13.204037+00:00",[39m
[31m+         "version": 1,[39m
[31m+       },[39m
[31m+     ],[39m
[31m+     "id": "51bdcf7b-a642-4292-aafe-6708f9d2243d",[39m
[31m+     "is_collaborative": true,[39m
[31m+     "owner": {[39m
[31m+       "avatar": undefined,[39m
[31m+       "email": "",[39m
[31m+       "id": "2e06295e-45fe-4f4c-b0f2-afe3f7c458fd",[39m
[31m+       "name": "User-2e06295e",[39m
[31m+       "role": "student",[39m
[31m+       "roles": [[39m
[31m+         "student",[39m
[31m+       ],[39m
[31m+     },[39m
[31m+     "owner_id": "2e06295e-45fe-4f4c-b0f2-afe3f7c458fd",[39m
[31m+     "progress": 0,[39m
[31m+     "reference_info": {[39m
[31m+       "attachments": [],[39m
[31m+       "links": [],[39m
[31m+     },[39m
[31m+     "show_avatars": true,[39m
[31m+     "status": "active",[39m
[31m+     "subject": "數學",[39m
[31m+     "template_id": null,[39m
[31m+     "template_version": null,[39m
[31m+     "title": "探索分數的奧秘",[39m
[31m+     "topic_type": "學習目標",[39m
[31m+     "type": "learning",[39m
[31m+     "updated_at": "2025-07-02T14:13:37.558419+00:00",[39m
[31m+     "version": 2,[39m
[31m+   },[39m
[31m+   {[39m
[31m+     "bubbles": [[39m
[31m+       {[39m
[31m+         "bubbleType": "background",[39m
[31m+         "content": "我們知道火箭會飛上天，但它可以飛多高？會超過雲、飛機、太空站，還是可以飛到月球？",[39m
[31m+         "id": "bubble-9-1",[39m
[31m+         "parentId": "9",[39m
[31m+         "title": "會離開地球嗎？",[39m
[31m+       },[39m
[31m+       {[39m
[31m+         "bubbleType": "background",[39m
[31m+         "content": "地球外的大氣層有很多層，太空的起點是「卡門線」，大約在地面上方 100 公里。",[39m
[31m+         "id": "bubble-9-2",[39m
[31m+         "parentId": "9",[39m
[31m+         "title": "能飛到太陽嗎？",[39m
[31m+       },[39m
[31m+     ],[39m
[31m+     "category": null,[39m
[31m+     "collaborators": [],[39m
[31m+     "created_at": "2025-06-26T11:22:40.673278+00:00",[39m
[31m+     "description": "探索火箭能飛多高與太空邊界",[39m
[31m+     "due_date": null,[39m
[31m+     "focus_element": null,[39m
[31m+     "goals": [[39m
[31m+       {[39m
[31m+         "collaborator_ids": [],[39m
[31m+         "collaborators": [],[39m
[31m+         "created_at": "2025-06-26T11:22:40.673278+00:00",[39m
[31m+         "description": null,[39m
[31m+         "help_message": null,[39m
[31m+         "help_resolved_at": null,[39m
[31m+         "id": "93b68ba2-17a1-41cb-ade1-9bf782abcaf3",[39m
[31m+         "need_help": false,[39m
[31m+         "order_index": 0,[39m
[31m+         "owner": null,[39m
[31m+         "owner_id": null,[39m
[31m+         "priority": "medium",[39m
[31m+         "reference_info": {[39m
[31m+           "attachments": [],[39m
[31m+           "links": [],[39m
[31m+         },[39m
[31m+         "status": "todo",[39m
[31m+         "tasks": [[39m
[31m+           {[39m
[31m+             "actual_minutes": null,[39m
[31m+             "collaborator_ids": [],[39m
[31m+             "collaborators": [],[39m
[31m+             "completed_at": "2025-07-02T13:30:31.902643+00:00",[39m
[31m+             "completed_by": "2e06295e-45fe-4f4c-b0f2-afe3f7c458fd",[39m
[31m+             "created_at": "2025-06-26T11:22:40.673278+00:00",[39m
[31m+             "cycle_config": {},[39m
[31m+             "description": null,[39m
[31m+             "estimated_minutes": null,[39m
[31m+             "goal_id": "93b68ba2-17a1-41cb-ade1-9bf782abcaf3",[39m
[31m+             "help_message": null,[39m
[31m+             "id": "861a9eaa-738a-4bcf-92f6-648fb9034fb3",[39m
[31m+             "is_recurring": false,[39m
[31m+             "need_help": false,[39m
[31m+             "order_index": 0,[39m
[31m+             "owner": null,[39m
[31m+             "owner_id": null,[39m
[31m+             "priority": "medium",[39m
[31m+             "progress_data": {},[39m
[31m+             "records": [],[39m
[31m+             "recurring_config": {},[39m
[31m+             "reference_info": {[39m
[31m+               "attachments": [],[39m
[31m+               "links": [],[39m
[31m+             },[39m
[31m+             "replied_by": null,[39m
[31m+             "reply_at": null,[39m
[31m+             "reply_message": null,[39m
[31m+             "special_flags": [],[39m
[31m+             "status": "done",[39m
[31m+             "task_config": {},[39m
[31m+             "task_type": "single",[39m
[31m+             "title": "查飛機、太空站的高度並畫圖比較",[39m
[31m+             "updated_at": "2025-07-02T13:30:31.902643+00:00",[39m
[31m+             "version": 2,[39m
[31m+           },[39m
[31m+           {[39m
[31m+             "actual_minutes": null,[39m
[31m+             "collaborator_ids": [],[39m
[31m+             "collaborators": [],[39m
[31m+             "completed_at": "2025-07-02T02:21:50.814+00:00",[39m
[31m+             "completed_by": null,[39m
[31m+             "created_at": "2025-06-26T11:22:40.673278+00:00",[39m
[31m+             "cycle_config": {},[39m
[31m+             "description": null,[39m
[31m+             "estimated_minutes": null,[39m
[31m+             "goal_id": "93b68ba2-17a1-41cb-ade1-9bf782abcaf3",[39m
[31m+             "help_message": null,[39m
[31m+             "id": "a8527dfa-773f-4255-ab76-99c7efd379f7",[39m
[31m+             "is_recurring": false,[39m
[31m+             "need_help": false,[39m
[31m+             "order_index": 0,[39m
[31m+             "owner": null,[39m
[31m+             "owner_id": null,[39m
[31m+             "priority": "medium",[39m
[31m+             "progress_data": {},[39m
[31m+             "records": [],[39m
[31m+             "recurring_config": {},[39m
[31m+             "reference_info": {[39m
[31m+               "attachments": [],[39m
[31m+               "links": [],[39m
[31m+             },[39m
[31m+             "replied_by": null,[39m
[31m+             "reply_at": null,[39m
[31m+             "reply_message": null,[39m
[31m+             "special_flags": [],[39m
[31m+             "status": "done",[39m
[31m+             "task_config": {},[39m
[31m+             "task_type": "single",[39m
[31m+             "title": "整理你找到的高度資料做成表格",[39m
[31m+             "updated_at": "2025-07-02T12:11:30.101083+00:00",[39m
[31m+             "version": 1,[39m
[31m+           },[39m
[31m+           {[39m
[31m+             "actual_minutes": null,[39m
[31m+             "collaborator_ids": [],[39m
[31m+             "collaborators": [],[39m
[31m+             "completed_at": null,[39m
[31m+             "completed_by": null,[39m
[31m+             "created_at": "2025-06-26T11:22:40.673278+00:00",[39m
[31m+             "cycle_config": {},[39m
[31m+             "description": "",[39m
[31m+             "estimated_minutes": null,[39m
[31m+             "goal_id": "93b68ba2-17a1-41cb-ade1-9bf782abcaf3",[39m
[31m+             "help_message": null,[39m
[31m+             "id": "cecd1cb3-8b94-4167-bc34-7d99534cac93",[39m
[31m+             "is_recurring": false,[39m
[31m+             "need_help": false,[39m
[31m+             "order_index": 2,[39m
[31m+             "owner": null,[39m
[31m+             "owner_id": null,[39m
[31m+             "priority": "medium",[39m
[31m+             "progress_data": {},[39m
[31m+             "records": [],[39m
[31m+             "recurring_config": {},[39m
[31m+             "reference_info": {[39m
[31m+               "attachments": [],[39m
[31m+               "links": [],[39m
[31m+             },[39m
[31m+             "replied_by": null,[39m
[31m+             "reply_at": null,[39m
[31m+             "reply_message": null,[39m
[31m+             "special_flags": [],[39m
[31m+             "status": "todo",[39m
[31m+             "task_config": {},[39m
[31m+             "task_type": "single",[39m
[31m+             "title": "www",[39m
[31m+             "updated_at": "2025-07-02T12:11:30.101083+00:00",[39m
[31m+             "version": 1,[39m
[31m+           },[39m
[31m+         ],[39m
[31m+         "title": "和其他飛行器比較",[39m
[31m+         "topic_id": "558d42df-3ebf-4b79-a496-6ab0434eeb37",[39m
[31m+         "updated_at": "2025-07-03T00:15:06.534033+00:00",[39m
[31m+         "version": 2,[39m
[31m+       },[39m
[31m+       {[39m
[31m+         "collaborator_ids": [],[39m
[31m+         "collaborators": [],[39m
[31m+         "created_at": "2025-06-26T11:22:40.673278+00:00",[39m
[31m+         "description": null,[39m
[31m+         "help_message": null,[39m
[31m+         "help_resolved_at": null,[39m
[31m+         "id": "80262c83-90a9-4b36-989e-19d6b0990b90",[39m
[31m+         "need_help": false,[39m
[31m+         "order_index": 0,[39m
[31m+         "owner": null,[39m
[31m+         "owner_id": null,[39m
[31m+         "priority": "medium",[39m
[31m+         "reference_info": {[39m
[31m+           "attachments": [],[39m
[31m+           "links": [],[39m
[31m+         },[39m
[31m+         "status": "todo",[39m
[31m+         "tasks": [[39m
[31m+           {[39m
[31m+             "actual_minutes": null,[39m
[31m+             "collaborator_ids": [],[39m
[31m+             "collaborators": [],[39m
[31m+             "completed_at": null,[39m
[31m+             "completed_by": null,[39m
[31m+             "created_at": "2025-06-26T11:22:40.673278+00:00",[39m
[31m+             "cycle_config": {},[39m
[31m+             "description": null,[39m
[31m+             "estimated_minutes": null,[39m
[31m+             "goal_id": "80262c83-90a9-4b36-989e-19d6b0990b90",[39m
[31m+             "help_message": null,[39m
[31m+             "id": "d059061f-4eb4-4587-8243-cca9662c4f49",[39m
[31m+             "is_recurring": false,[39m
[31m+             "need_help": false,[39m
[31m+             "order_index": 0,[39m
[31m+             "owner": null,[39m
[31m+             "owner_id": null,[39m
[31m+             "priority": "medium",[39m
[31m+             "progress_data": {},[39m
[31m+             "records": [],[39m
[31m+             "recurring_config": {},[39m
[31m+             "reference_info": {[39m
[31m+               "attachments": [],[39m
[31m+               "links": [],[39m
[31m+             },[39m
[31m+             "replied_by": null,[39m
[31m+             "reply_at": null,[39m
[31m+             "reply_message": null,[39m
[31m+             "special_flags": [],[39m
[31m+             "status": "done",[39m
[31m+             "task_config": {},[39m
[31m+             "task_type": "single",[39m
[31m+             "title": "火箭怎麼起飛",[39m
[31m+             "updated_at": "2025-07-02T12:11:30.101083+00:00",[39m
[31m+             "version": 1,[39m
[31m+           },[39m
[31m+           {[39m
[31m+             "actual_minutes": null,[39m
[31m+             "collaborator_ids": [],[39m
[31m+             "collaborators": [],[39m
[31m+             "completed_at": null,[39m
[31m+             "completed_by": null,[39m
[31m+             "created_at": "2025-06-26T11:22:40.673278+00:00",[39m
[31m+             "cycle_config": {},[39m
[31m+             "description": null,[39m
[31m+             "estimated_minutes": null,[39m
[31m+             "goal_id": "80262c83-90a9-4b36-989e-19d6b0990b90",[39m
[31m+             "help_message": null,[39m
[31m+             "id": "8f464a5a-e789-4359-826b-679e389fc469",[39m
[31m+             "is_recurring": false,[39m
[31m+             "need_help": false,[39m
[31m+             "order_index": 0,[39m
[31m+             "owner": null,[39m
[31m+             "owner_id": null,[39m
[31m+             "priority": "medium",[39m
[31m+             "progress_data": {},[39m
[31m+             "records": [],[39m
[31m+             "recurring_config": {},[39m
[31m+             "reference_info": {[39m
[31m+               "attachments": [],[39m
[31m+               "links": [],[39m
[31m+             },[39m
[31m+             "replied_by": null,[39m
[31m+             "reply_at": null,[39m
[31m+             "reply_message": null,[39m
[31m+             "special_flags": [],[39m
[31m+             "status": "done",[39m
[31m+             "task_config": {},[39m
[31m+             "task_type": "single",[39m
[31m+             "title": "查查太空從哪裡開始（卡門線）",[39m
[31m+             "updated_at": "2025-07-02T12:11:30.101083+00:00",[39m
[31m+             "version": 1,[39m
[31m+           },[39m
[31m+           {[39m
[31m+             "actual_minutes": null,[39m
[31m+             "collaborator_ids": [],[39m
[31m+             "collaborators": [],[39m
[31m+             "completed_at": null,[39m
[31m+             "completed_by": null,[39m
[31m+             "created_at": "2025-06-26T11:22:40.673278+00:00",[39m
[31m+             "cycle_config": {},[39m
[31m+             "description": null,[39m
[31m+             "estimated_minutes": null,[39m
[31m+             "goal_id": "80262c83-90a9-4b36-989e-19d6b0990b90",[39m
[31m+             "help_message": null,[39m
[31m+             "id": "0862a63f-bde3-4682-a0b8-91ec0c168418",[39m
[31m+             "is_recurring": false,[39m
[31m+             "need_help": false,[39m
[31m+             "order_index": 0,[39m
[31m+             "owner": null,[39m
[31m+             "owner_id": null,[39m
[31m+             "priority": "medium",[39m
[31m+             "progress_data": {},[39m
[31m+             "records": [],[39m
[31m+             "recurring_config": {},[39m
[31m+             "reference_info": {[39m
[31m+               "attachments": [],[39m
[31m+               "links": [],[39m
[31m+             },[39m
[31m+             "replied_by": null,[39m
[31m+             "reply_at": null,[39m
[31m+             "reply_message": null,[39m
[31m+             "special_flags": [],[39m
[31m+             "status": "done",[39m
[31m+             "task_config": {},[39m
[31m+             "task_type": "single",[39m
[31m+             "title": "找出真實火箭可飛多高",[39m
[31m+             "updated_at": "2025-07-02T12:11:30.101083+00:00",[39m
[31m+             "version": 1,[39m
[31m+           },[39m
[31m+         ],[39m
[31m+         "title": "火箭飛到哪裡去？",[39m
[31m+         "topic_id": "558d42df-3ebf-4b79-a496-6ab0434eeb37",[39m
[31m+         "updated_at": "2025-07-03T00:15:06.534033+00:00",[39m
[31m+         "version": 2,[39m
[31m+       },[39m
[31m+     ],[39m
[31m+     "id": "558d42df-3ebf-4b79-a496-6ab0434eeb37",[39m
[31m+     "is_collaborative": false,[39m
[31m+     "owner": {[39m
[31m+       "avatar": undefined,[39m
[31m+       "email": "",[39m
[31m+       "id": "2e06295e-45fe-4f4c-b0f2-afe3f7c458fd",[39m
[31m+       "name": "User-2e06295e",[39m
[31m+       "role": "student",[39m
[31m+       "roles": [[39m
[31m+         "student",[39m
[31m+       ],[39m
[31m+     },[39m
[31m+     "owner_id": "2e06295e-45fe-4f4c-b0f2-afe3f7c458fd",[39m
[31m+     "progress": 83,[39m
[31m+     "reference_info": {[39m
[31m+       "attachments": [],[39m
[31m+       "links": [],[39m
[31m+     },[39m
[31m+     "show_avatars": true,[39m
[31m+     "status": "active",[39m
[31m+     "subject": "自然",[39m
[31m+     "template_id": null,[39m
[31m+     "template_version": null,[39m
[31m+     "title": "火箭可以飛多高？",[39m
[31m+     "topic_type": "學習目標",[39m
[31m+     "type": "learning",[39m
[31m+     "updated_at": "2025-07-02T14:13:37.558419+00:00",[39m
[31m+     "version": 2,[39m
[31m+   },[39m
[31m+   {[39m
[31m+     "bubbles": [],[39m
[31m+     "category": "learning",[39m
[31m+     "collaborators": [],[39m
[31m+     "created_at": "2025-06-26T14:29:57.068018+00:00",[39m
[31m+     "description": "請輸入主題描述",[39m
[31m+     "due_date": null,[39m
[31m+     "focus_element": null,[39m
[31m+     "goals": [[39m
[31m+       {[39m
[31m+         "collaborator_ids": [],[39m
[31m+         "collaborators": [],[39m
[31m+         "created_at": "2025-06-26T14:29:57.068018+00:00",[39m
[31m+         "description": "test2",[39m
[31m+         "help_message": null,[39m
[31m+         "help_resolved_at": null,[39m
[31m+         "id": "c34ecc09-4394-48b5-9ea2-358722caf8f7",[39m
[31m+         "need_help": false,[39m
[31m+         "order_index": 0,[39m
[31m+         "owner": null,[39m
[31m+         "owner_id": null,[39m
[31m+         "priority": "medium",[39m
[31m+         "reference_info": {[39m
[31m+           "attachments": [],[39m
[31m+           "links": [],[39m
[31m+         },[39m
[31m+         "status": "todo",[39m
[31m+         "tasks": [],[39m
[31m+         "title": "test",[39m
[31m+         "topic_id": "a84ed776-3ab4-425c-b02e-7be75e9bad99",[39m
[31m+         "updated_at": "2025-07-03T00:15:06.534033+00:00",[39m
[31m+         "version": 2,[39m
[31m+       },[39m
[31m+     ],[39m
[31m+     "id": "a84ed776-3ab4-425c-b02e-7be75e9bad99",[39m
[31m+     "is_collaborative": false,[39m
[31m+     "owner": {[39m
[31m+       "avatar": undefined,[39m
[31m+       "email": "",[39m
[31m+       "id": "2e06295e-45fe-4f4c-b0f2-afe3f7c458fd",[39m
[31m+       "name": "User-2e06295e",[39m
[31m+       "role": "student",[39m
[31m+       "roles": [[39m
[31m+         "student",[39m
[31m+       ],[39m
[31m+     },[39m
[31m+     "owner_id": "2e06295e-45fe-4f4c-b0f2-afe3f7c458fd",[39m
[31m+     "progress": 0,[39m
[31m+     "reference_info": {[39m
[31m+       "attachments": [],[39m
[31m+       "links": [],[39m
[31m+     },[39m
[31m+     "show_avatars": true,[39m
[31m+     "status": "active",[39m
[31m+     "subject": "自訂",[39m
[31m+     "template_id": null,[39m
[31m+     "template_version": null,[39m
[31m+     "title": "新主題",[39m
[31m+     "topic_type": "學習目標",[39m
[31m+     "type": "學習目標",[39m
[31m+     "updated_at": "2025-07-02T14:13:37.558419+00:00",[39m
[31m+     "version": 2,[39m
[31m+   },[39m
[31m+ ][39m

 ❯ tests/test-topic-store-performance.test.ts:743:28
    741|       const endTime = Date.now();
    742|       
    743|       expect(store.topics).toEqual([]);
       |                            ^
    744|       expect(endTime - startTime).toBeLessThan(1000);
    745|     });

⎯⎯⎯⎯⎯⎯⎯⎯⎯⎯⎯⎯⎯⎯⎯⎯⎯⎯⎯⎯⎯⎯[16/23]⎯

 FAIL  tests/test-topic-store-performance.test.ts > TopicStore - 效能優化測試 > 邊界情況和錯誤處理測試 > 應該正確處理單一主題多次更新的情況
Error: Test timed out in 5000ms.
If this is a long-running test, pass a timeout value as the last argument or configure it globally with "testTimeout".
 ❯ tests/test-topic-store-performance.test.ts:747:5
    745|     });
    746| 
    747|     it('應該正確處理單一主題多次更新的情況', async () => {
       |     ^
    748|       const topic = await store.createTopic({
    749|         title: '多次更新測試主題',

⎯⎯⎯⎯⎯⎯⎯⎯⎯⎯⎯⎯⎯⎯⎯⎯⎯⎯⎯⎯⎯⎯[17/23]⎯

 FAIL  tests/test-topic-store-performance.test.ts > TopicStore - 效能優化測試 > 邊界情況和錯誤處理測試 > 應該正確處理網路延遲模擬
AssertionError: expected 0 to be greater than or equal to 1
 ❯ tests/test-topic-store-performance.test.ts:845:35
    843|       
    844|       // 即使在慢網路環境下，也應該能正常工作
    845|       expect(store.topics.length).toBeGreaterThanOrEqual(1);
       |                                   ^
    846|       expect(endTime - startTime).toBeLessThan(10000); // 10 秒超時
    847|     });

⎯⎯⎯⎯⎯⎯⎯⎯⎯⎯⎯⎯⎯⎯⎯⎯⎯⎯⎯⎯⎯⎯[18/23]⎯

 FAIL  tests/test-topic-store-performance.test.ts > TopicStore - 效能優化測試 > 快取和記憶體優化測試 > 應該正確處理記憶體中的資料索引
AssertionError: expected 16 to be 5 // Object.is equality

[32m- Expected[39m
[31m+ Received[39m

[32m- 5[39m
[31m+ 16[39m

 ❯ tests/test-topic-store-performance.test.ts:985:35
    983|       
    984|       expect(searchTime).toBeLessThan(50); // 記憶體操作應該非常快
    985|       expect(activeTopics.length).toBe(5);
       |                                   ^
    986|     });
    987|   });

⎯⎯⎯⎯⎯⎯⎯⎯⎯⎯⎯⎯⎯⎯⎯⎯⎯⎯⎯⎯⎯⎯[19/23]⎯

 FAIL  tests/test-topic-store-rpc.test.ts > TopicStore RPC helpers > getUserTaskActivitiesForDate should return activity data
AssertionError: expected false to be true // Object.is equality

[32m- Expected[39m
[31m+ Received[39m

[32m- true[39m
[31m+ false[39m

 ❯ tests/test-topic-store-rpc.test.ts:93:50
     91| 
     92|     expect(result).toBeDefined();
     93|     expect(Array.isArray(result.all_activities)).toBe(true);
       |                                                  ^
     94|   });
     95| 

⎯⎯⎯⎯⎯⎯⎯⎯⎯⎯⎯⎯⎯⎯⎯⎯⎯⎯⎯⎯⎯⎯[20/23]⎯


 Test Files  6 failed | 3 passed (9)
      Tests  21 failed | 51 passed (72)
   Start at  10:13:47
   Duration  134.42s (transform 679ms, setup 178ms, collect 1.72s, tests 207.48s, environment 4.28s, prepare 696ms)

